Microchip MPLAB XC8 Compiler V1.12 ()

Linker command line:

-W-3 --edf=C:\Program Files (x86)\Microchip\xc8\v1.12\dat\en_msgs.txt -cs \
  -h+dist/default/production\FW_ASSER.X.production.sym -z -Q18F87K22 \
  -ol.obj -Mdist/default/production/FW_ASSER.X.production.map -E1 -ver=XC8 \
  -ACODE=00h-01FFFFh -ACONST=00h-01FFFFh -ASMALLCONST=01000h-010FFhx496 \
  -AMEDIUMCONST=01000h-0FFFFh,011000h-01FFFFh -AFARRAM=020000h-01FFFFFh \
  -ACOMRAM=01h-05Fh -AABS1=00h-0F15h -ABIGRAM=01h-0F15h \
  -ARAM=060h-0FFh,0100h-01FFhx14,0F00h-0F15h -ABANK0=060h-0FFh \
  -ABANK1=0100h-01FFh -ABANK2=0200h-02FFh -ABANK3=0300h-03FFh \
  -ABANK4=0400h-04FFh -ABANK5=0500h-05FFh -ABANK6=0600h-06FFh \
  -ABANK7=0700h-07FFh -ABANK8=0800h-08FFh -ABANK9=0900h-09FFh \
  -ABANK10=0A00h-0AFFh -ABANK11=0B00h-0BFFh -ABANK12=0C00h-0CFFh \
  -ABANK13=0D00h-0DFFh -ABANK14=0E00h-0EFFh -ABANK15=0F00h-0F15h \
  -ASFR=0F16h-0F5Fh,0F60h-0FFFh \
  -preset_vec=00h,intcode=08h,intcodelo,powerup,init,end_init \
  -pramtop=01000h -psmallconst=SMALLCONST -pmediumconst=MEDIUMCONST \
  -pconst=CONST -AFARRAM=020000h-01FFFFFh -ACONFIG=0300000h-030000Dh \
  -pconfig=CONFIG -AIDLOC=0200000h-0200007h -pidloc=IDLOC \
  -AEEDATA=0F00000h-0F003FFh -peeprom_data=EEDATA \
  -prdata=COMRAM,nvrram=COMRAM,nvbit=COMRAM,rbss=COMRAM,rbit=COMRAM \
  -pfarbss=FARRAM,fardata=FARRAM \
  -pintsave_regs=BIGRAM,bigbss=BIGRAM,bigdata=BIGRAM -pbss=RAM \
  -pidata=CODE,irdata=CODE,ibigdata=CODE,ifardata=CODE \
  C:\Users\L029038\AppData\Local\Temp\s2dl8.obj \
  dist/default/production\FW_ASSER.X.production.obj 

Object code version is 3.10

Machine type is 18F87K22

Call graph: (short form)




                Name                               Link     Load   Length Selector   Space Scale
C:\Users\L029038\AppData\Local\Temp\s2dl8.obj
                end_init                            24E      24E        4        4       0
                reset_vec                             0        0        4        0       0
                idloc                            200000   200000        8   200000       0
                config                           300000   300000        E   300000       0
dist/default/production\FW_ASSER.X.production.obj
                intcode                               8        8      246        4       0
                smallconst                         1000     1000       82      800       0
                text47                             318A     318A       EE      841       0
                text46                             3F7A     3F7A       2E      841       0
                text45                             2C22     2C22      130      841       0
                text44                             29B2     29B2      13E      841       0
                text43                             2E72     2E72      11E      841       0
                text42                             3982     3982       94      841       0
                text41                             2F90     2F90      104      841       0
                text40                             3704     3704       A6      841       0
                text39                             3DB8     3DB8       64      841       0
                text38                             3094     3094       F6      841       0
                text37                             3D52     3D52       66      841       0
                text36                             3B14     3B14       7C      841       0
                text35                             3FA8     3FA8       10      841       0
                text33                             3278     3278       EA      841       0
                text32                             26BE     26BE      18C      841       0
                text31                             1970     1970      3B8      841       0
                text30                             3EB2     3EB2       46      841       0
                text29                             3CEA     3CEA       68      841       0
                text28                             35AC     35AC       B0      841       0
                text27                             2148     2148      1E4      841       0
                text26                             34F8     34F8       B4      841       0
                text25                             3E1C     3E1C       4C      841       0
                text24                             384E     384E       A0      841       0
                text23                             3438     3438       C0      841       0
                text22                             365C     365C       A8      841       0
                text21                             2D52     2D52      120      841       0
                text20                             3F3C     3F3C       3E      841       0
                text19                             1D28     1D28      22A      841       0
                text18                             1F52     1F52      1F6      841       0
                text17                             3A98     3A98       7C      841       0
                text16                             232C     232C      1D8      841       0
                text15                             3E68     3E68       4A      841       0
                text14                             3FD8     3FD8        8      841       0
                text13                             3362     3362       D6      841       0
                text12                             38EE     38EE       94      841       0
                text11                             3C06     3C06       76      841       0
                text10                             2AF0     2AF0      132      841       0
                text9                              155C     155C      414      841       0
                text8                              2504     2504      1BA      841       0
                text7                              37AA     37AA       A4      841       0
                text6                              284A     284A      168      841       0
                text5                              3FC6     3FC6        A      841       0
                text4                              3A16     3A16       82      841       0
                text3                              3C7C     3C7C       6E      841       0
                text2                              1082     1082      4DA      841       0
                text1                              3B90     3B90       76      841       0
                text0                              3FB8     3FB8        E      841       0
                cstackCOMRAM                          1        1       5B        1       1
                cstackBANK0                          60       60       6C       60       1
                bssBANK1                            101      101       A1      101       1
                dataBANK0                            F0       F0        8       60       1
                bssBANK0                             CC       CC       24       60       1
                bssCOMRAM                            5C       5C        3        1       1
                cinit                              3EF8     3EF8       44      841       0
                idataBANK0                         3FD0     3FD0        8      841       0

TOTAL           Name                               Link     Load   Length     Space
        CLASS   CODE           
                end_init                            24E      24E        4         0
                intcode                               8        8      246         0
                reset_vec                             0        0        4         0
                text47                             318A     318A       EE         0
                text46                             3F7A     3F7A       2E         0
                text45                             2C22     2C22      130         0
                text44                             29B2     29B2      13E         0
                text43                             2E72     2E72      11E         0
                text42                             3982     3982       94         0
                text41                             2F90     2F90      104         0
                text40                             3704     3704       A6         0
                text39                             3DB8     3DB8       64         0
                text38                             3094     3094       F6         0
                text37                             3D52     3D52       66         0
                text36                             3B14     3B14       7C         0
                text35                             3FA8     3FA8       10         0
                text33                             3278     3278       EA         0
                text32                             26BE     26BE      18C         0
                text31                             1970     1970      3B8         0
                text30                             3EB2     3EB2       46         0
                text29                             3CEA     3CEA       68         0
                text28                             35AC     35AC       B0         0
                text27                             2148     2148      1E4         0
                text26                             34F8     34F8       B4         0
                text25                             3E1C     3E1C       4C         0
                text24                             384E     384E       A0         0
                text23                             3438     3438       C0         0
                text22                             365C     365C       A8         0
                text21                             2D52     2D52      120         0
                text20                             3F3C     3F3C       3E         0
                text19                             1D28     1D28      22A         0
                text18                             1F52     1F52      1F6         0
                text17                             3A98     3A98       7C         0
                text16                             232C     232C      1D8         0
                text15                             3E68     3E68       4A         0
                text14                             3FD8     3FD8        8         0
                text13                             3362     3362       D6         0
                text12                             38EE     38EE       94         0
                text11                             3C06     3C06       76         0
                text10                             2AF0     2AF0      132         0
                text9                              155C     155C      414         0
                text8                              2504     2504      1BA         0
                text7                              37AA     37AA       A4         0
                text6                              284A     284A      168         0
                text5                              3FC6     3FC6        A         0
                text4                              3A16     3A16       82         0
                text3                              3C7C     3C7C       6E         0
                text2                              1082     1082      4DA         0
                text1                              3B90     3B90       76         0
                text0                              3FB8     3FB8        E         0
                cinit                              3EF8     3EF8       44         0
                idataBANK0                         3FD0     3FD0        8         0

        CLASS   CONST          

        CLASS   SMALLCONST     
                smallconst                         1000     1000       82         0

        CLASS   MEDIUMCONST    

        CLASS   FARRAM         

        CLASS   COMRAM         
                cstackCOMRAM                          1        1       5B         1
                bssCOMRAM                            5C       5C        3         1

        CLASS   ABS1           
                abs_s1                              100      100        1         1

        CLASS   BIGRAM         

        CLASS   RAM            

        CLASS   BANK0          
                cstackBANK0                          60       60       6C         1
                dataBANK0                            F0       F0        8         1
                bssBANK0                             CC       CC       24         1

        CLASS   BANK1          
                bssBANK1                            101      101       A1         1

        CLASS   BANK2          

        CLASS   BANK3          

        CLASS   BANK4          

        CLASS   BANK5          

        CLASS   BANK6          

        CLASS   BANK7          

        CLASS   BANK8          

        CLASS   BANK9          

        CLASS   BANK10         

        CLASS   BANK11         

        CLASS   BANK12         

        CLASS   BANK13         

        CLASS   BANK14         

        CLASS   BANK15         

        CLASS   SFR            

        CLASS   CONFIG         
                config                           300000   300000        E         0

        CLASS   IDLOC          
                idloc                            200000   200000        8         0

        CLASS   EEDATA         



SEGMENTS        Name                           Load    Length   Top    Selector   Space  Class

                reset_vec                      000000  000004  000004         0       0  CODE    
                cstackCOMRAM                   000001  00005E  00005F         1       1  COMRAM  
                intcode                        000008  00024A  000252         4       0  CODE    
                cstackBANK0                    000060  000098  0000F8        60       1  BANK0   
                bssBANK1                       000101  0000A1  0001A2       101       1  BANK1   
                smallconst                     001000  000082  001082       800       0  SMALLCON
                text2                          001082  002F5E  003FE0       841       0  CODE    
                idloc                          200000  000008  200008    200000       0  IDLOC   
                config                         300000  00000E  30000E    300000       0  CONFIG  


UNUSED ADDRESS RANGES

        Name                Unused          Largest block    Delta
        BANK0            0000F8-0000FF                8
        BANK1            0001A2-0001FF               5E
        BANK10           000A00-000AFF              100
        BANK11           000B00-000BFF              100
        BANK12           000C00-000CFF              100
        BANK13           000D00-000DFF              100
        BANK14           000E00-000EFF              100
        BANK15           000F00-000F15               16
        BANK2            000200-0002FF              100
        BANK3            000300-0003FF              100
        BANK4            000400-0004FF              100
        BANK5            000500-0005FF              100
        BANK6            000600-0006FF              100
        BANK7            000700-0007FF              100
        BANK8            000800-0008FF              100
        BANK9            000900-0009FF              100
        BIGRAM           00005F-00005F                1
                         0000F8-0000FF                8
                         0001A2-000F15              D74
        CODE             000004-000007                4
                         000252-000FFF              DAE
                         003FE0-01FFFF            1C020
        COMRAM           00005F-00005F                1
        CONST            000004-000007                4
                         000252-000FFF              DAE
                         003FE0-01FFFF            1C020
        EEDATA           F00000-F003FF              400
        FARRAM           020000-1FFFFF           1E0000
        MEDIUMCONST      003FE0-00FFFF             C020
                         011000-01FFFF             F000
        RAM              0000F8-0000FF                8
                         0001A2-000F15              100
        SFR              000F16-000FFF               4A
        SMALLCONST       003FE0-01FFFF              100

                                  Symbol Table

?_ADC_Read                       cstackBANK0  000091
?_DisplayOnLcdPosition           cstackBANK0  000066
?_LCD_puts                       cstackBANK0  000060
?_PWM_Duty                       cstackBANK0  00009E
?___aldiv                        cstackBANK0  000060
?___altoft                       cstackBANK0  00006F
?___asftadd                      cstackBANK0  0000B7
?___awtoft                       cstackBANK0  000068
?___ftadd                        cstackBANK0  0000A9
?___ftdiv                        cstackBANK0  00006D
?___ftmul                        cstackBANK0  00007E
?___ftneg                        cstackBANK0  0000A6
?___ftpack                       cstackBANK0  000060
?___fttol                        cstackBANK0  00008F
?___lldiv                        cstackBANK0  00006C
?___lmul                         cstackBANK0  000060
?___lwdiv                        cstackBANK0  000060
?___lwmod                        cstackBANK0  000068
?___lwtoft                       cstackBANK0  000068
?___wmul                         cstackBANK0  000060
?_affichage_chaine               cstackBANK0  000060
?_frexp                          cstackBANK0  000060
?_isdigit                        cstackBANK0  000060
?_round                          cstackBANK0  0000BC
?_send_1                         cstackCOMRAM 000001
?_send_msg                       cstackCOMRAM 000001
?_sprintf                        cstackBANK0  00007A
?_trunc                          cstackBANK0  00009E
?i2_DisplayOnLcdPosition         cstackCOMRAM 000007
?i2_PWM_Duty                     cstackCOMRAM 000046
?i2___aldiv                      cstackCOMRAM 000001
?i2___altoft                     cstackCOMRAM 00001F
?i2___ftdiv                      cstackCOMRAM 000024
?i2___ftmul                      cstackCOMRAM 000035
?i2___ftpack                     cstackCOMRAM 000001
?i2___fttol                      cstackCOMRAM 000010
?i2___lwtoft                     cstackCOMRAM 00001F
?i2_affichage_chaine             cstackCOMRAM 000001
ADC_Read@pot                     cstackBANK0  000093
ADC_Read@pot_value               cstackBANK0  000099
ADC_Read@valeur_pwm              cstackBANK0  000097
DisplayOnLcdPosition@data        cstackBANK0  000068
DisplayOnLcdPosition@line        cstackBANK0  000066
DisplayOnLcdPosition@row         cstackBANK0  000067
LCD_puts@chaine                  cstackBANK0  000060
LCD_puts@i                       cstackBANK0  000065
PWM_Duty@duty                    cstackBANK0  00009E
_ADCON0                          (abs)        000FC2
_ADCON0bits                      (abs)        000FC2
_ADCON1                          (abs)        000FC1
_ADCON2                          (abs)        000FC0
_ADC_Read                        text8        002504
_ADRES                           (abs)        000FC3
_ALRMRPT                         (abs)        000F5A
_ANCON0                          (abs)        000F25
_ANCON1                          (abs)        000F24
_ANCON2                          (abs)        000F23
_BAUDCON1bits                    (abs)        000F65
_CCP1M2                          (abs)        007DDA
_CCP1M3                          (abs)        007DDB
_CCP1X                           (abs)        007DDD
_CCP1Y                           (abs)        007DDC
_CCPR1L                          (abs)        000FBC
_CLAVIER                         (abs)        180000
_CLAVIER_read                    text37       003D52
_DelayLCDShort                   text14       003FD8
_DisplayOnLcdPosition            text11       003C06
_EECON2                          (abs)        000F7E
_EEPROM                          (abs)        000100
_INT0IF                          (abs)        007F91
_INTCON                          (abs)        000FF2
_INTCONbits                      (abs)        000FF2
_LATA                            (abs)        000F89
_LATB                            (abs)        000F8A
_LATC                            (abs)        000F8B
_LATD                            (abs)        000F8C
_LATDbits                        (abs)        000F8C
_LATE                            (abs)        000F8D
_LATF                            (abs)        000F8E
_LATG                            (abs)        000F8F
_LATGbits                        (abs)        000F8F
_LATH                            (abs)        000F90
_LCD_CTRL_PORT                   (abs)        1A0000
_LCD_DATA_PORT                   (abs)        1A0002
_LCD_init                        text6        00284A
_LCD_puts                        text7        0037AA
_MEMCON                          (abs)        000F26
_OSCCON                          (abs)        000FD3
_OSCCON2                         (abs)        000F64
_OSCTUNE                         (abs)        000F9B
_PADCFG1                         (abs)        000F53
_PIE1bits                        (abs)        000F9D
_PIE3bits                        (abs)        000FA3
_PIR3bits                        (abs)        000FA4
_PORTHbits                       (abs)        000F87
_PR2                             (abs)        000FCB
_PWM_Duty                        text10       002AF0
_PWM_VAL                         bssBANK0     0000E4
_PWM_clav                        bssBANK0     0000D4
_PWM_freq                        dataBANK0    0000F0
_PWM_init                        text4        003A16
_Ports_init                      text3        003C7C
_RC2IF                           (abs)        007D25
_RCREG2                          (abs)        000F1D
_RCSTA1bits                      (abs)        000FAB
_RCSTA2bits                      (abs)        000F22
_REFOCON                         (abs)        000F2A
_RTCCAL                          (abs)        000F5E
_RTCCFG                          (abs)        000F5F
_RTCCFGbits                      (abs)        000F5F
_RTCVALH                         (abs)        000F5D
_RTCVALL                         (abs)        000F5C
_RX_U_2                          bssCOMRAM    00005C
_SPBRG1                          (abs)        000FAF
_S_vent                          bssBANK0     0000D6
_S_vent_string                   bssBANK0     0000E6
_T0CON                           (abs)        000FD5
_T0CONbits                       (abs)        000FD5
_T1CON                           (abs)        000FCD
_T2CKPS0                         (abs)        007E50
_T2CKPS1                         (abs)        007E51
_TMR0L                           (abs)        000FD6
_TMR1IF                          (abs)        007CF0
_TMR1ON                          (abs)        007E68
_TMR2ON                          (abs)        007E52
_TRISA                           (abs)        000F92
_TRISAbits                       (abs)        000F92
_TRISB                           (abs)        000F93
_TRISC                           (abs)        000F94
_TRISC2                          (abs)        007CA2
_TRISCbits                       (abs)        000F94
_TRISD                           (abs)        000F95
_TRISE                           (abs)        000F96
_TRISF                           (abs)        000F97
_TRISG                           (abs)        000F98
_TRISGbits                       (abs)        000F98
_TRISH                           (abs)        000F99
_TXREG1                          (abs)        000FAD
_TXSTA1bits                      (abs)        000FAC
_Timer_init                      text5        003FC6
_Tosc                            bssBANK0     0000CC
_VAL_CLAV                        bssBANK0     0000E5
__CFG_ABW$XM20                   (abs)        000000
__CFG_BBSIZ$BB1K                 (abs)        000000
__CFG_BOREN$OFF                  (abs)        000000
__CFG_BORPWR$ZPBORMV             (abs)        000000
__CFG_BORV$0                     (abs)        000000
__CFG_BW$8                       (abs)        000000
__CFG_CCP2MX$PORTC               (abs)        000000
__CFG_CP0$OFF                    (abs)        000000
__CFG_CP1$OFF                    (abs)        000000
__CFG_CP2$OFF                    (abs)        000000
__CFG_CP3$OFF                    (abs)        000000
__CFG_CP4$OFF                    (abs)        000000
__CFG_CP5$OFF                    (abs)        000000
__CFG_CP6$OFF                    (abs)        000000
__CFG_CP7$OFF                    (abs)        000000
__CFG_CPB$OFF                    (abs)        000000
__CFG_CPD$OFF                    (abs)        000000
__CFG_DEBUG$OFF                  (abs)        000000
__CFG_EASHFT$OFF                 (abs)        000000
__CFG_EBRT0$OFF                  (abs)        000000
__CFG_EBRT1$OFF                  (abs)        000000
__CFG_EBRT2$OFF                  (abs)        000000
__CFG_EBRT3$OFF                  (abs)        000000
__CFG_EBRT4$OFF                  (abs)        000000
__CFG_EBRT5$OFF                  (abs)        000000
__CFG_EBRT6$OFF                  (abs)        000000
__CFG_EBRT7$OFF                  (abs)        000000
__CFG_EBRTB$OFF                  (abs)        000000
__CFG_ECCPMX$PORTE               (abs)        000000
__CFG_FCMEN$OFF                  (abs)        000000
__CFG_FOSC$HS1                   (abs)        000000
__CFG_IESO$OFF                   (abs)        000000
__CFG_INTOSCSEL$HIGH             (abs)        000000
__CFG_MCLRE$ON                   (abs)        000000
__CFG_MSSPMSK$MSK7               (abs)        000000
__CFG_PLLCFG$OFF                 (abs)        000000
__CFG_PWRTEN$OFF                 (abs)        000000
__CFG_RETEN$ON                   (abs)        000000
__CFG_RTCOSC$SOSCREF             (abs)        000000
__CFG_SOSCSEL$HIGH               (abs)        000000
__CFG_STVREN$ON                  (abs)        000000
__CFG_WAIT$ON                    (abs)        000000
__CFG_WDTEN$OFF                  (abs)        000000
__CFG_WDTPS$1                    (abs)        000000
__CFG_WRT0$OFF                   (abs)        000000
__CFG_WRT1$OFF                   (abs)        000000
__CFG_WRT2$OFF                   (abs)        000000
__CFG_WRT3$OFF                   (abs)        000000
__CFG_WRT4$OFF                   (abs)        000000
__CFG_WRT5$OFF                   (abs)        000000
__CFG_WRT6$OFF                   (abs)        000000
__CFG_WRT7$OFF                   (abs)        000000
__CFG_WRTB$OFF                   (abs)        000000
__CFG_WRTC$OFF                   (abs)        000000
__CFG_WRTD$OFF                   (abs)        000000
__CFG_XINST$OFF                  (abs)        000000
__HRAM                           (abs)        000000
__Habs1                          abs1         000000
__Hbank0                         bank0        000000
__Hbank1                         bank1        000000
__Hbank10                        bank10       000000
__Hbank11                        bank11       000000
__Hbank12                        bank12       000000
__Hbank13                        bank13       000000
__Hbank14                        bank14       000000
__Hbank15                        bank15       000000
__Hbank2                         bank2        000000
__Hbank3                         bank3        000000
__Hbank4                         bank4        000000
__Hbank5                         bank5        000000
__Hbank6                         bank6        000000
__Hbank7                         bank7        000000
__Hbank8                         bank8        000000
__Hbank9                         bank9        000000
__Hbigbss                        bigbss       000000
__Hbigdata                       bigdata      000000
__Hbigram                        bigram       000000
__Hbss                           bss          000000
__HbssBANK0                      bssBANK0     000000
__HbssBANK1                      bssBANK1     000000
__HbssCOMRAM                     bssCOMRAM    000000
__Hcinit                         cinit        000000
__Hclrtext                       clrtext      000000
__Hcomram                        comram       000000
__Hconfig                        config       30000E
__Hconst                         const        000000
__HcstackBANK0                   cstackBANK0  000000
__HcstackCOMRAM                  cstackCOMRAM 000000
__Hdata                          data         000000
__HdataBANK0                     dataBANK0    000000
__Heeprom_data                   eeprom_data  000000
__Hend_init                      end_init     000252
__Hfarbss                        farbss       000000
__Hfardata                       fardata      000000
__Hibigdata                      ibigdata     000000
__Hidata                         idata        000000
__HidataBANK0                    idataBANK0   000000
__Hidloc                         idloc        200008
__Hifardata                      ifardata     000000
__Hinit                          init         00024E
__Hintcode                       intcode      00024E
__Hintcode_body                  intcode_body 000000
__Hintcodelo                     intcodelo    00024E
__Hintentry                      intentry     000000
__Hintret                        intret       000000
__Hintsave_regs                  intsave_regs 000000
__Hirdata                        irdata       000000
__Hmediumconst                   mediumconst  000000
__Hnvbit                         nvbit        000000
__Hnvrram                        nvrram       000000
__Hparam                         rparam       000000
__Hpowerup                       powerup      00024E
__Hram                           ram          000000
__Hramtop                        ramtop       001000
__Hrbit                          rbit         000000
__Hrbss                          rbss         000000
__Hrdata                         rdata        000000
__Hreset_vec                     reset_vec    000004
__Hrparam                        rparam       000000
__Hsfr                           sfr          000000
__Hsmallconst                    smallconst   001082
__Hstruct                        struct       000000
__Htemp                          temp         000000
__Htext                          text         000000
__Htext0                         text0        000000
__Htext1                         text1        000000
__Htext10                        text10       000000
__Htext11                        text11       000000
__Htext12                        text12       000000
__Htext13                        text13       000000
__Htext14                        text14       000000
__Htext15                        text15       000000
__Htext16                        text16       000000
__Htext17                        text17       000000
__Htext18                        text18       000000
__Htext19                        text19       000000
__Htext2                         text2        000000
__Htext20                        text20       000000
__Htext21                        text21       000000
__Htext22                        text22       000000
__Htext23                        text23       000000
__Htext24                        text24       000000
__Htext25                        text25       000000
__Htext26                        text26       000000
__Htext27                        text27       000000
__Htext28                        text28       000000
__Htext29                        text29       000000
__Htext3                         text3        000000
__Htext30                        text30       000000
__Htext31                        text31       000000
__Htext32                        text32       000000
__Htext33                        text33       000000
__Htext35                        text35       000000
__Htext36                        text36       000000
__Htext37                        text37       000000
__Htext38                        text38       000000
__Htext39                        text39       000000
__Htext4                         text4        000000
__Htext40                        text40       000000
__Htext41                        text41       000000
__Htext42                        text42       000000
__Htext43                        text43       000000
__Htext44                        text44       000000
__Htext45                        text45       000000
__Htext46                        text46       000000
__Htext47                        text47       000000
__Htext5                         text5        000000
__Htext6                         text6        000000
__Htext7                         text7        000000
__Htext8                         text8        000000
__Htext9                         text9        000000
__LRAM                           (abs)        000001
__Labs1                          abs1         000000
__Lbank0                         bank0        000000
__Lbank1                         bank1        000000
__Lbank10                        bank10       000000
__Lbank11                        bank11       000000
__Lbank12                        bank12       000000
__Lbank13                        bank13       000000
__Lbank14                        bank14       000000
__Lbank15                        bank15       000000
__Lbank2                         bank2        000000
__Lbank3                         bank3        000000
__Lbank4                         bank4        000000
__Lbank5                         bank5        000000
__Lbank6                         bank6        000000
__Lbank7                         bank7        000000
__Lbank8                         bank8        000000
__Lbank9                         bank9        000000
__Lbigbss                        bigbss       000000
__Lbigdata                       bigdata      000000
__Lbigram                        bigram       000000
__Lbss                           bss          000000
__LbssBANK0                      bssBANK0     000000
__LbssBANK1                      bssBANK1     000000
__LbssCOMRAM                     bssCOMRAM    000000
__Lcinit                         cinit        000000
__Lclrtext                       clrtext      000000
__Lcomram                        comram       000000
__Lconfig                        config       300000
__Lconst                         const        000000
__LcstackBANK0                   cstackBANK0  000000
__LcstackCOMRAM                  cstackCOMRAM 000000
__Ldata                          data         000000
__LdataBANK0                     dataBANK0    000000
__Leeprom_data                   eeprom_data  000000
__Lend_init                      end_init     00024E
__Lfarbss                        farbss       000000
__Lfardata                       fardata      000000
__Libigdata                      ibigdata     000000
__Lidata                         idata        000000
__LidataBANK0                    idataBANK0   000000
__Lidloc                         idloc        200000
__Lifardata                      ifardata     000000
__Linit                          init         00024E
__Lintcode                       intcode      000008
__Lintcode_body                  intcode_body 000000
__Lintcodelo                     intcodelo    00024E
__Lintentry                      intentry     000000
__Lintret                        intret       000000
__Lintsave_regs                  intsave_regs 000000
__Lirdata                        irdata       000000
__Lmediumconst                   mediumconst  000000
__Lnvbit                         nvbit        000000
__Lnvrram                        nvrram       000000
__Lparam                         rparam       000000
__Lpowerup                       powerup      00024E
__Lram                           ram          000000
__Lramtop                        ramtop       001000
__Lrbit                          rbit         000000
__Lrbss                          rbss         000000
__Lrdata                         rdata        000000
__Lreset_vec                     reset_vec    000000
__Lrparam                        rparam       000000
__Lsfr                           sfr          000000
__Lsmallconst                    smallconst   001000
__Lstruct                        struct       000000
__Ltemp                          temp         000000
__Ltext                          text         000000
__Ltext0                         text0        000000
__Ltext1                         text1        000000
__Ltext10                        text10       000000
__Ltext11                        text11       000000
__Ltext12                        text12       000000
__Ltext13                        text13       000000
__Ltext14                        text14       000000
__Ltext15                        text15       000000
__Ltext16                        text16       000000
__Ltext17                        text17       000000
__Ltext18                        text18       000000
__Ltext19                        text19       000000
__Ltext2                         text2        000000
__Ltext20                        text20       000000
__Ltext21                        text21       000000
__Ltext22                        text22       000000
__Ltext23                        text23       000000
__Ltext24                        text24       000000
__Ltext25                        text25       000000
__Ltext26                        text26       000000
__Ltext27                        text27       000000
__Ltext28                        text28       000000
__Ltext29                        text29       000000
__Ltext3                         text3        000000
__Ltext30                        text30       000000
__Ltext31                        text31       000000
__Ltext32                        text32       000000
__Ltext33                        text33       000000
__Ltext35                        text35       000000
__Ltext36                        text36       000000
__Ltext37                        text37       000000
__Ltext38                        text38       000000
__Ltext39                        text39       000000
__Ltext4                         text4        000000
__Ltext40                        text40       000000
__Ltext41                        text41       000000
__Ltext42                        text42       000000
__Ltext43                        text43       000000
__Ltext44                        text44       000000
__Ltext45                        text45       000000
__Ltext46                        text46       000000
__Ltext47                        text47       000000
__Ltext5                         text5        000000
__Ltext6                         text6        000000
__Ltext7                         text7        000000
__Ltext8                         text8        000000
__Ltext9                         text9        000000
__S0                             (abs)        30000E
__S1                             (abs)        0001A2
___aldiv                         text16       00232C
___aldiv@counter                 cstackBANK0  000069
___aldiv@dividend                cstackBANK0  000060
___aldiv@divisor                 cstackBANK0  000064
___aldiv@quotient                cstackBANK0  00006B
___aldiv@sign                    cstackBANK0  00006A
___altoft                        text33       003278
___altoft@c                      cstackBANK0  00006F
___altoft@exp                    cstackBANK0  000077
___altoft@sign                   cstackBANK0  000078
___asftadd                       text30       003EB2
___asftadd@f1p                   cstackBANK0  0000B7
___asftadd@f2                    cstackBANK0  0000B9
___awtoft                        text17       003A98
___awtoft@c                      cstackBANK0  000068
___awtoft@sign                   cstackBANK0  00006C
___ftadd                         text31       001970
___ftadd@exp1                    cstackBANK0  0000B6
___ftadd@exp2                    cstackBANK0  0000B5
___ftadd@f1                      cstackBANK0  0000A9
___ftadd@f2                      cstackBANK0  0000AC
___ftadd@sign                    cstackBANK0  0000B4
___ftdiv                         text18       001F52
___ftdiv@cntr                    cstackBANK0  000078
___ftdiv@exp                     cstackBANK0  00007C
___ftdiv@f1                      cstackBANK0  00006D
___ftdiv@f2                      cstackBANK0  000070
___ftdiv@f3                      cstackBANK0  000079
___ftdiv@sign                    cstackBANK0  00007D
___ftmul                         text19       001D28
___ftmul@cntr                    cstackBANK0  00008D
___ftmul@exp                     cstackBANK0  000089
___ftmul@f1                      cstackBANK0  00007E
___ftmul@f2                      cstackBANK0  000081
___ftmul@f3_as_product           cstackBANK0  00008A
___ftmul@sign                    cstackBANK0  00008E
___ftneg                         text20       003F3C
___ftneg@f1                      cstackBANK0  0000A6
___ftpack                        text32       0026BE
___ftpack@arg                    cstackBANK0  000060
___ftpack@exp                    cstackBANK0  000063
___ftpack@sign                   cstackBANK0  000064
___fttol                         text27       002148
___fttol@exp1                    cstackBANK0  00009D
___fttol@f1                      cstackBANK0  00008F
___fttol@lval                    cstackBANK0  000099
___fttol@sign1                   cstackBANK0  000098
___lldiv                         text21       002D52
___lldiv@counter                 cstackBANK0  000079
___lldiv@dividend                cstackBANK0  00006C
___lldiv@divisor                 cstackBANK0  000070
___lldiv@quotient                cstackBANK0  000075
___lmul                          text22       00365C
___lmul@multiplicand             cstackBANK0  000064
___lmul@multiplier               cstackBANK0  000060
___lmul@product                  cstackBANK0  000068
___lwdiv                         text23       003438
___lwdiv@counter                 cstackBANK0  000067
___lwdiv@dividend                cstackBANK0  000060
___lwdiv@divisor                 cstackBANK0  000062
___lwdiv@quotient                cstackBANK0  000065
___lwmod                         text24       00384E
___lwmod@counter                 cstackBANK0  00006D
___lwmod@dividend                cstackBANK0  000068
___lwmod@divisor                 cstackBANK0  00006A
___lwtoft                        text25       003E1C
___lwtoft@c                      cstackBANK0  000068
___wmul                          text29       003CEA
___wmul@multiplicand             cstackBANK0  000062
___wmul@multiplier               cstackBANK0  000060
___wmul@product                  cstackBANK0  000064
__accesstop                      (abs)        000060
__activetblptr                   (abs)        000003
__end_of_ADC_Read                text8        0026BE
__end_of_CLAVIER_read            text37       003DB8
__end_of_DelayLCDShort           text14       003FE0
__end_of_DisplayOnLcdPosition    text11       003C7C
__end_of_LCD_init                text6        0029B2
__end_of_LCD_puts                text7        00384E
__end_of_PWM_Duty                text10       002C22
__end_of_PWM_init                text4        003A98
__end_of_Ports_init              text3        003CEA
__end_of_Timer_init              text5        003FD0
__end_of___aldiv                 text16       002504
__end_of___altoft                text33       003362
__end_of___asftadd               text30       003EF8
__end_of___awtoft                text17       003B14
__end_of___ftadd                 text31       001D28
__end_of___ftdiv                 text18       002148
__end_of___ftmul                 text19       001F52
__end_of___ftneg                 text20       003F7A
__end_of___ftpack                text32       00284A
__end_of___fttol                 text27       00232C
__end_of___lldiv                 text21       002E72
__end_of___lmul                  text22       003704
__end_of___lwdiv                 text23       0034F8
__end_of___lwmod                 text24       0038EE
__end_of___lwtoft                text25       003E68
__end_of___wmul                  text29       003D52
__end_of__initialization         cinit        003F36
__end_of__stringdata             smallconst   001080
__end_of_affichage_chaine        text13       003438
__end_of_dpowers                 smallconst   001016
__end_of_frexp                   text28       00365C
__end_of_interruptions           intcode      00024E
__end_of_isdigit                 text15       003EB2
__end_of_loop                    text2        00155C
__end_of_main                    text0        003FC6
__end_of_moninit                 smallconst   00100C
__end_of_round                   text12       003982
__end_of_send_1                  text35       003FB8
__end_of_send_msg                text36       003B90
__end_of_setup                   text1        003C06
__end_of_sprintf                 text9        001970
__end_of_trunc                   text26       0035AC
__end_ofi2_DisplayOnLcdPosition  text39       003E1C
__end_ofi2_PWM_Duty              text38       00318A
__end_ofi2___aldiv               text41       003094
__end_ofi2___altoft              text42       003A16
__end_ofi2___ftdiv               text43       002F90
__end_ofi2___ftmul               text44       002AF0
__end_ofi2___ftpack              text47       003278
__end_ofi2___fttol               text45       002D52
__end_ofi2___lwtoft              text46       003FA8
__end_ofi2_affichage_chaine      text40       0037AA
__initialization                 cinit        003EF8
__mediumconst                    mediumconst  000000
__pbssBANK0                      bssBANK0     0000CC
__pbssBANK1                      bssBANK1     000101
__pbssCOMRAM                     bssCOMRAM    00005C
__pcinit                         cinit        003EF8
__pcstackBANK0                   cstackBANK0  000060
__pcstackCOMRAM                  cstackCOMRAM 000001
__pdataBANK0                     dataBANK0    0000F0
__pidataBANK0                    idataBANK0   003FD0
__pintcode                       intcode      000008
__psmallconst                    smallconst   001000
__ptext0                         text0        003FB8
__ptext1                         text1        003B90
__ptext10                        text10       002AF0
__ptext11                        text11       003C06
__ptext12                        text12       0038EE
__ptext13                        text13       003362
__ptext14                        text14       003FD8
__ptext15                        text15       003E68
__ptext16                        text16       00232C
__ptext17                        text17       003A98
__ptext18                        text18       001F52
__ptext19                        text19       001D28
__ptext2                         text2        001082
__ptext20                        text20       003F3C
__ptext21                        text21       002D52
__ptext22                        text22       00365C
__ptext23                        text23       003438
__ptext24                        text24       00384E
__ptext25                        text25       003E1C
__ptext26                        text26       0034F8
__ptext27                        text27       002148
__ptext28                        text28       0035AC
__ptext29                        text29       003CEA
__ptext3                         text3        003C7C
__ptext30                        text30       003EB2
__ptext31                        text31       001970
__ptext32                        text32       0026BE
__ptext33                        text33       003278
__ptext35                        text35       003FA8
__ptext36                        text36       003B14
__ptext37                        text37       003D52
__ptext38                        text38       003094
__ptext39                        text39       003DB8
__ptext4                         text4        003A16
__ptext40                        text40       003704
__ptext41                        text41       002F90
__ptext42                        text42       003982
__ptext43                        text43       002E72
__ptext44                        text44       0029B2
__ptext45                        text45       002C22
__ptext46                        text46       003F7A
__ptext47                        text47       00318A
__ptext5                         text5        003FC6
__ptext6                         text6        00284A
__ptext7                         text7        0037AA
__ptext8                         text8        002504
__ptext9                         text9        00155C
__ramtop                         ramtop       001000
__size_of_ADC_Read               (abs)        000000
__size_of_CLAVIER_read           (abs)        000000
__size_of_DelayLCDShort          (abs)        000000
__size_of_DisplayOnLcdPosition   (abs)        000000
__size_of_LCD_init               (abs)        000000
__size_of_LCD_puts               (abs)        000000
__size_of_PWM_Duty               (abs)        000000
__size_of_PWM_init               (abs)        000000
__size_of_Ports_init             (abs)        000000
__size_of_Timer_init             (abs)        000000
__size_of___aldiv                (abs)        000000
__size_of___altoft               (abs)        000000
__size_of___asftadd              (abs)        000000
__size_of___awtoft               (abs)        000000
__size_of___ftadd                (abs)        000000
__size_of___ftdiv                (abs)        000000
__size_of___ftmul                (abs)        000000
__size_of___ftneg                (abs)        000000
__size_of___ftpack               (abs)        000000
__size_of___fttol                (abs)        000000
__size_of___lldiv                (abs)        000000
__size_of___lmul                 (abs)        000000
__size_of___lwdiv                (abs)        000000
__size_of___lwmod                (abs)        000000
__size_of___lwtoft               (abs)        000000
__size_of___wmul                 (abs)        000000
__size_of_affichage_chaine       (abs)        000000
__size_of_frexp                  (abs)        000000
__size_of_interruptions          (abs)        000000
__size_of_isdigit                (abs)        000000
__size_of_loop                   (abs)        000000
__size_of_main                   (abs)        000000
__size_of_round                  (abs)        000000
__size_of_send_1                 (abs)        000000
__size_of_send_msg               (abs)        000000
__size_of_setup                  (abs)        000000
__size_of_sprintf                (abs)        000000
__size_of_trunc                  (abs)        000000
__size_ofi2_DisplayOnLcdPosition (abs)        000000
__size_ofi2_PWM_Duty             (abs)        000000
__size_ofi2___aldiv              (abs)        000000
__size_ofi2___altoft             (abs)        000000
__size_ofi2___ftdiv              (abs)        000000
__size_ofi2___ftmul              (abs)        000000
__size_ofi2___ftpack             (abs)        000000
__size_ofi2___fttol              (abs)        000000
__size_ofi2___lwtoft             (abs)        000000
__size_ofi2_affichage_chaine     (abs)        000000
__smallconst                     smallconst   001000
__stringdata                     smallconst   001016
_a                               bssBANK0     0000D8
_adc_value                       bssBANK0     0000DA
_affichage_chaine                text13       003362
_chaine_adc                      bssBANK1     000111
_chaine_asser                    bssBANK1     000101
_chaine_clav                     dataBANK0    0000F4
_count                           bssBANK0     0000DC
_cpt18TCY                        bssCOMRAM    00005D
_dpowers                         smallconst   00100C
_errno                           bssBANK0     0000DE
_frexp                           text28       0035AC
_iREAD                           bssBANK0     0000E0
_interruptions                   intcode      000008
_isdigit                         text15       003E68
_isdigit$1822                    cstackBANK0  000062
_loop                            text2        001082
_loop$2335                       cstackBANK0  0000C9
_main                            text0        003FB8
_round                           text12       0038EE
_rtccTimeInitialized             bssCOMRAM    00005E
_send_1                          text35       003FA8
_send_msg                        text36       003B14
_setup                           text1        003B90
_sprintf                         text9        00155C
_time_zone                       bssBANK0     0000E2
_timezone                        bssBANK0     0000D0
_trunc                           text26       0034F8
affichage_chaine@chaine          cstackBANK0  000060
affichage_chaine@i               cstackBANK0  000065
end_of_initialization            cinit        003F36
frexp@eptr                       cstackBANK0  000063
frexp@value                      cstackBANK0  000060
i2DisplayOnLcdPosition@data      cstackCOMRAM 000009
i2DisplayOnLcdPosition@line      cstackCOMRAM 000007
i2DisplayOnLcdPosition@row       cstackCOMRAM 000008
i2PWM_Duty@duty                  cstackCOMRAM 000046
i2_DisplayOnLcdPosition          text39       003DB8
i2_PWM_Duty                      text38       003094
i2___aldiv                       text41       002F90
i2___aldiv@counter               cstackCOMRAM 00000A
i2___aldiv@dividend              cstackCOMRAM 000001
i2___aldiv@divisor               cstackCOMRAM 000005
i2___aldiv@quotient              cstackCOMRAM 00000C
i2___aldiv@sign                  cstackCOMRAM 00000B
i2___altoft                      text42       003982
i2___altoft@c                    cstackCOMRAM 00001F
i2___altoft@exp                  cstackCOMRAM 000027
i2___altoft@sign                 cstackCOMRAM 000028
i2___ftdiv                       text43       002E72
i2___ftdiv@cntr                  cstackCOMRAM 00002F
i2___ftdiv@exp                   cstackCOMRAM 000033
i2___ftdiv@f1                    cstackCOMRAM 000024
i2___ftdiv@f2                    cstackCOMRAM 000027
i2___ftdiv@f3                    cstackCOMRAM 000030
i2___ftdiv@sign                  cstackCOMRAM 000034
i2___ftmul                       text44       0029B2
i2___ftmul@cntr                  cstackCOMRAM 000044
i2___ftmul@exp                   cstackCOMRAM 000040
i2___ftmul@f1                    cstackCOMRAM 000035
i2___ftmul@f2                    cstackCOMRAM 000038
i2___ftmul@f3_as_product         cstackCOMRAM 000041
i2___ftmul@sign                  cstackCOMRAM 000045
i2___ftpack                      text47       00318A
i2___ftpack@arg                  cstackCOMRAM 000001
i2___ftpack@exp                  cstackCOMRAM 000004
i2___ftpack@sign                 cstackCOMRAM 000005
i2___fttol                       text45       002C22
i2___fttol@exp1                  cstackCOMRAM 00001E
i2___fttol@f1                    cstackCOMRAM 000010
i2___fttol@lval                  cstackCOMRAM 00001A
i2___fttol@sign1                 cstackCOMRAM 000019
i2___lwtoft                      text46       003F7A
i2___lwtoft@c                    cstackCOMRAM 00001F
i2_affichage_chaine              text40       003704
i2affichage_chaine@chaine        cstackCOMRAM 000001
i2affichage_chaine@i             cstackCOMRAM 000006
intlevel0                        text         000000
intlevel1                        text         000000
intlevel2                        text         000000
intlevel3                        text         000000
isdigit@c                        cstackBANK0  000060
loop@temp                        cstackBANK0  0000C6
round@f                          cstackBANK0  0000BF
round@x                          cstackBANK0  0000BC
send_1@c                         cstackCOMRAM 000001
send_msg@c                       cstackCOMRAM 000001
send_msg@i                       cstackCOMRAM 000005
setup@i                          cstackBANK0  000074
sprintf@_val                     cstackBANK0  000089
sprintf@ap                       cstackBANK0  000085
sprintf@c                        cstackBANK0  000090
sprintf@f                        cstackBANK0  00007C
sprintf@flag                     cstackBANK0  000088
sprintf@prec                     cstackBANK0  000087
sprintf@sp                       cstackBANK0  00007A
sprintf@width                    cstackBANK0  00008E
start                            init         00024E
start_initialization             cinit        003EF8
trunc@expon                      cstackBANK0  0000A4
trunc@i                          cstackBANK0  0000A1
trunc@x                          cstackBANK0  00009E


FUNCTION INFORMATION:

 *************** function _main *****************
 Defined at:
		line 19 in file "main.c"
 Parameters:    Size  Location     Type
		None
 Auto vars:     Size  Location     Type
		None
 Return value:  Size  Location     Type
		None               void
 Registers used:
		wreg, fsr0l, fsr0h, fsr1l, fsr1h, fsr2l, fsr2h, status,2, status,0, pclat, tosl, structret, tblptrl, tblptrh, tblptru, prodl, prodh, bsr, cstack
 Tracked objects:
		On entry : 
		On exit  : 
		Unchanged: 
 Data sizes:     COMRAM   BANK0   BANK1   BANK2   BANK3   BANK4   BANK5   BANK6   BANK7   BANK8   BANK9  BANK10  BANK11  BANK12  BANK13  BANK14  BANK15
      Params:         0       0       0       0       0       0       0       0       0       0       0       0       0       0       0       0       0
      Locals:         0       0       0       0       0       0       0       0       0       0       0       0       0       0       0       0       0
      Temps:          0       0       0       0       0       0       0       0       0       0       0       0       0       0       0       0       0
      Totals:         0       0       0       0       0       0       0       0       0       0       0       0       0       0       0       0       0
Total ram usage:        0 bytes
 Hardware stack levels required when called:    9
 This function calls:
		_setup
		_loop
 This function is called by:
		Startup code after reset
 This function uses a non-reentrant model


 *************** function _setup *****************
 Defined at:
		line 28 in file "main.c"
 Parameters:    Size  Location     Type
		None
 Auto vars:     Size  Location     Type
  i               1   20[BANK0 ] unsigned char 
 Return value:  Size  Location     Type
		None               void
 Registers used:
		wreg, fsr0l, fsr0h, fsr1l, fsr1h, fsr2l, fsr2h, status,2, status,0, pclat, tosl, structret, tblptrl, tblptrh, tblptru, prodl, prodh, bsr, cstack
 Tracked objects:
		On entry : 
		On exit  : 
		Unchanged: 
 Data sizes:     COMRAM   BANK0   BANK1   BANK2   BANK3   BANK4   BANK5   BANK6   BANK7   BANK8   BANK9  BANK10  BANK11  BANK12  BANK13  BANK14  BANK15
      Params:         0       0       0       0       0       0       0       0       0       0       0       0       0       0       0       0       0
      Locals:         0       1       0       0       0       0       0       0       0       0       0       0       0       0       0       0       0
      Temps:          0       1       0       0       0       0       0       0       0       0       0       0       0       0       0       0       0
      Totals:         0       2       0       0       0       0       0       0       0       0       0       0       0       0       0       0       0
Total ram usage:        2 bytes
 Hardware stack levels used:    1
 Hardware stack levels required when called:    6
 This function calls:
		_Ports_init
		_PWM_init
		_Timer_init
		_LCD_init
		_LCD_puts
 This function is called by:
		_main
 This function uses a non-reentrant model


 *************** function _loop *****************
 Defined at:
		line 43 in file "main.c"
 Parameters:    Size  Location     Type
		None
 Auto vars:     Size  Location     Type
  temp            3  102[BANK0 ] float 
 Return value:  Size  Location     Type
		None               void
 Registers used:
		wreg, fsr0l, fsr0h, fsr1l, fsr1h, fsr2l, fsr2h, status,2, status,0, pclat, tosl, structret, tblptrl, tblptrh, tblptru, prodl, prodh, bsr, cstack
 Tracked objects:
		On entry : 
		On exit  : 
		Unchanged: 
 Data sizes:     COMRAM   BANK0   BANK1   BANK2   BANK3   BANK4   BANK5   BANK6   BANK7   BANK8   BANK9  BANK10  BANK11  BANK12  BANK13  BANK14  BANK15
      Params:         0       0       0       0       0       0       0       0       0       0       0       0       0       0       0       0       0
      Locals:         0       6       0       0       0       0       0       0       0       0       0       0       0       0       0       0       0
      Temps:          0       4       0       0       0       0       0       0       0       0       0       0       0       0       0       0       0
      Totals:         0      10       0       0       0       0       0       0       0       0       0       0       0       0       0       0       0
Total ram usage:       10 bytes
 Hardware stack levels used:    1
 Hardware stack levels required when called:    8
 This function calls:
		_sprintf
		_ADC_Read
		_PWM_Duty
		_DisplayOnLcdPosition
		___wmul
		___awtoft
		___ftmul
		_round
		___fttol
		_affichage_chaine
 This function is called by:
		_main
 This function uses a non-reentrant model


 *************** function _Ports_init *****************
 Defined at:
		line 38 in file "utils.c"
 Parameters:    Size  Location     Type
		None
 Auto vars:     Size  Location     Type
		None
 Return value:  Size  Location     Type
		None               void
 Registers used:
		wreg, status,2
 Tracked objects:
		On entry : 
		On exit  : 
		Unchanged: 
 Data sizes:     COMRAM   BANK0   BANK1   BANK2   BANK3   BANK4   BANK5   BANK6   BANK7   BANK8   BANK9  BANK10  BANK11  BANK12  BANK13  BANK14  BANK15
      Params:         0       0       0       0       0       0       0       0       0       0       0       0       0       0       0       0       0
      Locals:         0       0       0       0       0       0       0       0       0       0       0       0       0       0       0       0       0
      Temps:          0       1       0       0       0       0       0       0       0       0       0       0       0       0       0       0       0
      Totals:         0       1       0       0       0       0       0       0       0       0       0       0       0       0       0       0       0
Total ram usage:        1 bytes
 Hardware stack levels used:    1
 Hardware stack levels required when called:    4
 This function calls:
		Nothing
 This function is called by:
		_setup
 This function uses a non-reentrant model


 *************** function _PWM_init *****************
 Defined at:
		line 86 in file "utils.c"
 Parameters:    Size  Location     Type
		None
 Auto vars:     Size  Location     Type
		None
 Return value:  Size  Location     Type
		None               void
 Registers used:
		wreg, status,2, status,0, cstack
 Tracked objects:
		On entry : 
		On exit  : 
		Unchanged: 
 Data sizes:     COMRAM   BANK0   BANK1   BANK2   BANK3   BANK4   BANK5   BANK6   BANK7   BANK8   BANK9  BANK10  BANK11  BANK12  BANK13  BANK14  BANK15
      Params:         0       0       0       0       0       0       0       0       0       0       0       0       0       0       0       0       0
      Locals:         0       0       0       0       0       0       0       0       0       0       0       0       0       0       0       0       0
      Temps:          0       4       0       0       0       0       0       0       0       0       0       0       0       0       0       0       0
      Totals:         0       4       0       0       0       0       0       0       0       0       0       0       0       0       0       0       0
Total ram usage:        4 bytes
 Hardware stack levels used:    1
 Hardware stack levels required when called:    5
 This function calls:
		___aldiv
 This function is called by:
		_setup
 This function uses a non-reentrant model


 *************** function _Timer_init *****************
 Defined at:
		line 107 in file "utils.c"
 Parameters:    Size  Location     Type
		None
 Auto vars:     Size  Location     Type
		None
 Return value:  Size  Location     Type
		None               void
 Registers used:
		wreg, status,2
 Tracked objects:
		On entry : 
		On exit  : 
		Unchanged: 
 Data sizes:     COMRAM   BANK0   BANK1   BANK2   BANK3   BANK4   BANK5   BANK6   BANK7   BANK8   BANK9  BANK10  BANK11  BANK12  BANK13  BANK14  BANK15
      Params:         0       0       0       0       0       0       0       0       0       0       0       0       0       0       0       0       0
      Locals:         0       0       0       0       0       0       0       0       0       0       0       0       0       0       0       0       0
      Temps:          0       0       0       0       0       0       0       0       0       0       0       0       0       0       0       0       0
      Totals:         0       0       0       0       0       0       0       0       0       0       0       0       0       0       0       0       0
Total ram usage:        0 bytes
 Hardware stack levels used:    1
 Hardware stack levels required when called:    4
 This function calls:
		Nothing
 This function is called by:
		_setup
 This function uses a non-reentrant model


 *************** function _LCD_init *****************
 Defined at:
		line 193 in file "utils.c"
 Parameters:    Size  Location     Type
		None
 Auto vars:     Size  Location     Type
		None
 Return value:  Size  Location     Type
		None               void
 Registers used:
		wreg, status,2, tblptrl, tblptrh, tblptru
 Tracked objects:
		On entry : 
		On exit  : 
		Unchanged: 
 Data sizes:     COMRAM   BANK0   BANK1   BANK2   BANK3   BANK4   BANK5   BANK6   BANK7   BANK8   BANK9  BANK10  BANK11  BANK12  BANK13  BANK14  BANK15
      Params:         0       0       0       0       0       0       0       0       0       0       0       0       0       0       0       0       0
      Locals:         0       0       0       0       0       0       0       0       0       0       0       0       0       0       0       0       0
      Temps:          0       1       0       0       0       0       0       0       0       0       0       0       0       0       0       0       0
      Totals:         0       1       0       0       0       0       0       0       0       0       0       0       0       0       0       0       0
Total ram usage:        1 bytes
 Hardware stack levels used:    1
 Hardware stack levels required when called:    4
 This function calls:
		Nothing
 This function is called by:
		_setup
 This function uses a non-reentrant model


 *************** function _LCD_puts *****************
 Defined at:
		line 241 in file "utils.c"
 Parameters:    Size  Location     Type
  chaine          2    0[BANK0 ] PTR unsigned char 
		 -> STR_1(8), 
 Auto vars:     Size  Location     Type
  i               1    5[BANK0 ] unsigned char 
 Return value:  Size  Location     Type
		None               void
 Registers used:
		wreg, status,2, status,0, tblptrl, tblptrh, tblptru, prodl, prodh, cstack
 Tracked objects:
		On entry : 
		On exit  : 
		Unchanged: 
 Data sizes:     COMRAM   BANK0   BANK1   BANK2   BANK3   BANK4   BANK5   BANK6   BANK7   BANK8   BANK9  BANK10  BANK11  BANK12  BANK13  BANK14  BANK15
      Params:         0       2       0       0       0       0       0       0       0       0       0       0       0       0       0       0       0
      Locals:         0       1       0       0       0       0       0       0       0       0       0       0       0       0       0       0       0
      Temps:          0       3       0       0       0       0       0       0       0       0       0       0       0       0       0       0       0
      Totals:         0       6       0       0       0       0       0       0       0       0       0       0       0       0       0       0       0
Total ram usage:        6 bytes
 Hardware stack levels used:    1
 Hardware stack levels required when called:    5
 This function calls:
		_DelayLCDShort
 This function is called by:
		_setup
 This function uses a non-reentrant model


 *************** function _ADC_Read *****************
 Defined at:
		line 119 in file "utils.c"
 Parameters:    Size  Location     Type
		None
 Auto vars:     Size  Location     Type
  pot_value       4   57[BANK0 ] unsigned long 
  pot             4   51[BANK0 ] unsigned long 
  valeur_pwm      2   55[BANK0 ] int 
 Return value:  Size  Location     Type
                  2   49[BANK0 ] unsigned int 
 Registers used:
		wreg, fsr2l, fsr2h, status,2, status,0, tblptrl, tblptrh, tblptru, prodl, prodh, cstack
 Tracked objects:
		On entry : 
		On exit  : 
		Unchanged: 
 Data sizes:     COMRAM   BANK0   BANK1   BANK2   BANK3   BANK4   BANK5   BANK6   BANK7   BANK8   BANK9  BANK10  BANK11  BANK12  BANK13  BANK14  BANK15
      Params:         0       2       0       0       0       0       0       0       0       0       0       0       0       0       0       0       0
      Locals:         0      10       0       0       0       0       0       0       0       0       0       0       0       0       0       0       0
      Temps:          0       0       0       0       0       0       0       0       0       0       0       0       0       0       0       0       0
      Totals:         0      12       0       0       0       0       0       0       0       0       0       0       0       0       0       0       0
Total ram usage:       12 bytes
 Hardware stack levels used:    1
 Hardware stack levels required when called:    6
 This function calls:
		___lmul
		___lldiv
		_sprintf
 This function is called by:
		_loop
 This function uses a non-reentrant model


 *************** function _sprintf *****************
 Defined at:
		line 493 in file "C:\Program Files (x86)\Microchip\xc8\v1.12\sources\doprnt.c"
 Parameters:    Size  Location     Type
  sp              2   26[BANK0 ] PTR unsigned char 
		 -> chaine_adc(100), S_vent_string(10), 
  f               2   28[BANK0 ] PTR const unsigned char 
		 -> STR_9(4), STR_2(6), 
 Auto vars:     Size  Location     Type
  _val            5   41[BANK0 ] struct .
  width           2   46[BANK0 ] int 
  ap              2   37[BANK0 ] PTR void [1]
		 -> ?_sprintf(2), 
  c               1   48[BANK0 ] char 
  flag            1   40[BANK0 ] unsigned char 
  prec            1   39[BANK0 ] char 
 Return value:  Size  Location     Type
                  2   26[BANK0 ] int 
 Registers used:
		wreg, fsr2l, fsr2h, status,2, status,0, tblptrl, tblptrh, tblptru, prodl, prodh, cstack
 Tracked objects:
		On entry : 
		On exit  : 
		Unchanged: 
 Data sizes:     COMRAM   BANK0   BANK1   BANK2   BANK3   BANK4   BANK5   BANK6   BANK7   BANK8   BANK9  BANK10  BANK11  BANK12  BANK13  BANK14  BANK15
      Params:         0       8       0       0       0       0       0       0       0       0       0       0       0       0       0       0       0
      Locals:         0      12       0       0       0       0       0       0       0       0       0       0       0       0       0       0       0
      Temps:          0       3       0       0       0       0       0       0       0       0       0       0       0       0       0       0       0
      Totals:         0      23       0       0       0       0       0       0       0       0       0       0       0       0       0       0       0
Total ram usage:       23 bytes
 Hardware stack levels used:    1
 Hardware stack levels required when called:    5
 This function calls:
		_isdigit
		___wmul
		___lwdiv
		___lwmod
 This function is called by:
		_loop
		_ADC_Read
 This function uses a non-reentrant model


 *************** function _PWM_Duty *****************
 Defined at:
		line 97 in file "utils.c"
 Parameters:    Size  Location     Type
  duty            2   62[BANK0 ] unsigned int 
 Auto vars:     Size  Location     Type
		None
 Return value:  Size  Location     Type
		None               void
 Registers used:
		wreg, status,2, status,0, cstack
 Tracked objects:
		On entry : 
		On exit  : 
		Unchanged: 
 Data sizes:     COMRAM   BANK0   BANK1   BANK2   BANK3   BANK4   BANK5   BANK6   BANK7   BANK8   BANK9  BANK10  BANK11  BANK12  BANK13  BANK14  BANK15
      Params:         0       2       0       0       0       0       0       0       0       0       0       0       0       0       0       0       0
      Locals:         0       0       0       0       0       0       0       0       0       0       0       0       0       0       0       0       0
      Temps:          0       4       0       0       0       0       0       0       0       0       0       0       0       0       0       0       0
      Totals:         0       6       0       0       0       0       0       0       0       0       0       0       0       0       0       0       0
Total ram usage:        6 bytes
 Hardware stack levels used:    1
 Hardware stack levels required when called:    6
 This function calls:
		___aldiv
		___altoft
		___lwtoft
		___ftdiv
		___ftmul
		___fttol
 This function is called by:
		_loop
 This function uses a non-reentrant model


 *************** function _DisplayOnLcdPosition *****************
 Defined at:
		line 264 in file "utils.c"
 Parameters:    Size  Location     Type
  line            1    6[BANK0 ] unsigned char 
  row             1    7[BANK0 ] unsigned char 
  data            2    8[BANK0 ] PTR unsigned char 
		 -> STR_10(4), STR_8(6), STR_6(6), chaine_clav(4), 
		 -> STR_5(6), STR_4(2), chaine_adc(100), STR_3(7), 
		 -> S_vent_string(10), 
 Auto vars:     Size  Location     Type
		None
 Return value:  Size  Location     Type
		None               void
 Registers used:
		wreg, fsr0l, fsr0h, status,2, status,0, tblptrl, tblptrh, tblptru, prodl, prodh, cstack
 Tracked objects:
		On entry : 
		On exit  : 
		Unchanged: 
 Data sizes:     COMRAM   BANK0   BANK1   BANK2   BANK3   BANK4   BANK5   BANK6   BANK7   BANK8   BANK9  BANK10  BANK11  BANK12  BANK13  BANK14  BANK15
      Params:         0       4       0       0       0       0       0       0       0       0       0       0       0       0       0       0       0
      Locals:         0       0       0       0       0       0       0       0       0       0       0       0       0       0       0       0       0
      Temps:          0       1       0       0       0       0       0       0       0       0       0       0       0       0       0       0       0
      Totals:         0       5       0       0       0       0       0       0       0       0       0       0       0       0       0       0       0
Total ram usage:        5 bytes
 Hardware stack levels used:    1
 Hardware stack levels required when called:    5
 This function calls:
		_affichage_chaine
 This function is called by:
		_loop
 This function uses a non-reentrant model


 *************** function _round *****************
 Defined at:
		line 7 in file "C:\Program Files (x86)\Microchip\xc8\v1.12\sources\round.c"
 Parameters:    Size  Location     Type
  x               3   92[BANK0 ] PTR unsigned char 
 Auto vars:     Size  Location     Type
  f               3   95[BANK0 ] PTR unsigned char 
 Return value:  Size  Location     Type
                  3   92[BANK0 ] PTR unsigned char 
 Registers used:
		wreg, fsr0l, fsr0h, fsr1l, fsr1h, fsr2l, fsr2h, status,2, status,0, pclat, tosl, structret, tblptrl, tblptrh, tblptru, prodl, prodh, bsr, cstack
 Tracked objects:
		On entry : 
		On exit  : 
		Unchanged: 
 Data sizes:     COMRAM   BANK0   BANK1   BANK2   BANK3   BANK4   BANK5   BANK6   BANK7   BANK8   BANK9  BANK10  BANK11  BANK12  BANK13  BANK14  BANK15
      Params:         0       3       0       0       0       0       0       0       0       0       0       0       0       0       0       0       0
      Locals:         0       3       0       0       0       0       0       0       0       0       0       0       0       0       0       0       0
      Temps:          0       0       0       0       0       0       0       0       0       0       0       0       0       0       0       0       0
      Totals:         0       6       0       0       0       0       0       0       0       0       0       0       0       0       0       0       0
Total ram usage:        6 bytes
 Hardware stack levels used:    1
 Hardware stack levels required when called:    7
 This function calls:
		_trunc
		___ftneg
		___ftadd
		___asftadd
 This function is called by:
		_loop
 This function uses a non-reentrant model


 *************** function _affichage_chaine *****************
 Defined at:
		line 255 in file "utils.c"
 Parameters:    Size  Location     Type
  chaine          2    0[BANK0 ] PTR unsigned char 
		 -> STR_10(4), STR_8(6), STR_7(2), STR_6(6), 
		 -> chaine_clav(4), STR_5(6), STR_4(2), chaine_adc(100), 
		 -> STR_3(7), S_vent_string(10), 
 Auto vars:     Size  Location     Type
  i               1    5[BANK0 ] unsigned char 
 Return value:  Size  Location     Type
		None               void
 Registers used:
		wreg, fsr0l, fsr0h, status,2, status,0, tblptrl, tblptrh, tblptru, prodl, prodh
 Tracked objects:
		On entry : 
		On exit  : 
		Unchanged: 
 Data sizes:     COMRAM   BANK0   BANK1   BANK2   BANK3   BANK4   BANK5   BANK6   BANK7   BANK8   BANK9  BANK10  BANK11  BANK12  BANK13  BANK14  BANK15
      Params:         0       2       0       0       0       0       0       0       0       0       0       0       0       0       0       0       0
      Locals:         0       1       0       0       0       0       0       0       0       0       0       0       0       0       0       0       0
      Temps:          0       3       0       0       0       0       0       0       0       0       0       0       0       0       0       0       0
      Totals:         0       6       0       0       0       0       0       0       0       0       0       0       0       0       0       0       0
Total ram usage:        6 bytes
 Hardware stack levels used:    1
 Hardware stack levels required when called:    4
 This function calls:
		Nothing
 This function is called by:
		_loop
		_DisplayOnLcdPosition
 This function uses a non-reentrant model


 *************** function _DelayLCDShort *****************
 Defined at:
		line 34 in file "utils.c"
 Parameters:    Size  Location     Type
		None
 Auto vars:     Size  Location     Type
		None
 Return value:  Size  Location     Type
		None               void
 Registers used:
		wreg
 Tracked objects:
		On entry : 
		On exit  : 
		Unchanged: 
 Data sizes:     COMRAM   BANK0   BANK1   BANK2   BANK3   BANK4   BANK5   BANK6   BANK7   BANK8   BANK9  BANK10  BANK11  BANK12  BANK13  BANK14  BANK15
      Params:         0       0       0       0       0       0       0       0       0       0       0       0       0       0       0       0       0
      Locals:         0       0       0       0       0       0       0       0       0       0       0       0       0       0       0       0       0
      Temps:          0       0       0       0       0       0       0       0       0       0       0       0       0       0       0       0       0
      Totals:         0       0       0       0       0       0       0       0       0       0       0       0       0       0       0       0       0
[...]


 *************** function i2_DisplayOnLcdPosition *****************
 Defined at:
		line 264 in file "utils.c"
 Parameters:    Size  Location     Type
  DisplayOnLcd    1    6[COMRAM] unsigned char 
  DisplayOnLcd    1    7[COMRAM] unsigned char 
  DisplayOnLcd    2    8[COMRAM] PTR unsigned char 
		 -> STR_10(4), STR_8(6), STR_6(6), chaine_clav(4), 
		 -> STR_5(6), STR_4(2), chaine_adc(100), STR_3(7), 
		 -> S_vent_string(10), 
 Auto vars:     Size  Location     Type
		None
 Return value:  Size  Location     Type
		None               void
 Registers used:
		wreg, fsr0l, fsr0h, status,2, status,0, tblptrl, tblptrh, tblptru, prodl, prodh, cstack
 Tracked objects:
		On entry : 
		On exit  : 
		Unchanged: 
 Data sizes:     COMRAM   BANK0   BANK1   BANK2   BANK3   BANK4   BANK5   BANK6   BANK7   BANK8   BANK9  BANK10  BANK11  BANK12  BANK13  BANK14  BANK15
      Params:         4       0       0       0       0       0       0       0       0       0       0       0       0       0       0       0       0
      Locals:         0       0       0       0       0       0       0       0       0       0       0       0       0       0       0       0       0
      Temps:          1       0       0       0       0       0       0       0       0       0       0       0       0       0       0       0       0
      Totals:         5       0       0       0       0       0       0       0       0       0       0       0       0       0       0       0       0
Total ram usage:        5 bytes
 Hardware stack levels used:    1
 Hardware stack levels required when called:    1
 This function calls:
		i2_affichage_chaine
 This function is called by:
		_interruptions
 This function uses a non-reentrant model


 *************** function i2_affichage_chaine *****************
 Defined at:
		line 255 in file "utils.c"
 Parameters:    Size  Location     Type
  affichage_ch    2    0[COMRAM] PTR unsigned char 
		 -> STR_10(4), STR_8(6), STR_7(2), STR_6(6), 
		 -> chaine_clav(4), STR_5(6), STR_4(2), chaine_adc(100), 
		 -> STR_3(7), S_vent_string(10), 
 Auto vars:     Size  Location     Type
  affichage_ch    1    5[COMRAM] unsigned char 
 Return value:  Size  Location     Type
		None               void
 Registers used:
		wreg, fsr0l, fsr0h, status,2, status,0, tblptrl, tblptrh, tblptru, prodl, prodh
 Tracked objects:
		On entry : 
		On exit  : 
		Unchanged: 
 Data sizes:     COMRAM   BANK0   BANK1   BANK2   BANK3   BANK4   BANK5   BANK6   BANK7   BANK8   BANK9  BANK10  BANK11  BANK12  BANK13  BANK14  BANK15
      Params:         2       0       0       0       0       0       0       0       0       0       0       0       0       0       0       0       0
      Locals:         1       0       0       0       0       0       0       0       0       0       0       0       0       0       0       0       0
      Temps:          3       0       0       0       0       0       0       0       0       0       0       0       0       0       0       0       0
      Totals:         6       0       0       0       0       0       0       0       0       0       0       0       0       0       0       0       0
Total ram usage:        6 bytes
 Hardware stack levels used:    1
 This function calls:
		Nothing
 This function is called by:
		i2_DisplayOnLcdPosition
 This function uses a non-reentrant model


 *************** function i2___aldiv *****************
 Defined at:
		line 10 in file "C:\Program Files (x86)\Microchip\xc8\v1.12\sources\aldiv.c"
 Parameters:    Size  Location     Type
  __aldiv         4    0[COMRAM] long 
  __aldiv         4    4[COMRAM] long 
 Auto vars:     Size  Location     Type
  __aldiv         4   11[COMRAM] long 
  __aldiv         1   10[COMRAM] unsigned char 
  __aldiv         1    9[COMRAM] unsigned char 
 Return value:  Size  Location     Type
                  4    0[COMRAM] long 
 Registers used:
		wreg, status,2, status,0
 Tracked objects:
		On entry : 
		On exit  : 
		Unchanged: 
 Data sizes:     COMRAM   BANK0   BANK1   BANK2   BANK3   BANK4   BANK5   BANK6   BANK7   BANK8   BANK9  BANK10  BANK11  BANK12  BANK13  BANK14  BANK15
      Params:         8       0       0       0       0       0       0       0       0       0       0       0       0       0       0       0       0
      Locals:         6       0       0       0       0       0       0       0       0       0       0       0       0       0       0       0       0
      Temps:          1       0       0       0       0       0       0       0       0       0       0       0       0       0       0       0       0
      Totals:        15       0       0       0       0       0       0       0       0       0       0       0       0       0       0       0       0
Total ram usage:       15 bytes
 Hardware stack levels used:    1
 This function calls:
		Nothing
 This function is called by:
		i2_PWM_Duty
 This function uses a non-reentrant model


 *************** function i2___altoft *****************
 Defined at:
		line 43 in file "C:\Program Files (x86)\Microchip\xc8\v1.12\sources\altoft.c"
 Parameters:    Size  Location     Type
  __altoft        4   30[COMRAM] long 
 Auto vars:     Size  Location     Type
  __altoft        1   39[COMRAM] unsigned char 
  __altoft        1   38[COMRAM] unsigned char 
 Return value:  Size  Location     Type
                  3   30[COMRAM] float 
 Registers used:
		wreg, status,2, status,0, cstack
 Tracked objects:
		On entry : 
		On exit  : 
		Unchanged: 
 Data sizes:     COMRAM   BANK0   BANK1   BANK2   BANK3   BANK4   BANK5   BANK6   BANK7   BANK8   BANK9  BANK10  BANK11  BANK12  BANK13  BANK14  BANK15
      Params:         4       0       0       0       0       0       0       0       0       0       0       0       0       0       0       0       0
      Locals:         2       0       0       0       0       0       0       0       0       0       0       0       0       0       0       0       0
      Temps:          4       0       0       0       0       0       0       0       0       0       0       0       0       0       0       0       0
      Totals:        10       0       0       0       0       0       0       0       0       0       0       0       0       0       0       0       0
Total ram usage:       10 bytes
 Hardware stack levels used:    1
 Hardware stack levels required when called:    1
 This function calls:
		i2___ftpack
 This function is called by:
		i2_PWM_Duty
 This function uses a non-reentrant model


 *************** function i2___ftdiv *****************
 Defined at:
		line 50 in file "C:\Program Files (x86)\Microchip\xc8\v1.12\sources\ftdiv.c"
 Parameters:    Size  Location     Type
  __ftdiv         3   35[COMRAM] float 
  __ftdiv         3   38[COMRAM] float 
 Auto vars:     Size  Location     Type
  __ftdiv         3   47[COMRAM] float 
  __ftdiv         1   51[COMRAM] unsigned char 
  __ftdiv         1   50[COMRAM] unsigned char 
  __ftdiv         1   46[COMRAM] unsigned char 
 Return value:  Size  Location     Type
                  3   35[COMRAM] float 
 Registers used:
		wreg, status,2, status,0, cstack
 Tracked objects:
		On entry : 
		On exit  : 
		Unchanged: 
 Data sizes:     COMRAM   BANK0   BANK1   BANK2   BANK3   BANK4   BANK5   BANK6   BANK7   BANK8   BANK9  BANK10  BANK11  BANK12  BANK13  BANK14  BANK15
      Params:         6       0       0       0       0       0       0       0       0       0       0       0       0       0       0       0       0
      Locals:         6       0       0       0       0       0       0       0       0       0       0       0       0       0       0       0       0
      Temps:          5       0       0       0       0       0       0       0       0       0       0       0       0       0       0       0       0
      Totals:        17       0       0       0       0       0       0       0       0       0       0       0       0       0       0       0       0
Total ram usage:       17 bytes
 Hardware stack levels used:    1
 Hardware stack levels required when called:    1
 This function calls:
		i2___ftpack
 This function is called by:
		i2_PWM_Duty
 This function uses a non-reentrant model


 *************** function i2___ftmul *****************
 Defined at:
		line 52 in file "C:\Program Files (x86)\Microchip\xc8\v1.12\sources\ftmul.c"
 Parameters:    Size  Location     Type
  __ftmul         3   52[COMRAM] float 
  __ftmul         3   55[COMRAM] float 
 Auto vars:     Size  Location     Type
  __ftmul         3   64[COMRAM] unsigned um
  __ftmul         1   68[COMRAM] unsigned char 
  __ftmul         1   67[COMRAM] unsigned char 
  __ftmul         1   63[COMRAM] unsigned char 
 Return value:  Size  Location     Type
                  3   52[COMRAM] float 
 Registers used:
		wreg, status,2, status,0, cstack
 Tracked objects:
		On entry : 
		On exit  : 
		Unchanged: 
 Data sizes:     COMRAM   BANK0   BANK1   BANK2   BANK3   BANK4   BANK5   BANK6   BANK7   BANK8   BANK9  BANK10  BANK11  BANK12  BANK13  BANK14  BANK15
      Params:         6       0       0       0       0       0       0       0       0       0       0       0       0       0       0       0       0
      Locals:         6       0       0       0       0       0       0       0       0       0       0       0       0       0       0       0       0
      Temps:          5       0       0       0       0       0       0       0       0       0       0       0       0       0       0       0       0
      Totals:        17       0       0       0       0       0       0       0       0       0       0       0       0       0       0       0       0
Total ram usage:       17 bytes
 Hardware stack levels used:    1
 Hardware stack levels required when called:    1
 This function calls:
		i2___ftpack
 This function is called by:
		i2_PWM_Duty
 This function uses a non-reentrant model


 *************** function i2___fttol *****************
 Defined at:
		line 45 in file "C:\Program Files (x86)\Microchip\xc8\v1.12\sources\fttol.c"
 Parameters:    Size  Location     Type
  __fttol         3   15[COMRAM] float 
 Auto vars:     Size  Location     Type
  __fttol         4   25[COMRAM] unsigned long 
  __fttol         1   29[COMRAM] unsigned char 
  __fttol         1   24[COMRAM] unsigned char 
 Return value:  Size  Location     Type
                  4   15[COMRAM] long 
 Registers used:
		wreg, status,2, status,0
 Tracked objects:
		On entry : 
		On exit  : 
		Unchanged: 
 Data sizes:     COMRAM   BANK0   BANK1   BANK2   BANK3   BANK4   BANK5   BANK6   BANK7   BANK8   BANK9  BANK10  BANK11  BANK12  BANK13  BANK14  BANK15
      Params:         4       0       0       0       0       0       0       0       0       0       0       0       0       0       0       0       0
      Locals:         6       0       0       0       0       0       0       0       0       0       0       0       0       0       0       0       0
      Temps:          5       0       0       0       0       0       0       0       0       0       0       0       0       0       0       0       0
      Totals:        15       0       0       0       0       0       0       0       0       0       0       0       0       0       0       0       0
Total ram usage:       15 bytes
 Hardware stack levels used:    1
 This function calls:
		Nothing
 This function is called by:
		i2_PWM_Duty
 This function uses a non-reentrant model


 *************** function i2___lwtoft *****************
 Defined at:
		line 29 in file "C:\Program Files (x86)\Microchip\xc8\v1.12\sources\lwtoft.c"
 Parameters:    Size  Location     Type
  __lwtoft        2   30[COMRAM] unsigned int 
 Auto vars:     Size  Location     Type
		None
 Return value:  Size  Location     Type
                  3   30[COMRAM] float 
 Registers used:
		wreg, status,2, status,0, cstack
 Tracked objects:
		On entry : 
		On exit  : 
		Unchanged: 
 Data sizes:     COMRAM   BANK0   BANK1   BANK2   BANK3   BANK4   BANK5   BANK6   BANK7   BANK8   BANK9  BANK10  BANK11  BANK12  BANK13  BANK14  BANK15
      Params:         3       0       0       0       0       0       0       0       0       0       0       0       0       0       0       0       0
      Locals:         0       0       0       0       0       0       0       0       0       0       0       0       0       0       0       0       0
      Temps:          2       0       0       0       0       0       0       0       0       0       0       0       0       0       0       0       0
      Totals:         5       0       0       0       0       0       0       0       0       0       0       0       0       0       0       0       0
Total ram usage:        5 bytes
 Hardware stack levels used:    1
 Hardware stack levels required when called:    1
 This function calls:
		i2___ftpack
 This function is called by:
		i2_PWM_Duty
 This function uses a non-reentrant model


 *************** function i2___ftpack *****************
 Defined at:
		line 63 in file "C:\Program Files (x86)\Microchip\xc8\v1.12\sources\float.c"
 Parameters:    Size  Location     Type
  __ftpack        3    0[COMRAM] unsigned um
  __ftpack        1    3[COMRAM] unsigned char 
  __ftpack        1    4[COMRAM] unsigned char 
 Auto vars:     Size  Location     Type
		None
 Return value:  Size  Location     Type
                  3    0[COMRAM] float 
 Registers used:
		wreg, status,2, status,0
 Tracked objects:
		On entry : 
		On exit  : 
		Unchanged: 
 Data sizes:     COMRAM   BANK0   BANK1   BANK2   BANK3   BANK4   BANK5   BANK6   BANK7   BANK8   BANK9  BANK10  BANK11  BANK12  BANK13  BANK14  BANK15
      Params:         5       0       0       0       0       0       0       0       0       0       0       0       0       0       0       0       0
      Locals:         0       0       0       0       0       0       0       0       0       0       0       0       0       0       0       0       0
      Temps:          3       0       0       0       0       0       0       0       0       0       0       0       0       0       0       0       0
      Totals:         8       0       0       0       0       0       0       0       0       0       0       0       0       0       0       0       0
Total ram usage:        8 bytes
 Hardware stack levels used:    1
 This function calls:
		Nothing
 This function is called by:
		i2___altoft
		i2___ftdiv
		i2___ftmul
		i2___lwtoft
 This function uses a non-reentrant model



MODULE INFORMATION

Module		Function		Class		Link	Load	Size
C:\Program Files (x86)\Microchip\xc8\v1.12\sources\lmul.c
		___lmul        		CODE           	365C	0000	168

C:\Program Files (x86)\Microchip\xc8\v1.12\sources\lmul.c estimated size: 168

C:\Program Files (x86)\Microchip\xc8\v1.12\sources\frexp.c
		_frexp         		CODE           	35AC	0000	176

C:\Program Files (x86)\Microchip\xc8\v1.12\sources\frexp.c estimated size: 176

C:\Program Files (x86)\Microchip\xc8\v1.12\sources\doprnt.c
		_sprintf       		CODE           	155C	0000	1044

C:\Program Files (x86)\Microchip\xc8\v1.12\sources\doprnt.c estimated size: 1044

C:\Program Files (x86)\Microchip\xc8\v1.12\sources\trunc.c
		_trunc         		CODE           	34F8	0000	180

C:\Program Files (x86)\Microchip\xc8\v1.12\sources\trunc.c estimated size: 180

C:\Program Files (x86)\Microchip\xc8\v1.12\sources\aldiv.c
		___aldiv       		CODE           	232C	0000	472

C:\Program Files (x86)\Microchip\xc8\v1.12\sources\aldiv.c estimated size: 472

C:\Program Files (x86)\Microchip\xc8\v1.12\sources\altoft.c
		___altoft      		CODE           	3278	0000	234

C:\Program Files (x86)\Microchip\xc8\v1.12\sources\altoft.c estimated size: 234

C:\Program Files (x86)\Microchip\xc8\v1.12\sources\ftdiv.c
		___ftdiv       		CODE           	1F52	0000	502

C:\Program Files (x86)\Microchip\xc8\v1.12\sources\ftdiv.c estimated size: 502

C:\Program Files (x86)\Microchip\xc8\v1.12\sources\lldiv.c
		___lldiv       		CODE           	2D52	0000	288

C:\Program Files (x86)\Microchip\xc8\v1.12\sources\lldiv.c estimated size: 288

../common/asftadd.c
		___asftadd     		CODE           	3EB2	0000	70

../common/asftadd.c estimated size: 70

C:\Program Files (x86)\Microchip\xc8\v1.12\sources\awtoft.c
		___awtoft      		CODE           	3A98	0000	124

C:\Program Files (x86)\Microchip\xc8\v1.12\sources\awtoft.c estimated size: 124

C:\Program Files (x86)\Microchip\xc8\v1.12\sources\ftneg.c
		___ftneg       		CODE           	3F3C	0000	62

C:\Program Files (x86)\Microchip\xc8\v1.12\sources\ftneg.c estimated size: 62

shared
		__stringdata   		SMALLCONST     	1016	0000	106
		i2___ftdiv     		CODE           	2E72	0000	286
		i2___fttol     		CODE           	2C22	0000	304
		_moninit       		SMALLCONST     	0000	0000	4108
		_dpowers       		SMALLCONST     	100C	0000	10
		i2___lwtoft    		CODE           	3F7A	0000	46
		i2_PWM_Duty    		CODE           	3094	0000	246
		i2___ftmul     		CODE           	29B2	0000	318
		i2___ftpack    		CODE           	318A	0000	238
		__initializatio		CODE           	3EF8	0000	62
		i2___aldiv     		CODE           	2F90	0000	260
		i2___altoft    		CODE           	3982	0000	148
		i2_DisplayOnLcd		CODE           	3DB8	0000	100
		i2_affichage_ch		CODE           	3704	0000	166

shared estimated size: 6398

C:\Program Files (x86)\Microchip\xc8\v1.12\sources\ftmul.c
		___ftmul       		CODE           	1D28	0000	554

C:\Program Files (x86)\Microchip\xc8\v1.12\sources\ftmul.c estimated size: 554

C:\Program Files (x86)\Microchip\xc8\v1.12\sources\fttol.c
		___fttol       		CODE           	2148	0000	484

C:\Program Files (x86)\Microchip\xc8\v1.12\sources\fttol.c estimated size: 484

C:\Program Files (x86)\Microchip\xc8\v1.12\sources\lwtoft.c
		___lwtoft      		CODE           	3E1C	0000	76

C:\Program Files (x86)\Microchip\xc8\v1.12\sources\lwtoft.c estimated size: 76

main.c
		_loop          		CODE           	1082	0000	1242
		_main          		CODE           	3FB8	0000	14
		_setup         		CODE           	3B90	0000	118

main.c estimated size: 1374

C:\Program Files (x86)\Microchip\xc8\v1.12\sources\wmul.c
		___wmul        		CODE           	3CEA	0000	104

C:\Program Files (x86)\Microchip\xc8\v1.12\sources\wmul.c estimated size: 104

C:\Program Files (x86)\Microchip\xc8\v1.12\sources\round.c
		_round         		CODE           	38EE	0000	148

C:\Program Files (x86)\Microchip\xc8\v1.12\sources\round.c estimated size: 148

C:\Program Files (x86)\Microchip\xc8\v1.12\sources\isdigit.c
		_isdigit       		CODE           	3E68	0000	74

C:\Program Files (x86)\Microchip\xc8\v1.12\sources\isdigit.c estimated size: 74

utils.c
		_PWM_Duty      		CODE           	2AF0	0000	306
		_Timer_init    		CODE           	3FC6	0000	10
		_DelayLCDShort 		CODE           	3FD8	0000	8
		_affichage_chai		CODE           	3362	0000	214
		_CLAVIER_read  		CODE           	3D52	0000	102
		_PWM_init      		CODE           	3A16	0000	130
		_LCD_init      		CODE           	284A	0000	360
		_DisplayOnLcdPo		CODE           	3C06	0000	118
		_interruptions 		CODE           	0008	0000	582
		_LCD_puts      		CODE           	37AA	0000	164
		_send_msg      		CODE           	3B14	0000	124
		_ADC_Read      		CODE           	2504	0000	442
		_Ports_init    		CODE           	3C7C	0000	110
		_send_1        		CODE           	3FA8	0000	16

utils.c estimated size: 2686

C:\Program Files (x86)\Microchip\xc8\v1.12\sources\lwmod.c
		___lwmod       		CODE           	384E	0000	160

C:\Program Files (x86)\Microchip\xc8\v1.12\sources\lwmod.c estimated size: 160

C:\Program Files (x86)\Microchip\xc8\v1.12\sources\ftadd.c
		___ftadd       		CODE           	1970	0000	952

C:\Program Files (x86)\Microchip\xc8\v1.12\sources\ftadd.c estimated size: 952

C:\Program Files (x86)\Microchip\xc8\v1.12\sources\lwdiv.c
		___lwdiv       		CODE           	3438	0000	192

C:\Program Files (x86)\Microchip\xc8\v1.12\sources\lwdiv.c estimated size: 192

C:\Program Files (x86)\Microchip\xc8\v1.12\sources\float.c
		___ftpack      		CODE           	26BE	0000	396

C:\Program Files (x86)\Microchip\xc8\v1.12\sources\float.c estimated size: 396

