Microchip MPLAB XC8 Compiler V1.12 ()

Linker command line:

-W-3 --edf=C:\Program Files (x86)\Microchip\xc8\v1.12\dat\en_msgs.txt -cs \
  -h+dist/default/production\PROJET_MICRO_FW_ASSER-Clement.production.sym \
  -z -Q18F87K22 -ol.obj \
  -Mdist/default/production/PROJET_MICRO_FW_ASSER-Clement.production.map \
  -E1 -ver=XC8 -ACODE=00h-01FFFFh -ACONST=00h-01FFFFh \
  -ASMALLCONST=01000h-010FFhx496 \
  -AMEDIUMCONST=01000h-0FFFFh,011000h-01FFFFh -AFARRAM=020000h-01FFFFFh \
  -ACOMRAM=01h-05Fh -AABS1=00h-0F15h -ABIGRAM=01h-0F15h \
  -ARAM=060h-0FFh,0100h-01FFhx14,0F00h-0F15h -ABANK0=060h-0FFh \
  -ABANK1=0100h-01FFh -ABANK2=0200h-02FFh -ABANK3=0300h-03FFh \
  -ABANK4=0400h-04FFh -ABANK5=0500h-05FFh -ABANK6=0600h-06FFh \
  -ABANK7=0700h-07FFh -ABANK8=0800h-08FFh -ABANK9=0900h-09FFh \
  -ABANK10=0A00h-0AFFh -ABANK11=0B00h-0BFFh -ABANK12=0C00h-0CFFh \
  -ABANK13=0D00h-0DFFh -ABANK14=0E00h-0EFFh -ABANK15=0F00h-0F15h \
  -ASFR=0F16h-0F5Fh,0F60h-0FFFh \
  -preset_vec=00h,intcode=08h,intcodelo,powerup,init,end_init \
  -pramtop=01000h -psmallconst=SMALLCONST -pmediumconst=MEDIUMCONST \
  -pconst=CONST -AFARRAM=020000h-01FFFFFh -ACONFIG=0300000h-030000Dh \
  -pconfig=CONFIG -AIDLOC=0200000h-0200007h -pidloc=IDLOC \
  -AEEDATA=0F00000h-0F003FFh -peeprom_data=EEDATA \
  -prdata=COMRAM,nvrram=COMRAM,nvbit=COMRAM,rbss=COMRAM,rbit=COMRAM \
  -pfarbss=FARRAM,fardata=FARRAM \
  -pintsave_regs=BIGRAM,bigbss=BIGRAM,bigdata=BIGRAM -pbss=RAM \
  -pidata=CODE,irdata=CODE,ibigdata=CODE,ifardata=CODE \
  C:\Users\Clement\AppData\Local\Temp\sbtg.obj \
  dist/default/production\PROJET_MICRO_FW_ASSER-Clement.production.obj 

Object code version is 3.10

Machine type is 18F87K22

Call graph: (short form)




                Name                               Link     Load   Length Selector   Space Scale
C:\Users\Clement\AppData\Local\Temp\sbtg.obj
                end_init                             8E       8E        4        4       0
                reset_vec                             0        0        4        0       0
                idloc                            200000   200000        8   200000       0
                config                           300000   300000        E   300000       0
dist/default/production\PROJET_MICRO_FW_ASSER-Clement.production.obj
                intcode                               8        8       86        4       0
                smallconst                         1000     1000       8A      800       0
                text37                             2D72     2D72       50      845       0
                text35                             2526     2526       EE      845       0
                text34                             2932     2932       94      845       0
                text33                             15CE     15CE      3B6      845       0
                text32                             2E0E     2E0E       46      845       0
                text31                             29C6     29C6       80      845       0
                text30                             2E92     2E92       3E      845       0
                text29                             1C66     1C66      1A0      845       0
                text28                             26BE     26BE       A8      845       0
                text27                             2B1E     2B1E       6C      845       0
                text26                             2C54     2C54       62      845       0
                text25                             2F2E     2F2E       2E      845       0
                text24                             2D16     2D16       5C      845       0
                text23                             2802     2802       9C      845       0
                text22                             2E54     2E54       3E      845       0
                text21                             20BE     20BE      13E      845       0
                text20                             21FC     21FC      11E      845       0
                text19                             2DC2     2DC2       4C      845       0
                text18                             2422     2422      104      845       0
                text17                             2ED0     2ED0       30      845       0
                text16                             2F94     2F94        8      845       0
                text15                             1F6A     1F6A      154      845       0
                text14                             1984     1984      2E2      845       0
                text13                             2F7A     2F7A       10      845       0
                text12                             1E06     1E06      164      845       0
                text11                             2766     2766       9C      845       0
                text10                             2BF0     2BF0       64      845       0
                text9                              2F8A     2F8A        A      845       0
                text8                              2B8A     2B8A       66      845       0
                text7                              231A     231A      108      845       0
                text6                              289E     289E       94      845       0
                text5                              108A     108A      544      845       0
                text4                              2AB2     2AB2       6C      845       0
                text3                              2F9C     2F9C        6      845       0
                text2                              2614     2614       AA      845       0
                text1                              2CB6     2CB6       60      845       0
                text0                              2F00     2F00       2E      845       0
                cstackCOMRAM                          1        1       41        1       1
                cstackBANK0                          B7       B7       29       60       1
                cstackBANK1                         180      180       10      101       1
                bssBANK1                            101      101       7F      101       1
                dataBANK0                            E0       E0       1E       60       1
                bssBANK0                             60       60       57       60       1
                dataCOMRAM                           4C       4C        4        1       1
                bssCOMRAM                            42       42        A        1       1
                bitbssCOMRAM                        280       50        1        1       1     8
                cinit                              2A46     2A46       6C      845       0
                idataBANK0                         2F5C     2F5C       1E      845       0
                idataCOMRAM                        2FA2     2FA2        4      845       0

TOTAL           Name                               Link     Load   Length     Space
        CLASS   CODE           
                end_init                             8E       8E        4         0
                intcode                               8        8       86         0
                reset_vec                             0        0        4         0
                text37                             2D72     2D72       50         0
                text35                             2526     2526       EE         0
                text34                             2932     2932       94         0
                text33                             15CE     15CE      3B6         0
                text32                             2E0E     2E0E       46         0
                text31                             29C6     29C6       80         0
                text30                             2E92     2E92       3E         0
                text29                             1C66     1C66      1A0         0
                text28                             26BE     26BE       A8         0
                text27                             2B1E     2B1E       6C         0
                text26                             2C54     2C54       62         0
                text25                             2F2E     2F2E       2E         0
                text24                             2D16     2D16       5C         0
                text23                             2802     2802       9C         0
                text22                             2E54     2E54       3E         0
                text21                             20BE     20BE      13E         0
                text20                             21FC     21FC      11E         0
                text19                             2DC2     2DC2       4C         0
                text18                             2422     2422      104         0
                text17                             2ED0     2ED0       30         0
                text16                             2F94     2F94        8         0
                text15                             1F6A     1F6A      154         0
                text14                             1984     1984      2E2         0
                text13                             2F7A     2F7A       10         0
                text12                             1E06     1E06      164         0
                text11                             2766     2766       9C         0
                text10                             2BF0     2BF0       64         0
                text9                              2F8A     2F8A        A         0
                text8                              2B8A     2B8A       66         0
                text7                              231A     231A      108         0
                text6                              289E     289E       94         0
                text5                              108A     108A      544         0
                text4                              2AB2     2AB2       6C         0
                text3                              2F9C     2F9C        6         0
                text2                              2614     2614       AA         0
                text1                              2CB6     2CB6       60         0
                text0                              2F00     2F00       2E         0
                cinit                              2A46     2A46       6C         0
                idataBANK0                         2F5C     2F5C       1E         0
                idataCOMRAM                        2FA2     2FA2        4         0

        CLASS   CONST          

        CLASS   SMALLCONST     
                smallconst                         1000     1000       8A         0

        CLASS   MEDIUMCONST    

        CLASS   FARRAM         

        CLASS   COMRAM         
                cstackCOMRAM                          1        1       41         1
                dataCOMRAM                           4C       4C        4         1
                bssCOMRAM                            42       42        A         1
                bitbssCOMRAM                        280       50        1         1

        CLASS   ABS1           
                abs_s1                              100      100        1         1

        CLASS   BIGRAM         

        CLASS   RAM            

        CLASS   BANK0          
                cstackBANK0                          B7       B7       29         1
                dataBANK0                            E0       E0       1E         1
                bssBANK0                             60       60       57         1

        CLASS   BANK1          
                cstackBANK1                         180      180       10         1
                bssBANK1                            101      101       7F         1

        CLASS   BANK2          

        CLASS   BANK3          

        CLASS   BANK4          

        CLASS   BANK5          

        CLASS   BANK6          

        CLASS   BANK7          

        CLASS   BANK8          

        CLASS   BANK9          

        CLASS   BANK10         

        CLASS   BANK11         

        CLASS   BANK12         

        CLASS   BANK13         

        CLASS   BANK14         

        CLASS   BANK15         

        CLASS   SFR            

        CLASS   CONFIG         
                config                           300000   300000        E         0

        CLASS   IDLOC          
                idloc                            200000   200000        8         0

        CLASS   EEDATA         



SEGMENTS        Name                           Load    Length   Top    Selector   Space  Class

                reset_vec                      000000  000004  000004         0       0  CODE    
                cstackCOMRAM                   000001  000050  000051         1       1  COMRAM  
                intcode                        000008  00008A  000092         4       0  CODE    
                bssBANK0                       000060  00009E  0000FE        60       1  BANK0   
                bssBANK1                       000101  00008F  000190       101       1  BANK1   
                smallconst                     001000  00008A  00108A       800       0  SMALLCON
                text5                          00108A  001F1C  002FA6       845       0  CODE    
                idloc                          200000  000008  200008    200000       0  IDLOC   
                config                         300000  00000E  30000E    300000       0  CONFIG  


UNUSED ADDRESS RANGES

        Name                Unused          Largest block    Delta
        BANK0            0000FE-0000FF                2
        BANK1            000190-0001FF               70
        BANK10           000A00-000AFF              100
        BANK11           000B00-000BFF              100
        BANK12           000C00-000CFF              100
        BANK13           000D00-000DFF              100
        BANK14           000E00-000EFF              100
        BANK15           000F00-000F15               16
        BANK2            000200-0002FF              100
        BANK3            000300-0003FF              100
        BANK4            000400-0004FF              100
        BANK5            000500-0005FF              100
        BANK6            000600-0006FF              100
        BANK7            000700-0007FF              100
        BANK8            000800-0008FF              100
        BANK9            000900-0009FF              100
        BIGRAM           000051-00005F                F
                         0000FE-0000FF                2
                         000190-000F15              D86
        CODE             000004-000007                4
                         000092-000FFF              F6E
                         002FA6-01FFFF            1D05A
        COMRAM           000051-00005F                F
        CONST            000004-000007                4
                         000092-000FFF              F6E
                         002FA6-01FFFF            1D05A
        EEDATA           F00000-F003FF              400
        FARRAM           020000-1FFFFF           1E0000
        MEDIUMCONST      002FA6-00FFFF             D05A
                         011000-01FFFF             F000
        RAM              0000FE-0000FF                2
                         000190-000F15              100
        SFR              000F16-000FFF               4A
        SMALLCONST       002FA6-01FFFF              100

                                  Symbol Table

?_ADC_Read                     cstackCOMRAM 000040
?_DisplayOnLcdPosition         cstackCOMRAM 000015
?_LCD_Puts                     cstackCOMRAM 00000F
?_PWM_Duty                     cstackBANK0  0000C2
?___aldiv                      cstackCOMRAM 00000F
?___altoft                     cstackCOMRAM 00001E
?___asftadd                    cstackBANK0  0000DB
?___awtoft                     cstackCOMRAM 000017
?___ftadd                      cstackBANK0  0000CD
?___ftdiv                      cstackCOMRAM 00001C
?___ftmul                      cstackCOMRAM 00002D
?___ftneg                      cstackBANK0  0000CA
?___ftpack                     cstackCOMRAM 00000F
?___fttol                      cstackCOMRAM 00003E
?___lldiv                      cstackCOMRAM 00001B
?___lmul                       cstackCOMRAM 00000F
?___lwdiv                      cstackCOMRAM 00000F
?___lwmod                      cstackCOMRAM 000017
?___lwtoft                     cstackCOMRAM 000017
?___wmul                       cstackCOMRAM 00000F
?_frexp                        cstackCOMRAM 00000F
?_isdigit                      cstackCOMRAM 00000F
?_round                        cstackBANK1  000180
?_sprintf                      cstackCOMRAM 000029
?_trunc                        cstackBANK0  0000C2
ADC_Read@pot                   cstackBANK0  0000B7
ADC_Read@pot_value             cstackBANK0  0000BD
ADC_Read@valeur_pwm            cstackBANK0  0000BB
DisplayOnLcdPosition@data      cstackCOMRAM 000017
DisplayOnLcdPosition@line      cstackCOMRAM 000015
DisplayOnLcdPosition@row       cstackCOMRAM 000016
LCD_Puts@chaine                cstackCOMRAM 00000F
LCD_Puts@i                     cstackCOMRAM 000014
PWM_Duty@duty                  cstackBANK0  0000C2
_ADCON0                        (abs)        000FC2
_ADCON0bits                    (abs)        000FC2
_ADCON1                        (abs)        000FC1
_ADCON2                        (abs)        000FC0
_ADC_Read                      text12       001E06
_ADRES                         (abs)        000FC3
_ALRMRPT                       (abs)        000F5A
_ANCON0                        (abs)        000F25
_ANCON1                        (abs)        000F24
_ANCON2                        (abs)        000F23
_BAUDCON1bits                  (abs)        000F65
_CCP1M2                        (abs)        007DDA
_CCP1M3                        (abs)        007DDB
_CCP1X                         (abs)        007DDD
_CCP1Y                         (abs)        007DDC
_CCPR1L                        (abs)        000FBC
_CLAVIER                       (abs)        180000
_DelayLCDShort                 text16       002F94
_DisplayOnLcdPosition          text10       002BF0
_EECON2                        (abs)        000F7E
_EEPROM                        (abs)        000100
_INTCON                        (abs)        000FF2
_INTCON2                       (abs)        000FF1
_INTCONbits                    (abs)        000FF2
_Interrupt_Init                text13       002F7A
_LATA                          (abs)        000F89
_LATB                          (abs)        000F8A
_LATC                          (abs)        000F8B
_LATD                          (abs)        000F8C
_LATDbits                      (abs)        000F8C
_LATE                          (abs)        000F8D
_LATF                          (abs)        000F8E
_LATG                          (abs)        000F8F
_LATGbits                      (abs)        000F8F
_LATH                          (abs)        000F90
_LCD_CTRL_PORT                 (abs)        1A0000
_LCD_DATA_PORT                 (abs)        1A0002
_LCD_Init                      text15       001F6A
_LCD_Puts                      text11       002766
_MEMCON                        (abs)        000F26
_OSCCON                        (abs)        000FD3
_OSCCON2                       (abs)        000F64
_OSCTUNE                       (abs)        000F9B
_PADCFG1                       (abs)        000F53
_PIE1bits                      (abs)        000F9D
_PIE3bits                      (abs)        000FA3
_PIR3bits                      (abs)        000FA4
_PORTGbits                     (abs)        000F86
_PORTHbits                     (abs)        000F87
_PR2                           (abs)        000FCB
_PWM_Duty                      text7        00231A
_PWM_Init                      text8        002B8A
_PWM_VAL                       bssCOMRAM    000048
_PWM_clav                      bssBANK0     000090
_PWM_freq                      dataCOMRAM   00004C
_Ports_Init                    text4        002AB2
_RCSTA1bits                    (abs)        000FAB
_REFOCON                       (abs)        000F2A
_RTCCAL                        (abs)        000F5E
_RTCCFG                        (abs)        000F5F
_RTCCFGbits                    (abs)        000F5F
_RTCCTimeInitialized           text3        002F9C
_RTCC_Initialize               text2        002614
_RTCVALH                       (abs)        000F5D
_RTCVALL                       (abs)        000F5C
_RX_U_2                        bssCOMRAM    000049
_SPBRG1                        (abs)        000FAF
_S_vent                        bssBANK0     000092
_S_vent_string                 bssBANK0     0000AD
_T0CON                         (abs)        000FD5
_T0CONbits                     (abs)        000FD5
_T1CON                         (abs)        000FCD
_T2CKPS0                       (abs)        007E50
_T2CKPS1                       (abs)        007E51
_TMR0L                         (abs)        000FD6
_TMR1IF                        (abs)        007CF0
_TMR1ON                        (abs)        007E68
_TMR2ON                        (abs)        007E52
_TRISA                         (abs)        000F92
_TRISAbits                     (abs)        000F92
_TRISB                         (abs)        000F93
_TRISBbits                     (abs)        000F93
_TRISC                         (abs)        000F94
_TRISC2                        (abs)        007CA2
_TRISCbits                     (abs)        000F94
_TRISD                         (abs)        000F95
_TRISE                         (abs)        000F96
_TRISF                         (abs)        000F97
_TRISG                         (abs)        000F98
_TRISGbits                     (abs)        000F98
_TRISH                         (abs)        000F99
_TXREG1                        (abs)        000FAD
_TXSTA1bits                    (abs)        000FAC
_Timer_Init                    text9        002F8A
_Tosc                          bssBANK0     000088
_VAL_CLAV                      bssBANK0     00009A
__CFG_ABW$XM20                 (abs)        000000
__CFG_BBSIZ$BB1K               (abs)        000000
__CFG_BOREN$OFF                (abs)        000000
__CFG_BORPWR$ZPBORMV           (abs)        000000
__CFG_BORV$0                   (abs)        000000
__CFG_BW$8                     (abs)        000000
__CFG_CCP2MX$PORTC             (abs)        000000
__CFG_CP0$OFF                  (abs)        000000
__CFG_CP1$OFF                  (abs)        000000
__CFG_CP2$OFF                  (abs)        000000
__CFG_CP3$OFF                  (abs)        000000
__CFG_CP4$OFF                  (abs)        000000
__CFG_CP5$OFF                  (abs)        000000
__CFG_CP6$OFF                  (abs)        000000
__CFG_CP7$OFF                  (abs)        000000
__CFG_CPB$OFF                  (abs)        000000
__CFG_CPD$OFF                  (abs)        000000
__CFG_DEBUG$OFF                (abs)        000000
__CFG_EASHFT$OFF               (abs)        000000
__CFG_EBRT0$OFF                (abs)        000000
__CFG_EBRT1$OFF                (abs)        000000
__CFG_EBRT2$OFF                (abs)        000000
__CFG_EBRT3$OFF                (abs)        000000
__CFG_EBRT4$OFF                (abs)        000000
__CFG_EBRT5$OFF                (abs)        000000
__CFG_EBRT6$OFF                (abs)        000000
__CFG_EBRT7$OFF                (abs)        000000
__CFG_EBRTB$OFF                (abs)        000000
__CFG_ECCPMX$PORTE             (abs)        000000
__CFG_FCMEN$OFF                (abs)        000000
__CFG_FOSC$HS1                 (abs)        000000
__CFG_IESO$OFF                 (abs)        000000
__CFG_INTOSCSEL$HIGH           (abs)        000000
__CFG_MCLRE$ON                 (abs)        000000
__CFG_MSSPMSK$MSK7             (abs)        000000
__CFG_PLLCFG$OFF               (abs)        000000
__CFG_PWRTEN$OFF               (abs)        000000
__CFG_RETEN$ON                 (abs)        000000
__CFG_RTCOSC$SOSCREF           (abs)        000000
__CFG_SOSCSEL$HIGH             (abs)        000000
__CFG_STVREN$ON                (abs)        000000
__CFG_WAIT$ON                  (abs)        000000
__CFG_WDTEN$OFF                (abs)        000000
__CFG_WDTPS$1                  (abs)        000000
__CFG_WRT0$OFF                 (abs)        000000
__CFG_WRT1$OFF                 (abs)        000000
__CFG_WRT2$OFF                 (abs)        000000
__CFG_WRT3$OFF                 (abs)        000000
__CFG_WRT4$OFF                 (abs)        000000
__CFG_WRT5$OFF                 (abs)        000000
__CFG_WRT6$OFF                 (abs)        000000
__CFG_WRT7$OFF                 (abs)        000000
__CFG_WRTB$OFF                 (abs)        000000
__CFG_WRTC$OFF                 (abs)        000000
__CFG_WRTD$OFF                 (abs)        000000
__CFG_XINST$OFF                (abs)        000000
__HRAM                         (abs)        000000
__Habs1                        abs1         000000
__Hbank0                       bank0        000000
__Hbank1                       bank1        000000
__Hbank10                      bank10       000000
__Hbank11                      bank11       000000
__Hbank12                      bank12       000000
__Hbank13                      bank13       000000
__Hbank14                      bank14       000000
__Hbank15                      bank15       000000
__Hbank2                       bank2        000000
__Hbank3                       bank3        000000
__Hbank4                       bank4        000000
__Hbank5                       bank5        000000
__Hbank6                       bank6        000000
__Hbank7                       bank7        000000
__Hbank8                       bank8        000000
__Hbank9                       bank9        000000
__Hbigbss                      bigbss       000000
__Hbigdata                     bigdata      000000
__Hbigram                      bigram       000000
__HbitbssCOMRAM                bitbssCOMRAM 000000
__Hbss                         bss          000000
__HbssBANK0                    bssBANK0     000000
__HbssBANK1                    bssBANK1     000000
__HbssCOMRAM                   bssCOMRAM    000000
__Hcinit                       cinit        000000
__Hclrtext                     clrtext      000000
__Hcomram                      comram       000000
__Hconfig                      config       30000E
__Hconst                       const        000000
__HcstackBANK0                 cstackBANK0  000000
__HcstackBANK1                 cstackBANK1  000000
__HcstackCOMRAM                cstackCOMRAM 000000
__Hdata                        data         000000
__HdataBANK0                   dataBANK0    000000
__HdataCOMRAM                  dataCOMRAM   000000
__Heeprom_data                 eeprom_data  000000
__Hend_init                    end_init     000092
__Hfarbss                      farbss       000000
__Hfardata                     fardata      000000
__Hibigdata                    ibigdata     000000
__Hidata                       idata        000000
__HidataBANK0                  idataBANK0   000000
__HidataCOMRAM                 idataCOMRAM  000000
__Hidloc                       idloc        200008
__Hifardata                    ifardata     000000
__Hinit                        init         00008E
__Hintcode                     intcode      00008E
__Hintcode_body                intcode_body 000000
__Hintcodelo                   intcodelo    00008E
__Hintentry                    intentry     000000
__Hintret                      intret       000000
__Hintsave_regs                intsave_regs 000000
__Hirdata                      irdata       000000
__Hmediumconst                 mediumconst  000000
__Hnvbit                       nvbit        000000
__Hnvrram                      nvrram       000000
__Hparam                       rparam       000000
__Hpowerup                     powerup      00008E
__Hram                         ram          000000
__Hramtop                      ramtop       001000
__Hrbit                        rbit         000000
__Hrbss                        rbss         000000
__Hrdata                       rdata        000000
__Hreset_vec                   reset_vec    000004
__Hrparam                      rparam       000000
__Hsfr                         sfr          000000
__Hsmallconst                  smallconst   00108A
__Hstruct                      struct       000000
__Htemp                        temp         000000
__Htext                        text         000000
__Htext0                       text0        000000
__Htext1                       text1        000000
__Htext10                      text10       000000
__Htext11                      text11       000000
__Htext12                      text12       000000
__Htext13                      text13       000000
__Htext14                      text14       000000
__Htext15                      text15       000000
__Htext16                      text16       000000
__Htext17                      text17       000000
__Htext18                      text18       000000
__Htext19                      text19       000000
__Htext2                       text2        000000
__Htext20                      text20       000000
__Htext21                      text21       000000
__Htext22                      text22       000000
__Htext23                      text23       000000
__Htext24                      text24       000000
__Htext25                      text25       000000
__Htext26                      text26       000000
__Htext27                      text27       000000
__Htext28                      text28       000000
__Htext29                      text29       000000
__Htext3                       text3        000000
__Htext30                      text30       000000
__Htext31                      text31       000000
__Htext32                      text32       000000
__Htext33                      text33       000000
__Htext34                      text34       000000
__Htext35                      text35       000000
__Htext37                      text37       000000
__Htext4                       text4        000000
__Htext5                       text5        000000
__Htext6                       text6        000000
__Htext7                       text7        000000
__Htext8                       text8        000000
__Htext9                       text9        000000
__LRAM                         (abs)        000001
__Labs1                        abs1         000000
__Lbank0                       bank0        000000
__Lbank1                       bank1        000000
__Lbank10                      bank10       000000
__Lbank11                      bank11       000000
__Lbank12                      bank12       000000
__Lbank13                      bank13       000000
__Lbank14                      bank14       000000
__Lbank15                      bank15       000000
__Lbank2                       bank2        000000
__Lbank3                       bank3        000000
__Lbank4                       bank4        000000
__Lbank5                       bank5        000000
__Lbank6                       bank6        000000
__Lbank7                       bank7        000000
__Lbank8                       bank8        000000
__Lbank9                       bank9        000000
__Lbigbss                      bigbss       000000
__Lbigdata                     bigdata      000000
__Lbigram                      bigram       000000
__LbitbssCOMRAM                bitbssCOMRAM 000000
__Lbss                         bss          000000
__LbssBANK0                    bssBANK0     000000
__LbssBANK1                    bssBANK1     000000
__LbssCOMRAM                   bssCOMRAM    000000
__Lcinit                       cinit        000000
__Lclrtext                     clrtext      000000
__Lcomram                      comram       000000
__Lconfig                      config       300000
__Lconst                       const        000000
__LcstackBANK0                 cstackBANK0  000000
__LcstackBANK1                 cstackBANK1  000000
__LcstackCOMRAM                cstackCOMRAM 000000
__Ldata                        data         000000
__LdataBANK0                   dataBANK0    000000
__LdataCOMRAM                  dataCOMRAM   000000
__Leeprom_data                 eeprom_data  000000
__Lend_init                    end_init     00008E
__Lfarbss                      farbss       000000
__Lfardata                     fardata      000000
__Libigdata                    ibigdata     000000
__Lidata                       idata        000000
__LidataBANK0                  idataBANK0   000000
__LidataCOMRAM                 idataCOMRAM  000000
__Lidloc                       idloc        200000
__Lifardata                    ifardata     000000
__Linit                        init         00008E
__Lintcode                     intcode      000008
__Lintcode_body                intcode_body 000000
__Lintcodelo                   intcodelo    00008E
__Lintentry                    intentry     000000
__Lintret                      intret       000000
__Lintsave_regs                intsave_regs 000000
__Lirdata                      irdata       000000
__Lmediumconst                 mediumconst  000000
__Lnvbit                       nvbit        000000
__Lnvrram                      nvrram       000000
__Lparam                       rparam       000000
__Lpowerup                     powerup      00008E
__Lram                         ram          000000
__Lramtop                      ramtop       001000
__Lrbit                        rbit         000000
__Lrbss                        rbss         000000
__Lrdata                       rdata        000000
__Lreset_vec                   reset_vec    000000
__Lrparam                      rparam       000000
__Lsfr                         sfr          000000
__Lsmallconst                  smallconst   001000
__Lstruct                      struct       000000
__Ltemp                        temp         000000
__Ltext                        text         000000
__Ltext0                       text0        000000
__Ltext1                       text1        000000
__Ltext10                      text10       000000
__Ltext11                      text11       000000
__Ltext12                      text12       000000
__Ltext13                      text13       000000
__Ltext14                      text14       000000
__Ltext15                      text15       000000
__Ltext16                      text16       000000
__Ltext17                      text17       000000
__Ltext18                      text18       000000
__Ltext19                      text19       000000
__Ltext2                       text2        000000
__Ltext20                      text20       000000
__Ltext21                      text21       000000
__Ltext22                      text22       000000
__Ltext23                      text23       000000
__Ltext24                      text24       000000
__Ltext25                      text25       000000
__Ltext26                      text26       000000
__Ltext27                      text27       000000
__Ltext28                      text28       000000
__Ltext29                      text29       000000
__Ltext3                       text3        000000
__Ltext30                      text30       000000
__Ltext31                      text31       000000
__Ltext32                      text32       000000
__Ltext33                      text33       000000
__Ltext34                      text34       000000
__Ltext35                      text35       000000
__Ltext37                      text37       000000
__Ltext4                       text4        000000
__Ltext5                       text5        000000
__Ltext6                       text6        000000
__Ltext7                       text7        000000
__Ltext8                       text8        000000
__Ltext9                       text9        000000
__S0                           (abs)        30000E
__S1                           (abs)        000190
___aldiv                       text18       002422
___aldiv@counter               cstackCOMRAM 000018
___aldiv@dividend              cstackCOMRAM 00000F
___aldiv@divisor               cstackCOMRAM 000013
___aldiv@quotient              cstackCOMRAM 00001A
___aldiv@sign                  cstackCOMRAM 000019
___altoft                      text34       002932
___altoft@c                    cstackCOMRAM 00001E
___altoft@exp                  cstackCOMRAM 000026
___altoft@sign                 cstackCOMRAM 000027
___asftadd                     text32       002E0E
___asftadd@f1p                 cstackBANK0  0000DB
___asftadd@f2                  cstackBANK0  0000DD
___awtoft                      text19       002DC2
___awtoft@c                    cstackCOMRAM 000017
___awtoft@sign                 cstackCOMRAM 00001B
___ftadd                       text33       0015CE
___ftadd@exp1                  cstackBANK0  0000DA
___ftadd@exp2                  cstackBANK0  0000D9
___ftadd@f1                    cstackBANK0  0000CD
___ftadd@f2                    cstackBANK0  0000D0
___ftadd@sign                  cstackBANK0  0000D8
___ftdiv                       text20       0021FC
___ftdiv@cntr                  cstackCOMRAM 000027
___ftdiv@exp                   cstackCOMRAM 00002B
___ftdiv@f1                    cstackCOMRAM 00001C
___ftdiv@f2                    cstackCOMRAM 00001F
___ftdiv@f3                    cstackCOMRAM 000028
___ftdiv@sign                  cstackCOMRAM 00002C
___ftmul                       text21       0020BE
___ftmul@cntr                  cstackCOMRAM 00003C
___ftmul@exp                   cstackCOMRAM 000038
___ftmul@f1                    cstackCOMRAM 00002D
___ftmul@f2                    cstackCOMRAM 000030
___ftmul@f3_as_product         cstackCOMRAM 000039
___ftmul@sign                  cstackCOMRAM 00003D
___ftneg                       text22       002E54
___ftneg@f1                    cstackBANK0  0000CA
___ftpack                      text35       002526
___ftpack@arg                  cstackCOMRAM 00000F
___ftpack@exp                  cstackCOMRAM 000012
___ftpack@sign                 cstackCOMRAM 000013
___fttol                       text29       001C66
___fttol@exp1                  cstackBANK0  0000C1
___fttol@f1                    cstackCOMRAM 00003E
___fttol@lval                  cstackBANK0  0000BD
___fttol@sign1                 cstackBANK0  0000BC
___lldiv                       text23       002802
___lldiv@counter               cstackCOMRAM 000028
___lldiv@dividend              cstackCOMRAM 00001B
___lldiv@divisor               cstackCOMRAM 00001F
___lldiv@quotient              cstackCOMRAM 000024
___lmul                        text26       002C54
___lmul@multiplicand           cstackCOMRAM 000013
___lmul@multiplier             cstackCOMRAM 00000F
___lmul@product                cstackCOMRAM 000017
___lwdiv                       text27       002B1E
___lwdiv@counter               cstackCOMRAM 000014
___lwdiv@dividend              cstackCOMRAM 00000F
___lwdiv@divisor               cstackCOMRAM 000011
___lwdiv@quotient              cstackCOMRAM 000015
___lwmod                       text24       002D16
___lwmod@counter               cstackCOMRAM 00001C
___lwmod@dividend              cstackCOMRAM 000017
___lwmod@divisor               cstackCOMRAM 000019
___lwtoft                      text25       002F2E
___lwtoft@c                    cstackCOMRAM 000017
___wmul                        text30       002E92
___wmul@multiplicand           cstackCOMRAM 000011
___wmul@multiplier             cstackCOMRAM 00000F
___wmul@product                cstackCOMRAM 000013
__accesstop                    (abs)        000060
__activetblptr                 (abs)        000003
__end_of_ADC_Read              text12       001F6A
__end_of_DelayLCDShort         text16       002F9C
__end_of_DisplayOnLcdPosition  text10       002C54
__end_of_Interrupt_Init        text13       002F8A
__end_of_LCD_Init              text15       0020BE
__end_of_LCD_Puts              text11       002802
__end_of_PWM_Duty              text7        002422
__end_of_PWM_Init              text8        002BF0
__end_of_Ports_Init            text4        002B1E
__end_of_RTCCTimeInitialized   text3        002FA2
__end_of_RTCC_Initialize       text2        0026BE
__end_of_Timer_Init            text9        002F94
__end_of___aldiv               text18       002526
__end_of___altoft              text34       0029C6
__end_of___asftadd             text32       002E54
__end_of___awtoft              text19       002E0E
__end_of___ftadd               text33       001984
__end_of___ftdiv               text20       00231A
__end_of___ftmul               text21       0021FC
__end_of___ftneg               text22       002E92
__end_of___ftpack              text35       002614
__end_of___fttol               text29       001E06
__end_of___lldiv               text23       00289E
__end_of___lmul                text26       002CB6
__end_of___lwdiv               text27       002B8A
__end_of___lwmod               text24       002D72
__end_of___lwtoft              text25       002F5C
__end_of___wmul                text30       002ED0
__end_of__initialization       cinit        002AAC
__end_of__stringdata           smallconst   001088
__end_of_clavier_read          text37       002DC2
__end_of_dpowers               smallconst   001016
__end_of_frexp                 text31       002A46
__end_of_interruption          intcode      00008E
__end_of_isdigit               text17       002F00
__end_of_loop                  text5        0015CE
__end_of_main                  text0        002F2E
__end_of_moninit               smallconst   00100C
__end_of_round                 text6        002932
__end_of_setup                 text1        002D16
__end_of_sprintf               text14       001C66
__end_of_trunc                 text28       002766
__initialization               cinit        002A46
__mediumconst                  mediumconst  000000
__pbitbssCOMRAM                bitbssCOMRAM 000280
__pbssBANK0                    bssBANK0     000060
__pbssBANK1                    bssBANK1     000101
__pbssCOMRAM                   bssCOMRAM    000042
__pcinit                       cinit        002A46
__pcstackBANK0                 cstackBANK0  0000B7
__pcstackBANK1                 cstackBANK1  000180
__pcstackCOMRAM                cstackCOMRAM 000001
__pdataBANK0                   dataBANK0    0000E0
__pdataCOMRAM                  dataCOMRAM   00004C
__pidataBANK0                  idataBANK0   002F5C
__pidataCOMRAM                 idataCOMRAM  002FA2
__pintcode                     intcode      000008
__psmallconst                  smallconst   001000
__ptext0                       text0        002F00
__ptext1                       text1        002CB6
__ptext10                      text10       002BF0
__ptext11                      text11       002766
__ptext12                      text12       001E06
__ptext13                      text13       002F7A
__ptext14                      text14       001984
__ptext15                      text15       001F6A
__ptext16                      text16       002F94
__ptext17                      text17       002ED0
__ptext18                      text18       002422
__ptext19                      text19       002DC2
__ptext2                       text2        002614
__ptext20                      text20       0021FC
__ptext21                      text21       0020BE
__ptext22                      text22       002E54
__ptext23                      text23       002802
__ptext24                      text24       002D16
__ptext25                      text25       002F2E
__ptext26                      text26       002C54
__ptext27                      text27       002B1E
__ptext28                      text28       0026BE
__ptext29                      text29       001C66
__ptext3                       text3        002F9C
__ptext30                      text30       002E92
__ptext31                      text31       0029C6
__ptext32                      text32       002E0E
__ptext33                      text33       0015CE
__ptext34                      text34       002932
__ptext35                      text35       002526
__ptext37                      text37       002D72
__ptext4                       text4        002AB2
__ptext5                       text5        00108A
__ptext6                       text6        00289E
__ptext7                       text7        00231A
__ptext8                       text8        002B8A
__ptext9                       text9        002F8A
__ramtop                       ramtop       001000
__size_of_ADC_Read             (abs)        000000
__size_of_DelayLCDShort        (abs)        000000
__size_of_DisplayOnLcdPosition (abs)        000000
__size_of_Interrupt_Init       (abs)        000000
__size_of_LCD_Init             (abs)        000000
__size_of_LCD_Puts             (abs)        000000
__size_of_PWM_Duty             (abs)        000000
__size_of_PWM_Init             (abs)        000000
__size_of_Ports_Init           (abs)        000000
__size_of_RTCCTimeInitialized  (abs)        000000
__size_of_RTCC_Initialize      (abs)        000000
__size_of_Timer_Init           (abs)        000000
__size_of___aldiv              (abs)        000000
__size_of___altoft             (abs)        000000
__size_of___asftadd            (abs)        000000
__size_of___awtoft             (abs)        000000
__size_of___ftadd              (abs)        000000
__size_of___ftdiv              (abs)        000000
__size_of___ftmul              (abs)        000000
__size_of___ftneg              (abs)        000000
__size_of___ftpack             (abs)        000000
__size_of___fttol              (abs)        000000
__size_of___lldiv              (abs)        000000
__size_of___lmul               (abs)        000000
__size_of___lwdiv              (abs)        000000
__size_of___lwmod              (abs)        000000
__size_of___lwtoft             (abs)        000000
__size_of___wmul               (abs)        000000
__size_of_clavier_read         (abs)        000000
__size_of_frexp                (abs)        000000
__size_of_interruption         (abs)        000000
__size_of_isdigit              (abs)        000000
__size_of_loop                 (abs)        000000
__size_of_main                 (abs)        000000
__size_of_round                (abs)        000000
__size_of_setup                (abs)        000000
__size_of_sprintf              (abs)        000000
__size_of_trunc                (abs)        000000
__smallconst                   smallconst   001000
__stringdata                   smallconst   001016
_a                             bssCOMRAM    000042
_adc_value                     bssBANK0     000094
_chaine_adc                    bssBANK1     000101
_chaine_asser                  bssBANK0     000072
_chaine_clav                   dataBANK0    0000F9
_clavier_read                  text37       002D72
_code_U1                       dataBANK0    0000E0
_code_U2                       dataBANK0    0000E5
_code_U3                       dataBANK0    0000EA
_code_clav                     dataBANK0    0000EF
_code_malette                  dataBANK0    0000F4
_count                         bssBANK0     000096
_cpt1TCY                       bssCOMRAM    00004A
_currentTime                   bssBANK0     000060
_dpowers                       smallconst   00100C
_errno                         bssBANK0     000098
_flag_change                   bitbssCOMRAM 000280
_frexp                         text31       0029C6
_iREAD                         bssCOMRAM    000044
_interruption                  intcode      000008
_isdigit                       text17       002ED0
_isdigit$1902                  cstackCOMRAM 000011
_loop                          text5        00108A
_loop$2430                     cstackBANK1  00018D
_main                          text0        002F00
_round                         text6        00289E
_rtccTimeInitialized           bssCOMRAM    00004B
_setup                         text1        002CB6
_sprintf                       text14       001984
_time_zone                     bssCOMRAM    000046
_timezone                      bssBANK0     00008C
_trunc                         text28       0026BE
_usrTab                        bssBANK0     000082
end_of_initialization          cinit        002AAC
frexp@eptr                     cstackCOMRAM 000012
frexp@value                    cstackCOMRAM 00000F
intlevel0                      text         000000
intlevel1                      text         000000
intlevel2                      text         000000
intlevel3                      text         000000
isdigit@c                      cstackCOMRAM 00000F
loop@temp                      cstackBANK1  00018A
round@f                        cstackBANK1  000183
round@x                        cstackBANK1  000180
setup@i                        cstackCOMRAM 000023
sprintf@_val                   cstackCOMRAM 000038
sprintf@ap                     cstackCOMRAM 000034
sprintf@c                      cstackCOMRAM 00003F
sprintf@f                      cstackCOMRAM 00002B
sprintf@flag                   cstackCOMRAM 000037
sprintf@prec                   cstackCOMRAM 000036
sprintf@sp                     cstackCOMRAM 000029
sprintf@width                  cstackCOMRAM 00003D
start                          init         00008E
start_initialization           cinit        002A46
trunc@expon                    cstackBANK0  0000C8
trunc@i                        cstackBANK0  0000C5
trunc@x                        cstackBANK0  0000C2


FUNCTION INFORMATION:

 *************** function _main *****************
 Defined at:
		line 19 in file "main.c"
 Parameters:    Size  Location     Type
		None
 Auto vars:     Size  Location     Type
		None
 Return value:  Size  Location     Type
		None               void
 Registers used:
		wreg, fsr0l, fsr0h, fsr1l, fsr1h, fsr2l, fsr2h, status,2, status,0, pclat, tosl, structret, tblptrl, tblptrh, tblptru, prodl, prodh, bsr, cstack
 Tracked objects:
		On entry : 
		On exit  : 
		Unchanged: 
 Data sizes:     COMRAM   BANK0   BANK1   BANK2   BANK3   BANK4   BANK5   BANK6   BANK7   BANK8   BANK9  BANK10  BANK11  BANK12  BANK13  BANK14  BANK15
      Params:         0       0       0       0       0       0       0       0       0       0       0       0       0       0       0       0       0
      Locals:         0       0       0       0       0       0       0       0       0       0       0       0       0       0       0       0       0
      Temps:          0       0       0       0       0       0       0       0       0       0       0       0       0       0       0       0       0
      Totals:         0       0       0       0       0       0       0       0       0       0       0       0       0       0       0       0       0
Total ram usage:        0 bytes
 Hardware stack levels required when called:    7
 This function calls:
		_setup
		_LCD_Puts
		_loop
 This function is called by:
		Startup code after reset
 This function uses a non-reentrant model


 *************** function _setup *****************
 Defined at:
		line 30 in file "main.c"
 Parameters:    Size  Location     Type
		None
 Auto vars:     Size  Location     Type
  i               1   34[COMRAM] unsigned char 
 Return value:  Size  Location     Type
		None               void
 Registers used:
		wreg, fsr0l, fsr0h, fsr1l, fsr1h, fsr2l, fsr2h, status,2, status,0, pclat, tosl, structret, tblptrl, tblptrh, tblptru, prodl, prodh, bsr, cstack
 Tracked objects:
		On entry : 
		On exit  : 
		Unchanged: 
 Data sizes:     COMRAM   BANK0   BANK1   BANK2   BANK3   BANK4   BANK5   BANK6   BANK7   BANK8   BANK9  BANK10  BANK11  BANK12  BANK13  BANK14  BANK15
      Params:         0       0       0       0       0       0       0       0       0       0       0       0       0       0       0       0       0
      Locals:         1       0       0       0       0       0       0       0       0       0       0       0       0       0       0       0       0
      Temps:          1       0       0       0       0       0       0       0       0       0       0       0       0       0       0       0       0
      Totals:         2       0       0       0       0       0       0       0       0       0       0       0       0       0       0       0       0
Total ram usage:        2 bytes
 Hardware stack levels used:    1
 Hardware stack levels required when called:    4
 This function calls:
		_Ports_Init
		_PWM_Init
		_Timer_Init
		_Interrupt_Init
		_RTCC_Initialize
		_LCD_Init
		_LCD_Puts
 This function is called by:
		_main
 This function uses a non-reentrant model


 *************** function _RTCC_Initialize *****************
 Defined at:
		line 65 in file "mcc_generated_files/rtcc.c"
 Parameters:    Size  Location     Type
		None
 Auto vars:     Size  Location     Type
		None
 Return value:  Size  Location     Type
		None               void
 Registers used:
		wreg, fsr0l, fsr0h, fsr1l, fsr1h, fsr2l, fsr2h, status,2, status,0, pclat, tosl, structret, tblptrl, tblptrh, tblptru, prodl, prodh, bsr, cstack
 Tracked objects:
		On entry : 
		On exit  : 
		Unchanged: 
 Data sizes:     COMRAM   BANK0   BANK1   BANK2   BANK3   BANK4   BANK5   BANK6   BANK7   BANK8   BANK9  BANK10  BANK11  BANK12  BANK13  BANK14  BANK15
      Params:         0       0       0       0       0       0       0       0       0       0       0       0       0       0       0       0       0
      Locals:         0       0       0       0       0       0       0       0       0       0       0       0       0       0       0       0       0
      Temps:          1       0       0       0       0       0       0       0       0       0       0       0       0       0       0       0       0
      Totals:         1       0       0       0       0       0       0       0       0       0       0       0       0       0       0       0       0
Total ram usage:        1 bytes
 Hardware stack levels used:    1
 Hardware stack levels required when called:    3
 This function calls:
		_RTCCTimeInitialized
 This function is called by:
		_setup
		_SYSTEM_Initialize
 This function uses a non-reentrant model


 *************** function _RTCCTimeInitialized *****************
 Defined at:
		line 120 in file "mcc_generated_files/rtcc.c"
 Parameters:    Size  Location     Type
		None
 Auto vars:     Size  Location     Type
		None
 Return value:  Size  Location     Type
                  1    wreg      unsigned char 
 Registers used:
		wreg, status,2
 Tracked objects:
		On entry : 
		On exit  : 
		Unchanged: 
 Data sizes:     COMRAM   BANK0   BANK1   BANK2   BANK3   BANK4   BANK5   BANK6   BANK7   BANK8   BANK9  BANK10  BANK11  BANK12  BANK13  BANK14  BANK15
      Params:         0       0       0       0       0       0       0       0       0       0       0       0       0       0       0       0       0
      Locals:         0       0       0       0       0       0       0       0       0       0       0       0       0       0       0       0       0
      Temps:          0       0       0       0       0       0       0       0       0       0       0       0       0       0       0       0       0
      Totals:         0       0       0       0       0       0       0       0       0       0       0       0       0       0       0       0       0
Total ram usage:        0 bytes
 Hardware stack levels used:    1
 Hardware stack levels required when called:    2
 This function calls:
		Nothing
 This function is called by:
		_RTCC_Initialize
 This function uses a non-reentrant model


 *************** function _Ports_Init *****************
 Defined at:
		line 21 in file "utils.c"
 Parameters:    Size  Location     Type
		None
 Auto vars:     Size  Location     Type
		None
 Return value:  Size  Location     Type
		None               void
 Registers used:
		wreg, status,2
 Tracked objects:
		On entry : 
		On exit  : 
		Unchanged: 
 Data sizes:     COMRAM   BANK0   BANK1   BANK2   BANK3   BANK4   BANK5   BANK6   BANK7   BANK8   BANK9  BANK10  BANK11  BANK12  BANK13  BANK14  BANK15
      Params:         0       0       0       0       0       0       0       0       0       0       0       0       0       0       0       0       0
      Locals:         0       0       0       0       0       0       0       0       0       0       0       0       0       0       0       0       0
      Temps:          1       0       0       0       0       0       0       0       0       0       0       0       0       0       0       0       0
      Totals:         1       0       0       0       0       0       0       0       0       0       0       0       0       0       0       0       0
Total ram usage:        1 bytes
 Hardware stack levels used:    1
 Hardware stack levels required when called:    2
 This function calls:
		Nothing
 This function is called by:
		_setup
 This function uses a non-reentrant model


 *************** function _loop *****************
 Defined at:
		line 48 in file "main.c"
 Parameters:    Size  Location     Type
		None
 Auto vars:     Size  Location     Type
  temp            3   10[BANK1 ] float 
 Return value:  Size  Location     Type
		None               void
 Registers used:
		wreg, fsr0l, fsr0h, fsr1l, fsr1h, fsr2l, fsr2h, status,2, status,0, pclat, tosl, structret, tblptrl, tblptrh, tblptru, prodl, prodh, bsr, cstack
 Tracked objects:
		On entry : 
		On exit  : 
		Unchanged: 
 Data sizes:     COMRAM   BANK0   BANK1   BANK2   BANK3   BANK4   BANK5   BANK6   BANK7   BANK8   BANK9  BANK10  BANK11  BANK12  BANK13  BANK14  BANK15
      Params:         0       0       0       0       0       0       0       0       0       0       0       0       0       0       0       0       0
      Locals:         0       0       6       0       0       0       0       0       0       0       0       0       0       0       0       0       0
      Temps:          0       0       4       0       0       0       0       0       0       0       0       0       0       0       0       0       0
      Totals:         0       0      10       0       0       0       0       0       0       0       0       0       0       0       0       0       0
Total ram usage:       10 bytes
 Hardware stack levels used:    1
 Hardware stack levels required when called:    6
 This function calls:
		_sprintf
		_DisplayOnLcdPosition
		_PWM_Duty
		_ADC_Read
		___wmul
		___awtoft
		___ftmul
		_round
		___fttol
		_LCD_Puts
 This function is called by:
		_main
 This function uses a non-reentrant model


 *************** function _round *****************
 Defined at:
		line 7 in file "C:\Program Files (x86)\Microchip\xc8\v1.12\sources\round.c"
 Parameters:    Size  Location     Type
  x               3    0[BANK1 ] float 
 Auto vars:     Size  Location     Type
  f               3    3[BANK1 ] float 
 Return value:  Size  Location     Type
                  3    0[BANK1 ] float 
 Registers used:
		wreg, fsr2l, fsr2h, status,2, status,0, cstack
 Tracked objects:
		On entry : 
		On exit  : 
		Unchanged: 
 Data sizes:     COMRAM   BANK0   BANK1   BANK2   BANK3   BANK4   BANK5   BANK6   BANK7   BANK8   BANK9  BANK10  BANK11  BANK12  BANK13  BANK14  BANK15
      Params:         0       0       3       0       0       0       0       0       0       0       0       0       0       0       0       0       0
      Locals:         0       0       3       0       0       0       0       0       0       0       0       0       0       0       0       0       0
      Temps:          0       0       0       0       0       0       0       0       0       0       0       0       0       0       0       0       0
      Totals:         0       0       6       0       0       0       0       0       0       0       0       0       0       0       0       0       0
Total ram usage:        6 bytes
 Hardware stack levels used:    1
 Hardware stack levels required when called:    5
 This function calls:
		_trunc
		___ftneg
		___ftadd
		___asftadd
 This function is called by:
		_loop
 This function uses a non-reentrant model


 *************** function _PWM_Duty *****************
 Defined at:
		line 80 in file "utils.c"
 Parameters:    Size  Location     Type
  duty            2   11[BANK0 ] unsigned int 
 Auto vars:     Size  Location     Type
		None
 Return value:  Size  Location     Type
		None               void
 Registers used:
		wreg, status,2, status,0, cstack
 Tracked objects:
		On entry : 
		On exit  : 
		Unchanged: 
 Data sizes:     COMRAM   BANK0   BANK1   BANK2   BANK3   BANK4   BANK5   BANK6   BANK7   BANK8   BANK9  BANK10  BANK11  BANK12  BANK13  BANK14  BANK15
      Params:         0       2       0       0       0       0       0       0       0       0       0       0       0       0       0       0       0
      Locals:         0       0       0       0       0       0       0       0       0       0       0       0       0       0       0       0       0
      Temps:          0       4       0       0       0       0       0       0       0       0       0       0       0       0       0       0       0
      Totals:         0       6       0       0       0       0       0       0       0       0       0       0       0       0       0       0       0
Total ram usage:        6 bytes
 Hardware stack levels used:    1
 Hardware stack levels required when called:    4
 This function calls:
		___aldiv
		___altoft
		___lwtoft
		___ftdiv
		___ftmul
		___fttol
 This function is called by:
		_loop
 This function uses a non-reentrant model


 *************** function _PWM_Init *****************
 Defined at:
		line 69 in file "utils.c"
 Parameters:    Size  Location     Type
		None
 Auto vars:     Size  Location     Type
		None
 Return value:  Size  Location     Type
		None               void
 Registers used:
		wreg, status,2, status,0, cstack
 Tracked objects:
		On entry : 
		On exit  : 
		Unchanged: 
 Data sizes:     COMRAM   BANK0   BANK1   BANK2   BANK3   BANK4   BANK5   BANK6   BANK7   BANK8   BANK9  BANK10  BANK11  BANK12  BANK13  BANK14  BANK15
      Params:         0       0       0       0       0       0       0       0       0       0       0       0       0       0       0       0       0
      Locals:         0       0       0       0       0       0       0       0       0       0       0       0       0       0       0       0       0
      Temps:          4       0       0       0       0       0       0       0       0       0       0       0       0       0       0       0       0
      Totals:         4       0       0       0       0       0       0       0       0       0       0       0       0       0       0       0       0
Total ram usage:        4 bytes
 Hardware stack levels used:    1
 Hardware stack levels required when called:    3
 This function calls:
		___aldiv
 This function is called by:
		_setup
 This function uses a non-reentrant model


 *************** function _Timer_Init *****************
 Defined at:
		line 90 in file "utils.c"
 Parameters:    Size  Location     Type
		None
 Auto vars:     Size  Location     Type
		None
 Return value:  Size  Location     Type
		None               void
 Registers used:
		wreg, status,2
 Tracked objects:
		On entry : 
		On exit  : 
		Unchanged: 
 Data sizes:     COMRAM   BANK0   BANK1   BANK2   BANK3   BANK4   BANK5   BANK6   BANK7   BANK8   BANK9  BANK10  BANK11  BANK12  BANK13  BANK14  BANK15
      Params:         0       0       0       0       0       0       0       0       0       0       0       0       0       0       0       0       0
      Locals:         0       0       0       0       0       0       0       0       0       0       0       0       0       0       0       0       0
      Temps:          0       0       0       0       0       0       0       0       0       0       0       0       0       0       0       0       0
      Totals:         0       0       0       0       0       0       0       0       0       0       0       0       0       0       0       0       0
Total ram usage:        0 bytes
 Hardware stack levels used:    1
 Hardware stack levels required when called:    2
 This function calls:
		Nothing
 This function is called by:
		_setup
 This function uses a non-reentrant model


 *************** function _DisplayOnLcdPosition *****************
 Defined at:
		line 235 in file "utils.c"
 Parameters:    Size  Location     Type
  line            1   20[COMRAM] unsigned char 
  row             1   21[COMRAM] unsigned char 
  data            2   22[COMRAM] PTR unsigned char 
		 -> STR_11(8), STR_10(6), STR_8(6), chaine_clav(5), 
		 -> STR_7(6), STR_6(2), chaine_adc(100), STR_5(7), 
		 -> STR_4(8), S_vent_string(10), 
 Auto vars:     Size  Location     Type
		None
 Return value:  Size  Location     Type
		None               void
 Registers used:
		wreg, fsr0l, fsr0h, status,2, status,0, tblptrl, tblptrh, tblptru, prodl, prodh, cstack
 Tracked objects:
		On entry : 
		On exit  : 
		Unchanged: 
 Data sizes:     COMRAM   BANK0   BANK1   BANK2   BANK3   BANK4   BANK5   BANK6   BANK7   BANK8   BANK9  BANK10  BANK11  BANK12  BANK13  BANK14  BANK15
      Params:         4       0       0       0       0       0       0       0       0       0       0       0       0       0       0       0       0
      Locals:         0       0       0       0       0       0       0       0       0       0       0       0       0       0       0       0       0
      Temps:          1       0       0       0       0       0       0       0       0       0       0       0       0       0       0       0       0
      Totals:         5       0       0       0       0       0       0       0       0       0       0       0       0       0       0       0       0
Total ram usage:        5 bytes
 Hardware stack levels used:    1
 Hardware stack levels required when called:    4
 This function calls:
		_LCD_Puts
 This function is called by:
		_loop
 This function uses a non-reentrant model


 *************** function _LCD_Puts *****************
 Defined at:
		line 180 in file "utils.c"
 Parameters:    Size  Location     Type
  chaine          2   14[COMRAM] PTR unsigned char 
		 -> STR_11(8), STR_10(6), STR_9(2), STR_8(6), 
		 -> chaine_clav(5), STR_7(6), STR_6(2), chaine_adc(100), 
		 -> STR_5(7), STR_4(8), S_vent_string(10), STR_2(8), 
		 -> STR_1(8), 
 Auto vars:     Size  Location     Type
  i               1   19[COMRAM] unsigned char 
 Return value:  Size  Location     Type
		None               void
 Registers used:
		wreg, fsr0l, fsr0h, status,2, status,0, tblptrl, tblptrh, tblptru, prodl, prodh, cstack
 Tracked objects:
		On entry : 
		On exit  : 
		Unchanged: 
 Data sizes:     COMRAM   BANK0   BANK1   BANK2   BANK3   BANK4   BANK5   BANK6   BANK7   BANK8   BANK9  BANK10  BANK11  BANK12  BANK13  BANK14  BANK15
      Params:         2       0       0       0       0       0       0       0       0       0       0       0       0       0       0       0       0
      Locals:         1       0       0       0       0       0       0       0       0       0       0       0       0       0       0       0       0
      Temps:          3       0       0       0       0       0       0       0       0       0       0       0       0       0       0       0       0
      Totals:         6       0       0       0       0       0       0       0       0       0       0       0       0       0       0       0       0
Total ram usage:        6 bytes
 Hardware stack levels used:    1
 Hardware stack levels required when called:    3
 This function calls:
		_DelayLCDShort
 This function is called by:
		_main
		_setup
		_loop
		_DisplayOnLcdPosition
 This function uses a non-reentrant model


 *************** function _ADC_Read *****************
 Defined at:
		line 372 in file "utils.c"
 Parameters:    Size  Location     Type
		None
 Auto vars:     Size  Location     Type
  pot_value       4    6[BANK0 ] unsigned long 
  pot             4    0[BANK0 ] unsigned long 
  valeur_pwm      2    4[BANK0 ] int 
 Return value:  Size  Location     Type
                  2   63[COMRAM] unsigned int 
 Registers used:
		wreg, fsr2l, fsr2h, status,2, status,0, tblptrl, tblptrh, tblptru, prodl, prodh, cstack
 Tracked objects:
		On entry : 
		On exit  : 
		Unchanged: 
 Data sizes:     COMRAM   BANK0   BANK1   BANK2   BANK3   BANK4   BANK5   BANK6   BANK7   BANK8   BANK9  BANK10  BANK11  BANK12  BANK13  BANK14  BANK15
      Params:         2       0       0       0       0       0       0       0       0       0       0       0       0       0       0       0       0
      Locals:         0      10       0       0       0       0       0       0       0       0       0       0       0       0       0       0       0
      Temps:          0       0       0       0       0       0       0       0       0       0       0       0       0       0       0       0       0
      Totals:         2      10       0       0       0       0       0       0       0       0       0       0       0       0       0       0       0
Total ram usage:       12 bytes
 Hardware stack levels used:    1
 Hardware stack levels required when called:    4
 This function calls:
		___lmul
		___lldiv
		_sprintf
 This function is called by:
		_loop
 This function uses a non-reentrant model


 *************** function _Interrupt_Init *****************
 Defined at:
		line 246 in file "utils.c"
 Parameters:    Size  Location     Type
		None
 Auto vars:     Size  Location     Type
		None
 Return value:  Size  Location     Type
		None               void
 Registers used:
		wreg, status,2
 Tracked objects:
		On entry : 
		On exit  : 
		Unchanged: 
 Data sizes:     COMRAM   BANK0   BANK1   BANK2   BANK3   BANK4   BANK5   BANK6   BANK7   BANK8   BANK9  BANK10  BANK11  BANK12  BANK13  BANK14  BANK15
      Params:         0       0       0       0       0       0       0       0       0       0       0       0       0       0       0       0       0
      Locals:         0       0       0       0       0       0       0       0       0       0       0       0       0       0       0       0       0
      Temps:          0       0       0       0       0       0       0       0       0       0       0       0       0       0       0       0       0
      Totals:         0       0       0       0       0       0       0       0       0       0       0       0       0       0       0       0       0
Total ram usage:        0 bytes
 Hardware stack levels used:    1
 Hardware stack levels required when called:    2
 This function calls:
		Nothing
 This function is called by:
		_setup
 This function uses a non-reentrant model


 *************** function _sprintf *****************
 Defined at:
		line 493 in file "C:\Program Files (x86)\Microchip\xc8\v1.12\sources\doprnt.c"
 Parameters:    Size  Location     Type
  sp              2   40[COMRAM] PTR unsigned char 
		 -> chaine_adc(100), S_vent_string(10), 
  f               2   42[COMRAM] PTR const unsigned char 
		 -> STR_12(4), STR_3(6), 
 Auto vars:     Size  Location     Type
  _val            5   55[COMRAM] struct .
  width           2   60[COMRAM] int 
  ap              2   51[COMRAM] PTR void [1]
		 -> ?_sprintf(2), 
  c               1   62[COMRAM] char 
  flag            1   54[COMRAM] unsigned char 
  prec            1   53[COMRAM] char 
 Return value:  Size  Location     Type
                  2   40[COMRAM] int 
 Registers used:
		wreg, fsr2l, fsr2h, status,2, status,0, tblptrl, tblptrh, tblptru, prodl, prodh, cstack
 Tracked objects:
		On entry : 
		On exit  : 
		Unchanged: 
 Data sizes:     COMRAM   BANK0   BANK1   BANK2   BANK3   BANK4   BANK5   BANK6   BANK7   BANK8   BANK9  BANK10  BANK11  BANK12  BANK13  BANK14  BANK15
      Params:         8       0       0       0       0       0       0       0       0       0       0       0       0       0       0       0       0
      Locals:        12       0       0       0       0       0       0       0       0       0       0       0       0       0       0       0       0
      Temps:          3       0       0       0       0       0       0       0       0       0       0       0       0       0       0       0       0
      Totals:        23       0       0       0       0       0       0       0       0       0       0       0       0       0       0       0       0
Total ram usage:       23 bytes
 Hardware stack levels used:    1
 Hardware stack levels required when called:    3
 This function calls:
		_isdigit
		___wmul
		___lwdiv
		___lwmod
 This function is called by:
		_loop
		_ADC_Read
 This function uses a non-reentrant model


 *************** function _LCD_Init *****************
 Defined at:
		line 133 in file "utils.c"
 Parameters:    Size  Location     Type
		None
 Auto vars:     Size  Location     Type
		None
 Return value:  Size  Location     Type
		None               void
 Registers used:
		wreg, status,2, tblptrl, tblptrh, tblptru
 Tracked objects:
		On entry : 
		On exit  : 
		Unchanged: 
 Data sizes:     COMRAM   BANK0   BANK1   BANK2   BANK3   BANK4   BANK5   BANK6   BANK7   BANK8   BANK9  BANK10  BANK11  BANK12  BANK13  BANK14  BANK15
      Params:         0       0       0       0       0       0       0       0       0       0       0       0       0       0       0       0       0
      Locals:         0       0       0       0       0       0       0       0       0       0       0       0       0       0       0       0       0
      Temps:          1       0       0       0       0       0       0       0       0       0       0       0       0       0       0       0       0
      Totals:         1       0       0       0       0       0       0       0       0       0       0       0       0       0       0       0       0
Total ram usage:        1 bytes
 Hardware stack levels used:    1
 Hardware stack levels required when called:    2
 This function calls:
		Nothing
 This function is called by:
		_setup
 This function uses a non-reentrant model


 *************** function _DelayLCDShort *****************
 Defined at:
		line 17 in file "utils.c"
 Parameters:    Size  Location     Type
		None
 Auto vars:     Size  Location     Type
		None
 Return value:  Size  Location     Type
		None               void
 Registers used:
		wreg
 Tracked objects:
		On entry : 
		On exit  : 
		Unchanged: 
 Data sizes:     COMRAM   BANK0   BANK1   BANK2   BANK3   BANK4   BANK5   BANK6   BANK7   BANK8   BANK9  BANK10  BANK11  BANK12  BANK13  BANK14  BANK15
      Params:         0       0       0       0       0       0       0       0       0       0       0       0       0       0       0       0       0
      Locals:         0       0       0       0       0       0       0       0       0       0       0       0       0       0       0       0       0
      Temps:          0       0       0       0       0       0       0       0       0       0       0       0       0       0       0       0       0
      Totals:         0       0       0       0       0       0       0       0       0       0       0       0       0       0       0       0       0
Total ram usage:        0 bytes
 Hardware stack levels used:    1
 Hardware stack levels required when called:    2
 This function calls:
		Nothing
 This function is called by:
		_LCD_Puts
		_LCD_Putc
		_LCD_SetCursorAt
		_LCD_ShiftDisplay
 This function uses a non-reentrant model


 *************** function _isdigit *****************
 Defined at:
		line 13 in file "C:\Program Files (x86)\Microchip\xc8\v1.12\sources\isdigit.c"
 Parameters:    Size  Location     Type
  c               1   14[COMRAM] unsigned char 
 Auto vars:     Size  Location     Type
		None
 Return value:  Size  Location     Type
		None               void
 Registers used:
		wreg, status,2, status,0
 Tracked objects:
		On entry : 
		On exit  : 
		Unchanged: 
 Data sizes:     COMRAM   BANK0   BANK1   BANK2   BANK3   BANK4   BANK5   BANK6   BANK7   BANK8   BANK9  BANK10  BANK11  BANK12  BANK13  BANK14  BANK15
      Params:         1       0       0       0       0       0       0       0       0       0       0       0       0       0       0       0       0
      Locals:         1       0       0       0       0       0       0       0       0       0       0       0       0       0       0       0       0
      Temps:          1       0       0       0       0       0       0       0       0       0       0       0       0       0       0       0       0
      Totals:         3       0       0       0       0       0       0       0       0       0       0       0       0       0       0       0       0
Total ram usage:        3 bytes
 Hardware stack levels used:    1
 Hardware stack levels required when called:    2
 This function calls:
		Nothing
 This function is called by:
		_sprintf
 This function uses a non-reentrant model


 *************** function ___aldiv *****************
 Defined at:
		line 10 in file "C:\Program Files (x86)\Microchip\xc8\v1.12\sources\aldiv.c"
 Parameters:    Size  Location     Type
  dividend        4   14[COMRAM] long 
  divisor         4   18[COMRAM] long 
 Auto vars:     Size  Location     Type
  quotient        4   25[COMRAM] long 
  sign            1   24[COMRAM] unsigned char 
  counter         1   23[COMRAM] unsigned char 
 Return value:  Size  Location     Type
                  4   14[COMRAM] long 
 Registers used:
		wreg, status,2, status,0
 Tracked objects:
		On entry : 
		On exit  : 
		Unchanged: 
 Data sizes:     COMRAM   BANK0   BANK1   BANK2   BANK3   BANK4   BANK5   BANK6   BANK7   BANK8   BANK9  BANK10  BANK11  BANK12  BANK13  BANK14  BANK15
      Params:         8       0       0       0       0       0       0       0       0       0       0       0       0       0       0       0       0
      Locals:         6       0       0       0       0       0       0       0       0       0       0       0       0       0       0       0       0
[...]
      Temps:          0       0       0       0       0       0       0       0       0       0       0       0       0       0       0       0       0
      Totals:         0       8       0       0       0       0       0       0       0       0       0       0       0       0       0       0       0
Total ram usage:        8 bytes
 Hardware stack levels used:    1
 Hardware stack levels required when called:    4
 This function calls:
		_frexp
		___fttol
		___altoft
 This function is called by:
		_round
 This function uses a non-reentrant model


 *************** function ___fttol *****************
 Defined at:
		line 45 in file "C:\Program Files (x86)\Microchip\xc8\v1.12\sources\fttol.c"
 Parameters:    Size  Location     Type
  f1              3   61[COMRAM] float 
 Auto vars:     Size  Location     Type
  lval            4    6[BANK0 ] unsigned long 
  exp1            1   10[BANK0 ] unsigned char 
  sign1           1    5[BANK0 ] unsigned char 
 Return value:  Size  Location     Type
                  4   61[COMRAM] long 
 Registers used:
		wreg, status,2, status,0
 Tracked objects:
		On entry : 
		On exit  : 
		Unchanged: 
 Data sizes:     COMRAM   BANK0   BANK1   BANK2   BANK3   BANK4   BANK5   BANK6   BANK7   BANK8   BANK9  BANK10  BANK11  BANK12  BANK13  BANK14  BANK15
      Params:         4       0       0       0       0       0       0       0       0       0       0       0       0       0       0       0       0
      Locals:         0       6       0       0       0       0       0       0       0       0       0       0       0       0       0       0       0
      Temps:          0       5       0       0       0       0       0       0       0       0       0       0       0       0       0       0       0
      Totals:         4      11       0       0       0       0       0       0       0       0       0       0       0       0       0       0       0
Total ram usage:       15 bytes
 Hardware stack levels used:    1
 Hardware stack levels required when called:    2
 This function calls:
		Nothing
 This function is called by:
		_loop
		_PWM_Duty
		_trunc
 This function uses a non-reentrant model


 *************** function ___wmul *****************
 Defined at:
		line 3 in file "C:\Program Files (x86)\Microchip\xc8\v1.12\sources\wmul.c"
 Parameters:    Size  Location     Type
  multiplier      2   14[COMRAM] unsigned int 
  multiplicand    2   16[COMRAM] unsigned int 
 Auto vars:     Size  Location     Type
  product         2   18[COMRAM] unsigned int 
 Return value:  Size  Location     Type
                  2   14[COMRAM] unsigned int 
 Registers used:
		wreg, status,2, status,0
 Tracked objects:
		On entry : 
		On exit  : 
		Unchanged: 
 Data sizes:     COMRAM   BANK0   BANK1   BANK2   BANK3   BANK4   BANK5   BANK6   BANK7   BANK8   BANK9  BANK10  BANK11  BANK12  BANK13  BANK14  BANK15
      Params:         4       0       0       0       0       0       0       0       0       0       0       0       0       0       0       0       0
      Locals:         2       0       0       0       0       0       0       0       0       0       0       0       0       0       0       0       0
      Temps:          0       0       0       0       0       0       0       0       0       0       0       0       0       0       0       0       0
      Totals:         6       0       0       0       0       0       0       0       0       0       0       0       0       0       0       0       0
Total ram usage:        6 bytes
 Hardware stack levels used:    1
 Hardware stack levels required when called:    2
 This function calls:
		Nothing
 This function is called by:
		_loop
		_sprintf
 This function uses a non-reentrant model


 *************** function _frexp *****************
 Defined at:
		line 255 in file "C:\Program Files (x86)\Microchip\xc8\v1.12\sources\frexp.c"
 Parameters:    Size  Location     Type
  value           3   14[COMRAM] unsigned int 
  eptr            2   17[COMRAM] PTR int 
		 -> trunc@expon(2), 
 Auto vars:     Size  Location     Type
		None
 Return value:  Size  Location     Type
                  3   14[COMRAM] PTR int 
 Registers used:
		wreg, fsr2l, fsr2h, status,2, status,0
 Tracked objects:
		On entry : 
		On exit  : 
		Unchanged: 
 Data sizes:     COMRAM   BANK0   BANK1   BANK2   BANK3   BANK4   BANK5   BANK6   BANK7   BANK8   BANK9  BANK10  BANK11  BANK12  BANK13  BANK14  BANK15
      Params:         5       0       0       0       0       0       0       0       0       0       0       0       0       0       0       0       0
      Locals:         0       0       0       0       0       0       0       0       0       0       0       0       0       0       0       0       0
      Temps:          3       0       0       0       0       0       0       0       0       0       0       0       0       0       0       0       0
      Totals:         8       0       0       0       0       0       0       0       0       0       0       0       0       0       0       0       0
Total ram usage:        8 bytes
 Hardware stack levels used:    1
 Hardware stack levels required when called:    2
 This function calls:
		Nothing
 This function is called by:
		_trunc
 This function uses a non-reentrant model


 *************** function ___asftadd *****************
 Defined at:
		line 5 in file "../common/asftadd.c"
 Parameters:    Size  Location     Type
  f1p             2   36[BANK0 ] PTR float 
		 -> round@x(3), 
  f2              3   38[BANK0 ] float 
 Auto vars:     Size  Location     Type
		None
 Return value:  Size  Location     Type
                  3   36[BANK0 ] float 
 Registers used:
		wreg, fsr2l, fsr2h, status,2, status,0, cstack
 Tracked objects:
		On entry : 
		On exit  : 
		Unchanged: 
 Data sizes:     COMRAM   BANK0   BANK1   BANK2   BANK3   BANK4   BANK5   BANK6   BANK7   BANK8   BANK9  BANK10  BANK11  BANK12  BANK13  BANK14  BANK15
      Params:         0       5       0       0       0       0       0       0       0       0       0       0       0       0       0       0       0
      Locals:         0       0       0       0       0       0       0       0       0       0       0       0       0       0       0       0       0
      Temps:          0       0       0       0       0       0       0       0       0       0       0       0       0       0       0       0       0
      Totals:         0       5       0       0       0       0       0       0       0       0       0       0       0       0       0       0       0
Total ram usage:        5 bytes
 Hardware stack levels used:    1
 Hardware stack levels required when called:    4
 This function calls:
		___ftadd
 This function is called by:
		_round
 This function uses a non-reentrant model


 *************** function ___ftadd *****************
 Defined at:
		line 87 in file "C:\Program Files (x86)\Microchip\xc8\v1.12\sources\ftadd.c"
 Parameters:    Size  Location     Type
  f1              3   22[BANK0 ] float 
  f2              3   25[BANK0 ] float 
 Auto vars:     Size  Location     Type
  exp1            1   35[BANK0 ] unsigned char 
  exp2            1   34[BANK0 ] unsigned char 
  sign            1   33[BANK0 ] unsigned char 
 Return value:  Size  Location     Type
                  3   22[BANK0 ] float 
 Registers used:
		wreg, status,2, status,0, cstack
 Tracked objects:
		On entry : 
		On exit  : 
		Unchanged: 
 Data sizes:     COMRAM   BANK0   BANK1   BANK2   BANK3   BANK4   BANK5   BANK6   BANK7   BANK8   BANK9  BANK10  BANK11  BANK12  BANK13  BANK14  BANK15
      Params:         0       6       0       0       0       0       0       0       0       0       0       0       0       0       0       0       0
      Locals:         0       3       0       0       0       0       0       0       0       0       0       0       0       0       0       0       0
      Temps:          0       5       0       0       0       0       0       0       0       0       0       0       0       0       0       0       0
      Totals:         0      14       0       0       0       0       0       0       0       0       0       0       0       0       0       0       0
Total ram usage:       14 bytes
 Hardware stack levels used:    1
 Hardware stack levels required when called:    3
 This function calls:
		___ftpack
 This function is called by:
		_round
		___asftadd
 This function uses a non-reentrant model


 *************** function ___altoft *****************
 Defined at:
		line 43 in file "C:\Program Files (x86)\Microchip\xc8\v1.12\sources\altoft.c"
 Parameters:    Size  Location     Type
  c               4   29[COMRAM] long 
 Auto vars:     Size  Location     Type
  sign            1   38[COMRAM] unsigned char 
  exp             1   37[COMRAM] unsigned char 
 Return value:  Size  Location     Type
                  3   29[COMRAM] float 
 Registers used:
		wreg, status,2, status,0, cstack
 Tracked objects:
		On entry : 
		On exit  : 
		Unchanged: 
 Data sizes:     COMRAM   BANK0   BANK1   BANK2   BANK3   BANK4   BANK5   BANK6   BANK7   BANK8   BANK9  BANK10  BANK11  BANK12  BANK13  BANK14  BANK15
      Params:         4       0       0       0       0       0       0       0       0       0       0       0       0       0       0       0       0
      Locals:         2       0       0       0       0       0       0       0       0       0       0       0       0       0       0       0       0
      Temps:          4       0       0       0       0       0       0       0       0       0       0       0       0       0       0       0       0
      Totals:        10       0       0       0       0       0       0       0       0       0       0       0       0       0       0       0       0
Total ram usage:       10 bytes
 Hardware stack levels used:    1
 Hardware stack levels required when called:    3
 This function calls:
		___ftpack
 This function is called by:
		_PWM_Duty
		_trunc
 This function uses a non-reentrant model


 *************** function ___ftpack *****************
 Defined at:
		line 63 in file "C:\Program Files (x86)\Microchip\xc8\v1.12\sources\float.c"
 Parameters:    Size  Location     Type
  arg             3   14[COMRAM] unsigned um
  exp             1   17[COMRAM] unsigned char 
  sign            1   18[COMRAM] unsigned char 
 Auto vars:     Size  Location     Type
		None
 Return value:  Size  Location     Type
                  3   14[COMRAM] float 
 Registers used:
		wreg, status,2, status,0
 Tracked objects:
		On entry : 
		On exit  : 
		Unchanged: 
 Data sizes:     COMRAM   BANK0   BANK1   BANK2   BANK3   BANK4   BANK5   BANK6   BANK7   BANK8   BANK9  BANK10  BANK11  BANK12  BANK13  BANK14  BANK15
      Params:         5       0       0       0       0       0       0       0       0       0       0       0       0       0       0       0       0
      Locals:         0       0       0       0       0       0       0       0       0       0       0       0       0       0       0       0       0
      Temps:          3       0       0       0       0       0       0       0       0       0       0       0       0       0       0       0       0
      Totals:         8       0       0       0       0       0       0       0       0       0       0       0       0       0       0       0       0
Total ram usage:        8 bytes
 Hardware stack levels used:    1
 Hardware stack levels required when called:    2
 This function calls:
		Nothing
 This function is called by:
		___altoft
		___awtoft
		___ftadd
		___ftdiv
		___ftmul
		___lwtoft
 This function uses a non-reentrant model


 *************** function _interruption *****************
 Defined at:
		line 269 in file "utils.c"
 Parameters:    Size  Location     Type
		None
 Auto vars:     Size  Location     Type
		None
 Return value:  Size  Location     Type
		None               void
 Registers used:
		wreg, fsr2l, fsr2h, status,2, status,0, tblptrl, tblptrh, tblptru, cstack
 Tracked objects:
		On entry : 
		On exit  : 
		Unchanged: 
 Data sizes:     COMRAM   BANK0   BANK1   BANK2   BANK3   BANK4   BANK5   BANK6   BANK7   BANK8   BANK9  BANK10  BANK11  BANK12  BANK13  BANK14  BANK15
      Params:         0       0       0       0       0       0       0       0       0       0       0       0       0       0       0       0       0
      Locals:         0       0       0       0       0       0       0       0       0       0       0       0       0       0       0       0       0
      Temps:         14       0       0       0       0       0       0       0       0       0       0       0       0       0       0       0       0
      Totals:        14       0       0       0       0       0       0       0       0       0       0       0       0       0       0       0       0
Total ram usage:       14 bytes
 Hardware stack levels used:    1
 Hardware stack levels required when called:    1
 This function calls:
		_clavier_read
 This function is called by:
		Interrupt level 2
 This function uses a non-reentrant model


 *************** function _clavier_read *****************
 Defined at:
		line 363 in file "utils.c"
 Parameters:    Size  Location     Type
		None
 Auto vars:     Size  Location     Type
		None
 Return value:  Size  Location     Type
		None               void
 Registers used:
		wreg, fsr2l, fsr2h, status,2, status,0, tblptrl, tblptrh, tblptru
 Tracked objects:
		On entry : 
		On exit  : 
		Unchanged: 
 Data sizes:     COMRAM   BANK0   BANK1   BANK2   BANK3   BANK4   BANK5   BANK6   BANK7   BANK8   BANK9  BANK10  BANK11  BANK12  BANK13  BANK14  BANK15
      Params:         0       0       0       0       0       0       0       0       0       0       0       0       0       0       0       0       0
      Locals:         0       0       0       0       0       0       0       0       0       0       0       0       0       0       0       0       0
      Temps:          0       0       0       0       0       0       0       0       0       0       0       0       0       0       0       0       0
      Totals:         0       0       0       0       0       0       0       0       0       0       0       0       0       0       0       0       0
Total ram usage:        0 bytes
 Hardware stack levels used:    1
 This function calls:
		Nothing
 This function is called by:
		_interruption
 This function uses a non-reentrant model



MODULE INFORMATION

Module		Function		Class		Link	Load	Size
C:\Program Files (x86)\Microchip\xc8\v1.12\sources\lmul.c
		___lmul        		CODE           	2C54	0000	98

C:\Program Files (x86)\Microchip\xc8\v1.12\sources\lmul.c estimated size: 98

C:\Program Files (x86)\Microchip\xc8\v1.12\sources\frexp.c
		_frexp         		CODE           	29C6	0000	128

C:\Program Files (x86)\Microchip\xc8\v1.12\sources\frexp.c estimated size: 128

C:\Program Files (x86)\Microchip\xc8\v1.12\sources\doprnt.c
		_sprintf       		CODE           	1984	0000	738

C:\Program Files (x86)\Microchip\xc8\v1.12\sources\doprnt.c estimated size: 738

C:\Program Files (x86)\Microchip\xc8\v1.12\sources\trunc.c
		_trunc         		CODE           	26BE	0000	168

C:\Program Files (x86)\Microchip\xc8\v1.12\sources\trunc.c estimated size: 168

C:\Program Files (x86)\Microchip\xc8\v1.12\sources\aldiv.c
		___aldiv       		CODE           	2422	0000	260

C:\Program Files (x86)\Microchip\xc8\v1.12\sources\aldiv.c estimated size: 260

C:\Program Files (x86)\Microchip\xc8\v1.12\sources\altoft.c
		___altoft      		CODE           	2932	0000	148

C:\Program Files (x86)\Microchip\xc8\v1.12\sources\altoft.c estimated size: 148

C:\Program Files (x86)\Microchip\xc8\v1.12\sources\ftdiv.c
		___ftdiv       		CODE           	21FC	0000	286

C:\Program Files (x86)\Microchip\xc8\v1.12\sources\ftdiv.c estimated size: 286

C:\Program Files (x86)\Microchip\xc8\v1.12\sources\lldiv.c
		___lldiv       		CODE           	2802	0000	156

C:\Program Files (x86)\Microchip\xc8\v1.12\sources\lldiv.c estimated size: 156

../common/asftadd.c
		___asftadd     		CODE           	2E0E	0000	70

../common/asftadd.c estimated size: 70

C:\Program Files (x86)\Microchip\xc8\v1.12\sources\awtoft.c
		___awtoft      		CODE           	2DC2	0000	76

C:\Program Files (x86)\Microchip\xc8\v1.12\sources\awtoft.c estimated size: 76

C:\Program Files (x86)\Microchip\xc8\v1.12\sources\ftneg.c
		___ftneg       		CODE           	2E54	0000	62

C:\Program Files (x86)\Microchip\xc8\v1.12\sources\ftneg.c estimated size: 62

shared
		__stringdata   		SMALLCONST     	1016	0000	114
		_moninit       		SMALLCONST     	0000	0000	4108
		_dpowers       		SMALLCONST     	100C	0000	10
		__initializatio		CODE           	2A46	0000	102

shared estimated size: 4334

C:\Program Files (x86)\Microchip\xc8\v1.12\sources\ftmul.c
		___ftmul       		CODE           	20BE	0000	318

C:\Program Files (x86)\Microchip\xc8\v1.12\sources\ftmul.c estimated size: 318

C:\Program Files (x86)\Microchip\xc8\v1.12\sources\fttol.c
		___fttol       		CODE           	1C66	0000	416

C:\Program Files (x86)\Microchip\xc8\v1.12\sources\fttol.c estimated size: 416

C:\Program Files (x86)\Microchip\xc8\v1.12\sources\lwtoft.c
		___lwtoft      		CODE           	2F2E	0000	46

C:\Program Files (x86)\Microchip\xc8\v1.12\sources\lwtoft.c estimated size: 46

main.c
		_loop          		CODE           	108A	0000	1348
		_main          		CODE           	2F00	0000	46
		_setup         		CODE           	2CB6	0000	96

main.c estimated size: 1490

C:\Program Files (x86)\Microchip\xc8\v1.12\sources\wmul.c
		___wmul        		CODE           	2E92	0000	62

C:\Program Files (x86)\Microchip\xc8\v1.12\sources\wmul.c estimated size: 62

C:\Program Files (x86)\Microchip\xc8\v1.12\sources\round.c
		_round         		CODE           	289E	0000	148

C:\Program Files (x86)\Microchip\xc8\v1.12\sources\round.c estimated size: 148

C:\Program Files (x86)\Microchip\xc8\v1.12\sources\isdigit.c
		_isdigit       		CODE           	2ED0	0000	48

C:\Program Files (x86)\Microchip\xc8\v1.12\sources\isdigit.c estimated size: 48

utils.c
		_PWM_Duty      		CODE           	231A	0000	264
		_LCD_Init      		CODE           	1F6A	0000	340
		_clavier_read  		CODE           	2D72	0000	80
		_Timer_Init    		CODE           	2F8A	0000	10
		_DelayLCDShort 		CODE           	2F94	0000	8
		_LCD_Puts      		CODE           	2766	0000	156
		_Interrupt_Init		CODE           	2F7A	0000	16
		_interruption  		CODE           	0008	0000	134
		_DisplayOnLcdPo		CODE           	2BF0	0000	100
		_ADC_Read      		CODE           	1E06	0000	356
		_Ports_Init    		CODE           	2AB2	0000	108
		_PWM_Init      		CODE           	2B8A	0000	102

utils.c estimated size: 1674

C:\Program Files (x86)\Microchip\xc8\v1.12\sources\lwmod.c
		___lwmod       		CODE           	2D16	0000	92

C:\Program Files (x86)\Microchip\xc8\v1.12\sources\lwmod.c estimated size: 92

C:\Program Files (x86)\Microchip\xc8\v1.12\sources\ftadd.c
		___ftadd       		CODE           	15CE	0000	950

C:\Program Files (x86)\Microchip\xc8\v1.12\sources\ftadd.c estimated size: 950

C:\Program Files (x86)\Microchip\xc8\v1.12\sources\lwdiv.c
		___lwdiv       		CODE           	2B1E	0000	108

C:\Program Files (x86)\Microchip\xc8\v1.12\sources\lwdiv.c estimated size: 108

C:\Program Files (x86)\Microchip\xc8\v1.12\sources\float.c
		___ftpack      		CODE           	2526	0000	238

C:\Program Files (x86)\Microchip\xc8\v1.12\sources\float.c estimated size: 238

mcc_generated_files/rtcc.c
		_RTCC_Initializ		CODE           	2614	0000	170
		_RTCCTimeInitia		CODE           	2F9C	0000	6

mcc_generated_files/rtcc.c estimated size: 176

