Microchip MPLAB XC8 Compiler V1.12 ()

Linker command line:

-W-3 --edf=C:\Program Files (x86)\Microchip\xc8\v1.12\dat\en_msgs.txt -cs \
  -h+dist/default/production\PROJET_MICRO_FW_ASSER-Clement.production.sym \
  -z -Q18F87K22 -ol.obj \
  -Mdist/default/production/PROJET_MICRO_FW_ASSER-Clement.production.map \
  -E1 -ver=XC8 -ACODE=00h-01FFFFh -ACONST=00h-01FFFFh \
  -ASMALLCONST=01000h-010FFhx496 \
  -AMEDIUMCONST=01000h-0FFFFh,011000h-01FFFFh -AFARRAM=020000h-01FFFFFh \
  -ACOMRAM=01h-05Fh -AABS1=00h-0F15h -ABIGRAM=01h-0F15h \
  -ARAM=060h-0FFh,0100h-01FFhx14,0F00h-0F15h -ABANK0=060h-0FFh \
  -ABANK1=0100h-01FFh -ABANK2=0200h-02FFh -ABANK3=0300h-03FFh \
  -ABANK4=0400h-04FFh -ABANK5=0500h-05FFh -ABANK6=0600h-06FFh \
  -ABANK7=0700h-07FFh -ABANK8=0800h-08FFh -ABANK9=0900h-09FFh \
  -ABANK10=0A00h-0AFFh -ABANK11=0B00h-0BFFh -ABANK12=0C00h-0CFFh \
  -ABANK13=0D00h-0DFFh -ABANK14=0E00h-0EFFh -ABANK15=0F00h-0F15h \
  -ASFR=0F16h-0F5Fh,0F60h-0FFFh \
  -preset_vec=00h,intcode=08h,intcodelo,powerup,init,end_init \
  -pramtop=01000h -psmallconst=SMALLCONST -pmediumconst=MEDIUMCONST \
  -pconst=CONST -AFARRAM=020000h-01FFFFFh -ACONFIG=0300000h-030000Dh \
  -pconfig=CONFIG -AIDLOC=0200000h-0200007h -pidloc=IDLOC \
  -AEEDATA=0F00000h-0F003FFh -peeprom_data=EEDATA \
  -prdata=COMRAM,nvrram=COMRAM,nvbit=COMRAM,rbss=COMRAM,rbit=COMRAM \
  -pfarbss=FARRAM,fardata=FARRAM \
  -pintsave_regs=BIGRAM,bigbss=BIGRAM,bigdata=BIGRAM -pbss=RAM \
  -pidata=CODE,irdata=CODE,ibigdata=CODE,ifardata=CODE \
  C:\Users\Clement\AppData\Local\Temp\s92s.obj \
  dist/default/production\PROJET_MICRO_FW_ASSER-Clement.production.obj 

Object code version is 3.10

Machine type is 18F87K22

Call graph: (short form)




                Name                               Link     Load   Length Selector   Space Scale
C:\Users\Clement\AppData\Local\Temp\s92s.obj
                end_init                            23A      23A        4        4       0
                reset_vec                             0        0        4        0       0
                idloc                            200000   200000        8   200000       0
                config                           300000   300000        E   300000       0
dist/default/production\PROJET_MICRO_FW_ASSER-Clement.production.obj
                intcode                               8        8      232        4       0
                smallconst                         1000     1000       A4      800       0
                text56                             36B6     36B6       EE      852       0
                text55                             46B0     46B0       2E      852       0
                text54                             314E     314E      130      852       0
                text53                             2EDE     2EDE      13E      852       0
                text52                             4760     4760        8     2391       0
                text51                             3E5E     3E5E       9C      852       0
                text50                             43E2     43E2       64      852       0
                text49                             34BC     34BC      104      852       0
                text48                             339E     339E      11E      852       0
                text47                             3F8E     3F8E       94      852       0
                text46                             35C0     35C0       F6      852       0
                text45                             4732     4732       10     2391       0
                text44                             4134     4134       80      852       0
                text43                             44A8     44A8       5E      852       0
                text42                             4446     4446       62      852       0
                text40                             2A72     2A72      18C      852       0
                text39                             3890     3890       EA      852       0
                text38                             3A44     3A44       C0      852       0
                text37                             4560     4560       4C      852       0
                text36                             3DBE     3DBE       A0      852       0
                text35                             24FC     24FC      1E4      852       0
                text34                             3BB8     3BB8       B0      852       0
                text33                             3B04     3B04       B4      852       0
                text32                             327E     327E      120      852       0
                text31                             3D16     3D16       A8      852       0
                text30                             37A4     37A4       EC      852       0
                text29                             463C     463C       3E      852       0
                text28                             1ED6     1ED6      22A      852       0
                text27                             2306     2306      1F6      852       0
                text26                             1B1E     1B1E      3B8      852       0
                text25                             45F6     45F6       46      852       0
                text24                             4314     4314       68      852       0
                text23                             26E0     26E0      1D8      852       0
                text22                             45AC     45AC       4A      852       0
                text21                             41B4     41B4       7C      852       0
                text20                             4506     4506       5A      852       0
                text19                             4758     4758        8     2391       0
                text18                             3EFA     3EFA       94      852       0
                text17                             397A     397A       CA      852       0
                text16                             4230     4230       76      852       0
                text15                             46DE     46DE       2C      852       0
                text14                             2BFE     2BFE      178      852       0
                text13                             2100     2100      206      852       0
                text12                             301C     301C      132      852       0
                text11                             170A     170A      414      852       0
                text10                             28B8     28B8      1BA      852       0
                text9                              474E     474E        A     2391       0
                text8                              2D76     2D76      168      852       0
                text7                              42A6     42A6       6E      852       0
                text6                              4722     4722       10     2391       0
                text5                              40B2     40B2       82      852       0
                text4                              4768     4768        6     2391       0
                text3                              3C68     3C68       AE      852       0
                text2                              4022     4022       90      852       0
                text1                              10A4     10A4      666      852       0
                text0                              467A     467A       36      852       0
                cstackCOMRAM                          1        1       5B        1       1
                cstackBANK0                          60       60       6B       60       1
                dataBANK1                           1C8      1C8        C      101       1
                bssBANK1                            101      101       C7      101       1
                dataBANK0                            E8       E8       17       60       1
                bssBANK0                             CB       CB       1D       60       1
                bssCOMRAM                            5C       5C        3        1       1
                bitbssCOMRAM                        2F8       5F        1        1       1     8
                cinit                              437C     437C       66      852       0
                idataBANK1                         4742     4742        C     2391       0
                idataBANK0                         470A     470A       17      852       0

TOTAL           Name                               Link     Load   Length     Space
        CLASS   CODE           
                end_init                            23A      23A        4         0
                intcode                               8        8      232         0
                reset_vec                             0        0        4         0
                text56                             36B6     36B6       EE         0
                text55                             46B0     46B0       2E         0
                text54                             314E     314E      130         0
                text53                             2EDE     2EDE      13E         0
                text52                             4760     4760        8         0
                text51                             3E5E     3E5E       9C         0
                text50                             43E2     43E2       64         0
                text49                             34BC     34BC      104         0
                text48                             339E     339E      11E         0
                text47                             3F8E     3F8E       94         0
                text46                             35C0     35C0       F6         0
                text45                             4732     4732       10         0
                text44                             4134     4134       80         0
                text43                             44A8     44A8       5E         0
                text42                             4446     4446       62         0
                text40                             2A72     2A72      18C         0
                text39                             3890     3890       EA         0
                text38                             3A44     3A44       C0         0
                text37                             4560     4560       4C         0
                text36                             3DBE     3DBE       A0         0
                text35                             24FC     24FC      1E4         0
                text34                             3BB8     3BB8       B0         0
                text33                             3B04     3B04       B4         0
                text32                             327E     327E      120         0
                text31                             3D16     3D16       A8         0
                text30                             37A4     37A4       EC         0
                text29                             463C     463C       3E         0
                text28                             1ED6     1ED6      22A         0
                text27                             2306     2306      1F6         0
                text26                             1B1E     1B1E      3B8         0
                text25                             45F6     45F6       46         0
                text24                             4314     4314       68         0
                text23                             26E0     26E0      1D8         0
                text22                             45AC     45AC       4A         0
                text21                             41B4     41B4       7C         0
                text20                             4506     4506       5A         0
                text19                             4758     4758        8         0
                text18                             3EFA     3EFA       94         0
                text17                             397A     397A       CA         0
                text16                             4230     4230       76         0
                text15                             46DE     46DE       2C         0
                text14                             2BFE     2BFE      178         0
                text13                             2100     2100      206         0
                text12                             301C     301C      132         0
                text11                             170A     170A      414         0
                text10                             28B8     28B8      1BA         0
                text9                              474E     474E        A         0
                text8                              2D76     2D76      168         0
                text7                              42A6     42A6       6E         0
                text6                              4722     4722       10         0
                text5                              40B2     40B2       82         0
                text4                              4768     4768        6         0
                text3                              3C68     3C68       AE         0
                text2                              4022     4022       90         0
                text1                              10A4     10A4      666         0
                text0                              467A     467A       36         0
                cinit                              437C     437C       66         0
                idataBANK1                         4742     4742        C         0
                idataBANK0                         470A     470A       17         0

        CLASS   CONST          

        CLASS   SMALLCONST     
                smallconst                         1000     1000       A4         0

        CLASS   MEDIUMCONST    

        CLASS   FARRAM         

        CLASS   COMRAM         
                cstackCOMRAM                          1        1       5B         1
                bssCOMRAM                            5C       5C        3         1
                bitbssCOMRAM                        2F8       5F        1         1

        CLASS   ABS1           
                abs_s1                              100      100        1         1

        CLASS   BIGRAM         

        CLASS   RAM            

        CLASS   BANK0          
                cstackBANK0                          60       60       6B         1
                dataBANK0                            E8       E8       17         1
                bssBANK0                             CB       CB       1D         1

        CLASS   BANK1          
                dataBANK1                           1C8      1C8        C         1
                bssBANK1                            101      101       C7         1

        CLASS   BANK2          

        CLASS   BANK3          

        CLASS   BANK4          

        CLASS   BANK5          

        CLASS   BANK6          

        CLASS   BANK7          

        CLASS   BANK8          

        CLASS   BANK9          

        CLASS   BANK10         

        CLASS   BANK11         

        CLASS   BANK12         

        CLASS   BANK13         

        CLASS   BANK14         

        CLASS   BANK15         

        CLASS   SFR            

        CLASS   CONFIG         
                config                           300000   300000        E         0

        CLASS   IDLOC          
                idloc                            200000   200000        8         0

        CLASS   EEDATA         



SEGMENTS        Name                           Load    Length   Top    Selector   Space  Class

                reset_vec                      000000  000004  000004         0       0  CODE    
                cstackCOMRAM                   000001  00005F  000060         1       1  COMRAM  
                intcode                        000008  000236  00023E         4       0  CODE    
                cstackBANK0                    000060  00009F  0000FF        60       1  BANK0   
                bssBANK1                       000101  0000D3  0001D4       101       1  BANK1   
                smallconst                     001000  0000A4  0010A4       800       0  SMALLCON
                text1                          0010A4  00367D  004721       852       0  CODE    
                text6                          004722  00004C  00476E      2391       0  CODE    
                idloc                          200000  000008  200008    200000       0  IDLOC   
                config                         300000  00000E  30000E    300000       0  CONFIG  


UNUSED ADDRESS RANGES

        Name                Unused          Largest block    Delta
        BANK0            0000FF-0000FF                1
        BANK1            0001D4-0001FF               2C
        BANK10           000A00-000AFF              100
        BANK11           000B00-000BFF              100
        BANK12           000C00-000CFF              100
        BANK13           000D00-000DFF              100
        BANK14           000E00-000EFF              100
        BANK15           000F00-000F15               16
        BANK2            000200-0002FF              100
        BANK3            000300-0003FF              100
        BANK4            000400-0004FF              100
        BANK5            000500-0005FF              100
        BANK6            000600-0006FF              100
        BANK7            000700-0007FF              100
        BANK8            000800-0008FF              100
        BANK9            000900-0009FF              100
        BIGRAM           0000FF-0000FF                1
                         0001D4-000F15              D42
        CODE             000004-000007                4
                         00023E-000FFF              DC2
                         004721-004721                1
                         00476E-01FFFF            1B892
        CONST            000004-000007                4
                         00023E-000FFF              DC2
                         004721-004721                1
                         00476E-01FFFF            1B892
        EEDATA           F00000-F003FF              400
        FARRAM           020000-1FFFFF           1E0000
        MEDIUMCONST      004721-004721                1
                         00476E-00FFFF             B892
                         011000-01FFFF             F000
        RAM              0000FF-0000FF                1
                         0001D4-000F15              100
        SFR              000F16-000FFF               4A
        SMALLCONST       004721-004721                1
                         00476E-01FFFF              100

                                  Symbol Table

?_ADC_Read                       cstackBANK0  000091
?_ConvertBCDToHex                cstackBANK0  000060
?_DisplayOnLcdPosition           cstackBANK0  000066
?_LCD_Puts                       cstackBANK0  000060
?_PWM_Duty                       cstackBANK0  00009E
?_RTCC_TimeGet                   cstackBANK0  000063
?_UART_Putc                      cstackCOMRAM 000001
?_UART_Puts                      cstackCOMRAM 000002
?___aldiv                        cstackBANK0  000060
?___altoft                       cstackBANK0  00006F
?___asftadd                      cstackBANK0  0000B7
?___awtoft                       cstackBANK0  000068
?___ftadd                        cstackBANK0  0000A9
?___ftdiv                        cstackBANK0  00006D
?___ftmul                        cstackBANK0  00007E
?___ftneg                        cstackBANK0  0000A6
?___ftpack                       cstackBANK0  000060
?___fttol                        cstackBANK0  00008F
?___lldiv                        cstackBANK0  00006C
?___lmul                         cstackBANK0  000060
?___lwdiv                        cstackBANK0  000060
?___lwmod                        cstackBANK0  000068
?___lwtoft                       cstackBANK0  000068
?___wmul                         cstackBANK0  000060
?_frexp                          cstackBANK0  000060
?_isdigit                        cstackBANK0  000060
?_itoa                           cstackBANK0  000077
?_round                          cstackBANK0  0000BC
?_sprintf                        cstackBANK0  00007A
?_time_display                   cstackBANK0  00007F
?_trunc                          cstackBANK0  00009E
?_utoa                           cstackBANK0  00006E
?i2_DisplayOnLcdPosition         cstackCOMRAM 000007
?i2_LCD_Puts                     cstackCOMRAM 000001
?i2_PWM_Duty                     cstackCOMRAM 000046
?i2___aldiv                      cstackCOMRAM 000001
?i2___altoft                     cstackCOMRAM 00001F
?i2___ftdiv                      cstackCOMRAM 000024
?i2___ftmul                      cstackCOMRAM 000035
?i2___ftpack                     cstackCOMRAM 000001
?i2___fttol                      cstackCOMRAM 000010
?i2___lwtoft                     cstackCOMRAM 00001F
ADC_Read@pot                     cstackBANK0  000093
ADC_Read@pot_value               cstackBANK0  000099
ADC_Read@valeur_pwm              cstackBANK0  000097
ConvertBCDToHex@bcdvalue         cstackBANK0  000060
ConvertBCDToHex@hexvalue         cstackBANK0  000062
DisplayOnLcdPosition@data        cstackBANK0  000068
DisplayOnLcdPosition@line        cstackBANK0  000066
DisplayOnLcdPosition@row         cstackBANK0  000067
LCD_Puts@chaine                  cstackBANK0  000060
LCD_Puts@i                       cstackBANK0  000065
PWM_Duty@duty                    cstackBANK0  00009E
RTCC_TimeGet@currentTime         cstackBANK0  000063
RTCC_TimeGet@register_valueHigh  cstackBANK0  000067
RTCC_TimeGet@register_valueLow   cstackBANK0  000068
UART_Putc@c                      cstackCOMRAM 000001
UART_Puts@c                      cstackCOMRAM 000002
UART_Puts@i                      cstackCOMRAM 000006
_ADCON0                          (abs)        000FC2
_ADCON0bits                      (abs)        000FC2
_ADCON1                          (abs)        000FC1
_ADCON2                          (abs)        000FC0
_ADC_Read                        text10       0028B8
_ADRES                           (abs)        000FC3
_ALRMRPT                         (abs)        000F5A
_ANCON0                          (abs)        000F25
_ANCON1                          (abs)        000F24
_ANCON2                          (abs)        000F23
_BAUDCON1bits                    (abs)        000F65
_CCP1M2                          (abs)        007DDA
_CCP1M3                          (abs)        007DDB
_CCP1X                           (abs)        007DDD
_CCP1Y                           (abs)        007DDC
_CCPR1L                          (abs)        000FBC
_CLAVIER                         (abs)        180000
_CLAVIER_GetPressedKey           text42       004446
_ConvertBCDToHex                 text15       0046DE
_DelayLCDShort                   text19       004758
_DisplayOnLcdPosition            text16       004230
_EECON2                          (abs)        000F7E
_EEPROM                          (abs)        000100
_INTCON                          (abs)        000FF2
_INTCON2                         (abs)        000FF1
_INTCONbits                      (abs)        000FF2
_Interrupt_Init                  text6        004722
_LATA                            (abs)        000F89
_LATB                            (abs)        000F8A
_LATC                            (abs)        000F8B
_LATD                            (abs)        000F8C
_LATDbits                        (abs)        000F8C
_LATE                            (abs)        000F8D
_LATF                            (abs)        000F8E
_LATG                            (abs)        000F8F
_LATGbits                        (abs)        000F8F
_LATH                            (abs)        000F90
_LCD_CTRL_PORT                   (abs)        1A0000
_LCD_DATA_PORT                   (abs)        1A0002
_LCD_Init                        text8        002D76
_LCD_Puts                        text17       00397A
_MEMCON                          (abs)        000F26
_OSCCON                          (abs)        000FD3
_OSCCON2                         (abs)        000F64
_OSCTUNE                         (abs)        000F9B
_PADCFG1                         (abs)        000F53
_PIE1bits                        (abs)        000F9D
_PIE3bits                        (abs)        000FA3
_PIR3bits                        (abs)        000FA4
_PORTGbits                       (abs)        000F86
_PR2                             (abs)        000FCB
_PWM_Duty                        text12       00301C
_PWM_Init                        text5        0040B2
_PWM_VAL                         bssBANK0     0000E5
_PWM_clav                        bssBANK0     0000CF
_PWM_freq                        dataBANK0    0000F9
_Ports_Init                      text7        0042A6
_RC2IF                           (abs)        007D25
_RCREG2                          (abs)        000F1D
_RCSTA1bits                      (abs)        000FAB
_RCSTA2bits                      (abs)        000F22
_REFOCON                         (abs)        000F2A
_RTCCAL                          (abs)        000F5E
_RTCCFG                          (abs)        000F5F
_RTCCFGbits                      (abs)        000F5F
_RTCCTimeInitialized             text4        004768
_RTCC_Initialize                 text3        003C68
_RTCC_TimeGet                    text14       002BFE
_RTCVALH                         (abs)        000F5D
_RTCVALL                         (abs)        000F5C
_RX_U_2                          bssCOMRAM    00005C
_SPBRG1                          (abs)        000FAF
_S_vent                          bssBANK0     0000D1
_S_vent_string                   bssBANK1     0001BE
_T0CON                           (abs)        000FD5
_T0CONbits                       (abs)        000FD5
_T1CON                           (abs)        000FCD
_T2CKPS0                         (abs)        007E50
_T2CKPS1                         (abs)        007E51
_TMR0L                           (abs)        000FD6
_TMR1IF                          (abs)        007CF0
_TMR1ON                          (abs)        007E68
_TMR2ON                          (abs)        007E52
_TRISA                           (abs)        000F92
_TRISAbits                       (abs)        000F92
_TRISB                           (abs)        000F93
_TRISBbits                       (abs)        000F93
_TRISC                           (abs)        000F94
_TRISC2                          (abs)        007CA2
_TRISCbits                       (abs)        000F94
_TRISD                           (abs)        000F95
_TRISE                           (abs)        000F96
_TRISF                           (abs)        000F97
_TRISG                           (abs)        000F98
_TRISGbits                       (abs)        000F98
_TRISH                           (abs)        000F99
_TXREG1                          (abs)        000FAD
_TXSTA1bits                      (abs)        000FAC
_Timer_Init                      text9        00474E
_Tosc                            bssBANK0     0000CB
_UART_Putc                       text45       004732
_UART_Puts                       text44       004134
_VAL_CLAV                        bssCOMRAM    00005D
__CFG_ABW$XM20                   (abs)        000000
__CFG_BBSIZ$BB1K                 (abs)        000000
__CFG_BOREN$OFF                  (abs)        000000
__CFG_BORPWR$ZPBORMV             (abs)        000000
__CFG_BORV$0                     (abs)        000000
__CFG_BW$8                       (abs)        000000
__CFG_CCP2MX$PORTC               (abs)        000000
__CFG_CP0$OFF                    (abs)        000000
__CFG_CP1$OFF                    (abs)        000000
__CFG_CP2$OFF                    (abs)        000000
__CFG_CP3$OFF                    (abs)        000000
__CFG_CP4$OFF                    (abs)        000000
__CFG_CP5$OFF                    (abs)        000000
__CFG_CP6$OFF                    (abs)        000000
__CFG_CP7$OFF                    (abs)        000000
__CFG_CPB$OFF                    (abs)        000000
__CFG_CPD$OFF                    (abs)        000000
__CFG_DEBUG$OFF                  (abs)        000000
__CFG_EASHFT$OFF                 (abs)        000000
__CFG_EBRT0$OFF                  (abs)        000000
__CFG_EBRT1$OFF                  (abs)        000000
__CFG_EBRT2$OFF                  (abs)        000000
__CFG_EBRT3$OFF                  (abs)        000000
__CFG_EBRT4$OFF                  (abs)        000000
__CFG_EBRT5$OFF                  (abs)        000000
__CFG_EBRT6$OFF                  (abs)        000000
__CFG_EBRT7$OFF                  (abs)        000000
__CFG_EBRTB$OFF                  (abs)        000000
__CFG_ECCPMX$PORTE               (abs)        000000
__CFG_FCMEN$OFF                  (abs)        000000
__CFG_FOSC$HS1                   (abs)        000000
__CFG_IESO$OFF                   (abs)        000000
__CFG_INTOSCSEL$HIGH             (abs)        000000
__CFG_MCLRE$ON                   (abs)        000000
__CFG_MSSPMSK$MSK7               (abs)        000000
__CFG_PLLCFG$OFF                 (abs)        000000
__CFG_PWRTEN$OFF                 (abs)        000000
__CFG_RETEN$ON                   (abs)        000000
__CFG_RTCOSC$SOSCREF             (abs)        000000
__CFG_SOSCSEL$HIGH               (abs)        000000
__CFG_STVREN$ON                  (abs)        000000
__CFG_WAIT$ON                    (abs)        000000
__CFG_WDTEN$OFF                  (abs)        000000
__CFG_WDTPS$1                    (abs)        000000
__CFG_WRT0$OFF                   (abs)        000000
__CFG_WRT1$OFF                   (abs)        000000
__CFG_WRT2$OFF                   (abs)        000000
__CFG_WRT3$OFF                   (abs)        000000
__CFG_WRT4$OFF                   (abs)        000000
__CFG_WRT5$OFF                   (abs)        000000
__CFG_WRT6$OFF                   (abs)        000000
__CFG_WRT7$OFF                   (abs)        000000
__CFG_WRTB$OFF                   (abs)        000000
__CFG_WRTC$OFF                   (abs)        000000
__CFG_WRTD$OFF                   (abs)        000000
__CFG_XINST$OFF                  (abs)        000000
__HRAM                           (abs)        000000
__Habs1                          abs1         000000
__Hbank0                         bank0        000000
__Hbank1                         bank1        000000
__Hbank10                        bank10       000000
__Hbank11                        bank11       000000
__Hbank12                        bank12       000000
__Hbank13                        bank13       000000
__Hbank14                        bank14       000000
__Hbank15                        bank15       000000
__Hbank2                         bank2        000000
__Hbank3                         bank3        000000
__Hbank4                         bank4        000000
__Hbank5                         bank5        000000
__Hbank6                         bank6        000000
__Hbank7                         bank7        000000
__Hbank8                         bank8        000000
__Hbank9                         bank9        000000
__Hbigbss                        bigbss       000000
__Hbigdata                       bigdata      000000
__Hbigram                        bigram       000000
__HbitbssCOMRAM                  bitbssCOMRAM 000000
__Hbss                           bss          000000
__HbssBANK0                      bssBANK0     000000
__HbssBANK1                      bssBANK1     000000
__HbssCOMRAM                     bssCOMRAM    000000
__Hcinit                         cinit        000000
__Hclrtext                       clrtext      000000
__Hcomram                        comram       000000
__Hconfig                        config       30000E
__Hconst                         const        000000
__HcstackBANK0                   cstackBANK0  000000
__HcstackCOMRAM                  cstackCOMRAM 000000
__Hdata                          data         000000
__HdataBANK0                     dataBANK0    000000
__HdataBANK1                     dataBANK1    000000
__Heeprom_data                   eeprom_data  000000
__Hend_init                      end_init     00023E
__Hfarbss                        farbss       000000
__Hfardata                       fardata      000000
__Hibigdata                      ibigdata     000000
__Hidata                         idata        000000
__HidataBANK0                    idataBANK0   000000
__HidataBANK1                    idataBANK1   000000
__Hidloc                         idloc        200008
__Hifardata                      ifardata     000000
__Hinit                          init         00023A
__Hintcode                       intcode      00023A
__Hintcode_body                  intcode_body 000000
__Hintcodelo                     intcodelo    00023A
__Hintentry                      intentry     000000
__Hintret                        intret       000000
__Hintsave_regs                  intsave_regs 000000
__Hirdata                        irdata       000000
__Hmediumconst                   mediumconst  000000
__Hnvbit                         nvbit        000000
__Hnvrram                        nvrram       000000
__Hparam                         rparam       000000
__Hpowerup                       powerup      00023A
__Hram                           ram          000000
__Hramtop                        ramtop       001000
__Hrbit                          rbit         000000
__Hrbss                          rbss         000000
__Hrdata                         rdata        000000
__Hreset_vec                     reset_vec    000004
__Hrparam                        rparam       000000
__Hsfr                           sfr          000000
__Hsmallconst                    smallconst   0010A4
__Hstruct                        struct       000000
__Htemp                          temp         000000
__Htext                          text         000000
__Htext0                         text0        000000
__Htext1                         text1        000000
__Htext10                        text10       000000
__Htext11                        text11       000000
__Htext12                        text12       000000
__Htext13                        text13       000000
__Htext14                        text14       000000
__Htext15                        text15       000000
__Htext16                        text16       000000
__Htext17                        text17       000000
__Htext18                        text18       000000
__Htext19                        text19       000000
__Htext2                         text2        000000
__Htext20                        text20       000000
__Htext21                        text21       000000
__Htext22                        text22       000000
__Htext23                        text23       000000
__Htext24                        text24       000000
__Htext25                        text25       000000
__Htext26                        text26       000000
__Htext27                        text27       000000
__Htext28                        text28       000000
__Htext29                        text29       000000
__Htext3                         text3        000000
__Htext30                        text30       000000
__Htext31                        text31       000000
__Htext32                        text32       000000
__Htext33                        text33       000000
__Htext34                        text34       000000
__Htext35                        text35       000000
__Htext36                        text36       000000
__Htext37                        text37       000000
__Htext38                        text38       000000
__Htext39                        text39       000000
__Htext4                         text4        000000
__Htext40                        text40       000000
__Htext42                        text42       000000
__Htext43                        text43       000000
__Htext44                        text44       000000
__Htext45                        text45       000000
__Htext46                        text46       000000
__Htext47                        text47       000000
__Htext48                        text48       000000
__Htext49                        text49       000000
__Htext5                         text5        000000
__Htext50                        text50       000000
__Htext51                        text51       000000
__Htext52                        text52       000000
__Htext53                        text53       000000
__Htext54                        text54       000000
__Htext55                        text55       000000
__Htext56                        text56       000000
__Htext6                         text6        000000
__Htext7                         text7        000000
__Htext8                         text8        000000
__Htext9                         text9        000000
__LRAM                           (abs)        000001
__Labs1                          abs1         000000
__Lbank0                         bank0        000000
__Lbank1                         bank1        000000
__Lbank10                        bank10       000000
__Lbank11                        bank11       000000
__Lbank12                        bank12       000000
__Lbank13                        bank13       000000
__Lbank14                        bank14       000000
__Lbank15                        bank15       000000
__Lbank2                         bank2        000000
__Lbank3                         bank3        000000
__Lbank4                         bank4        000000
__Lbank5                         bank5        000000
__Lbank6                         bank6        000000
__Lbank7                         bank7        000000
__Lbank8                         bank8        000000
__Lbank9                         bank9        000000
__Lbigbss                        bigbss       000000
__Lbigdata                       bigdata      000000
__Lbigram                        bigram       000000
__LbitbssCOMRAM                  bitbssCOMRAM 000000
__Lbss                           bss          000000
__LbssBANK0                      bssBANK0     000000
__LbssBANK1                      bssBANK1     000000
__LbssCOMRAM                     bssCOMRAM    000000
__Lcinit                         cinit        000000
__Lclrtext                       clrtext      000000
__Lcomram                        comram       000000
__Lconfig                        config       300000
__Lconst                         const        000000
__LcstackBANK0                   cstackBANK0  000000
__LcstackCOMRAM                  cstackCOMRAM 000000
__Ldata                          data         000000
__LdataBANK0                     dataBANK0    000000
__LdataBANK1                     dataBANK1    000000
__Leeprom_data                   eeprom_data  000000
__Lend_init                      end_init     00023A
__Lfarbss                        farbss       000000
__Lfardata                       fardata      000000
__Libigdata                      ibigdata     000000
__Lidata                         idata        000000
__LidataBANK0                    idataBANK0   000000
__LidataBANK1                    idataBANK1   000000
__Lidloc                         idloc        200000
__Lifardata                      ifardata     000000
__Linit                          init         00023A
__Lintcode                       intcode      000008
__Lintcode_body                  intcode_body 000000
__Lintcodelo                     intcodelo    00023A
__Lintentry                      intentry     000000
__Lintret                        intret       000000
__Lintsave_regs                  intsave_regs 000000
__Lirdata                        irdata       000000
__Lmediumconst                   mediumconst  000000
__Lnvbit                         nvbit        000000
__Lnvrram                        nvrram       000000
__Lparam                         rparam       000000
__Lpowerup                       powerup      00023A
__Lram                           ram          000000
__Lramtop                        ramtop       001000
__Lrbit                          rbit         000000
__Lrbss                          rbss         000000
__Lrdata                         rdata        000000
__Lreset_vec                     reset_vec    000000
__Lrparam                        rparam       000000
__Lsfr                           sfr          000000
__Lsmallconst                    smallconst   001000
__Lstruct                        struct       000000
__Ltemp                          temp         000000
__Ltext                          text         000000
__Ltext0                         text0        000000
__Ltext1                         text1        000000
__Ltext10                        text10       000000
__Ltext11                        text11       000000
__Ltext12                        text12       000000
__Ltext13                        text13       000000
__Ltext14                        text14       000000
__Ltext15                        text15       000000
__Ltext16                        text16       000000
__Ltext17                        text17       000000
__Ltext18                        text18       000000
__Ltext19                        text19       000000
__Ltext2                         text2        000000
__Ltext20                        text20       000000
__Ltext21                        text21       000000
__Ltext22                        text22       000000
__Ltext23                        text23       000000
__Ltext24                        text24       000000
__Ltext25                        text25       000000
__Ltext26                        text26       000000
__Ltext27                        text27       000000
__Ltext28                        text28       000000
__Ltext29                        text29       000000
__Ltext3                         text3        000000
__Ltext30                        text30       000000
__Ltext31                        text31       000000
__Ltext32                        text32       000000
__Ltext33                        text33       000000
__Ltext34                        text34       000000
__Ltext35                        text35       000000
__Ltext36                        text36       000000
__Ltext37                        text37       000000
__Ltext38                        text38       000000
__Ltext39                        text39       000000
__Ltext4                         text4        000000
__Ltext40                        text40       000000
__Ltext42                        text42       000000
__Ltext43                        text43       000000
__Ltext44                        text44       000000
__Ltext45                        text45       000000
__Ltext46                        text46       000000
__Ltext47                        text47       000000
__Ltext48                        text48       000000
__Ltext49                        text49       000000
__Ltext5                         text5        000000
__Ltext50                        text50       000000
__Ltext51                        text51       000000
__Ltext52                        text52       000000
__Ltext53                        text53       000000
__Ltext54                        text54       000000
__Ltext55                        text55       000000
__Ltext56                        text56       000000
__Ltext6                         text6        000000
__Ltext7                         text7        000000
__Ltext8                         text8        000000
__Ltext9                         text9        000000
__S0                             (abs)        30000E
__S1                             (abs)        0001D4
___aldiv                         text23       0026E0
___aldiv@counter                 cstackBANK0  000069
___aldiv@dividend                cstackBANK0  000060
___aldiv@divisor                 cstackBANK0  000064
___aldiv@quotient                cstackBANK0  00006B
___aldiv@sign                    cstackBANK0  00006A
___altoft                        text39       003890
___altoft@c                      cstackBANK0  00006F
___altoft@exp                    cstackBANK0  000077
___altoft@sign                   cstackBANK0  000078
___asftadd                       text25       0045F6
___asftadd@f1p                   cstackBANK0  0000B7
___asftadd@f2                    cstackBANK0  0000B9
___awtoft                        text21       0041B4
___awtoft@c                      cstackBANK0  000068
___awtoft@sign                   cstackBANK0  00006C
___ftadd                         text26       001B1E
___ftadd@exp1                    cstackBANK0  0000B6
___ftadd@exp2                    cstackBANK0  0000B5
___ftadd@f1                      cstackBANK0  0000A9
___ftadd@f2                      cstackBANK0  0000AC
___ftadd@sign                    cstackBANK0  0000B4
___ftdiv                         text27       002306
___ftdiv@cntr                    cstackBANK0  000078
___ftdiv@exp                     cstackBANK0  00007C
___ftdiv@f1                      cstackBANK0  00006D
___ftdiv@f2                      cstackBANK0  000070
___ftdiv@f3                      cstackBANK0  000079
___ftdiv@sign                    cstackBANK0  00007D
___ftmul                         text28       001ED6
___ftmul@cntr                    cstackBANK0  00008D
___ftmul@exp                     cstackBANK0  000089
___ftmul@f1                      cstackBANK0  00007E
___ftmul@f2                      cstackBANK0  000081
___ftmul@f3_as_product           cstackBANK0  00008A
___ftmul@sign                    cstackBANK0  00008E
___ftneg                         text29       00463C
___ftneg@f1                      cstackBANK0  0000A6
___ftpack                        text40       002A72
___ftpack@arg                    cstackBANK0  000060
___ftpack@exp                    cstackBANK0  000063
___ftpack@sign                   cstackBANK0  000064
___fttol                         text35       0024FC
___fttol@exp1                    cstackBANK0  00009D
___fttol@f1                      cstackBANK0  00008F
___fttol@lval                    cstackBANK0  000099
___fttol@sign1                   cstackBANK0  000098
___lldiv                         text32       00327E
___lldiv@counter                 cstackBANK0  000079
___lldiv@dividend                cstackBANK0  00006C
___lldiv@divisor                 cstackBANK0  000070
___lldiv@quotient                cstackBANK0  000075
___lmul                          text31       003D16
___lmul@multiplicand             cstackBANK0  000064
___lmul@multiplier               cstackBANK0  000060
___lmul@product                  cstackBANK0  000068
___lwdiv                         text38       003A44
___lwdiv@counter                 cstackBANK0  000067
___lwdiv@dividend                cstackBANK0  000060
___lwdiv@divisor                 cstackBANK0  000062
___lwdiv@quotient                cstackBANK0  000065
___lwmod                         text36       003DBE
___lwmod@counter                 cstackBANK0  00006D
___lwmod@dividend                cstackBANK0  000068
___lwmod@divisor                 cstackBANK0  00006A
___lwtoft                        text37       004560
___lwtoft@c                      cstackBANK0  000068
___wmul                          text24       004314
___wmul@multiplicand             cstackBANK0  000062
___wmul@multiplier               cstackBANK0  000060
___wmul@product                  cstackBANK0  000064
__accesstop                      (abs)        000060
__activetblptr                   (abs)        000003
__end_of_ADC_Read                text10       002A72
__end_of_CLAVIER_GetPressedKey   text42       0044A8
__end_of_ConvertBCDToHex         text15       00470A
__end_of_DelayLCDShort           text19       004760
__end_of_DisplayOnLcdPosition    text16       0042A6
__end_of_Interrupt_Init          text6        004732
__end_of_LCD_Init                text8        002EDE
__end_of_LCD_Puts                text17       003A44
__end_of_PWM_Duty                text12       00314E
__end_of_PWM_Init                text5        004134
__end_of_Ports_Init              text7        004314
__end_of_RTCCTimeInitialized     text4        00476E
__end_of_RTCC_Initialize         text3        003D16
__end_of_RTCC_TimeGet            text14       002D76
__end_of_Timer_Init              text9        004758
__end_of_UART_Putc               text45       004742
__end_of_UART_Puts               text44       0041B4
__end_of___aldiv                 text23       0028B8
__end_of___altoft                text39       00397A
__end_of___asftadd               text25       00463C
__end_of___awtoft                text21       004230
__end_of___ftadd                 text26       001ED6
__end_of___ftdiv                 text27       0024FC
__end_of___ftmul                 text28       002100
__end_of___ftneg                 text29       00467A
__end_of___ftpack                text40       002BFE
__end_of___fttol                 text35       0026E0
__end_of___lldiv                 text32       00339E
__end_of___lmul                  text31       003DBE
__end_of___lwdiv                 text38       003B04
__end_of___lwmod                 text36       003E5E
__end_of___lwtoft                text37       0045AC
__end_of___wmul                  text24       00437C
__end_of__initialization         cinit        0043DC
__end_of__stringdata             smallconst   0010A3
__end_of_clavier_read            text43       004506
__end_of_dpowers                 smallconst   001016
__end_of_frexp                   text34       003C68
__end_of_interruption            intcode      00023A
__end_of_isdigit                 text22       0045F6
__end_of_itoa                    text20       004560
__end_of_loop                    text1        00170A
__end_of_main                    text0        0046B0
__end_of_moninit                 smallconst   00100C
__end_of_round                   text18       003F8E
__end_of_setup                   text2        0040B2
__end_of_sprintf                 text11       001B1E
__end_of_time_display            text13       002306
__end_of_trunc                   text33       003BB8
__end_of_utoa                    text30       003890
__end_ofi2_DelayLCDShort         text52       004768
__end_ofi2_DisplayOnLcdPosition  text50       004446
__end_ofi2_LCD_Puts              text51       003EFA
__end_ofi2_PWM_Duty              text46       0036B6
__end_ofi2___aldiv               text49       0035C0
__end_ofi2___altoft              text47       004022
__end_ofi2___ftdiv               text48       0034BC
__end_ofi2___ftmul               text53       00301C
__end_ofi2___ftpack              text56       0037A4
__end_ofi2___fttol               text54       00327E
__end_ofi2___lwtoft              text55       0046DE
__initialization                 cinit        00437C
__mediumconst                    mediumconst  000000
__pbitbssCOMRAM                  bitbssCOMRAM 0002F8
__pbssBANK0                      bssBANK0     0000CB
__pbssBANK1                      bssBANK1     000101
__pbssCOMRAM                     bssCOMRAM    00005C
__pcinit                         cinit        00437C
__pcstackBANK0                   cstackBANK0  000060
__pcstackCOMRAM                  cstackCOMRAM 000001
__pdataBANK0                     dataBANK0    0000E8
__pdataBANK1                     dataBANK1    0001C8
__pidataBANK0                    idataBANK0   00470A
__pidataBANK1                    idataBANK1   004742
__pintcode                       intcode      000008
__psmallconst                    smallconst   001000
__ptext0                         text0        00467A
__ptext1                         text1        0010A4
__ptext10                        text10       0028B8
__ptext11                        text11       00170A
__ptext12                        text12       00301C
__ptext13                        text13       002100
__ptext14                        text14       002BFE
__ptext15                        text15       0046DE
__ptext16                        text16       004230
__ptext17                        text17       00397A
__ptext18                        text18       003EFA
__ptext19                        text19       004758
__ptext2                         text2        004022
__ptext20                        text20       004506
__ptext21                        text21       0041B4
__ptext22                        text22       0045AC
__ptext23                        text23       0026E0
__ptext24                        text24       004314
__ptext25                        text25       0045F6
__ptext26                        text26       001B1E
__ptext27                        text27       002306
__ptext28                        text28       001ED6
__ptext29                        text29       00463C
__ptext3                         text3        003C68
__ptext30                        text30       0037A4
__ptext31                        text31       003D16
__ptext32                        text32       00327E
__ptext33                        text33       003B04
__ptext34                        text34       003BB8
__ptext35                        text35       0024FC
__ptext36                        text36       003DBE
__ptext37                        text37       004560
__ptext38                        text38       003A44
__ptext39                        text39       003890
__ptext4                         text4        004768
__ptext40                        text40       002A72
__ptext42                        text42       004446
__ptext43                        text43       0044A8
__ptext44                        text44       004134
__ptext45                        text45       004732
__ptext46                        text46       0035C0
__ptext47                        text47       003F8E
__ptext48                        text48       00339E
__ptext49                        text49       0034BC
__ptext5                         text5        0040B2
__ptext50                        text50       0043E2
__ptext51                        text51       003E5E
__ptext52                        text52       004760
__ptext53                        text53       002EDE
__ptext54                        text54       00314E
__ptext55                        text55       0046B0
__ptext56                        text56       0036B6
__ptext6                         text6        004722
__ptext7                         text7        0042A6
__ptext8                         text8        002D76
__ptext9                         text9        00474E
__ramtop                         ramtop       001000
__size_of_ADC_Read               (abs)        000000
__size_of_CLAVIER_GetPressedKey  (abs)        000000
__size_of_ConvertBCDToHex        (abs)        000000
__size_of_DelayLCDShort          (abs)        000000
__size_of_DisplayOnLcdPosition   (abs)        000000
__size_of_Interrupt_Init         (abs)        000000
__size_of_LCD_Init               (abs)        000000
__size_of_LCD_Puts               (abs)        000000
__size_of_PWM_Duty               (abs)        000000
__size_of_PWM_Init               (abs)        000000
__size_of_Ports_Init             (abs)        000000
__size_of_RTCCTimeInitialized    (abs)        000000
__size_of_RTCC_Initialize        (abs)        000000
__size_of_RTCC_TimeGet           (abs)        000000
__size_of_Timer_Init             (abs)        000000
__size_of_UART_Putc              (abs)        000000
__size_of_UART_Puts              (abs)        000000
__size_of___aldiv                (abs)        000000
__size_of___altoft               (abs)        000000
__size_of___asftadd              (abs)        000000
__size_of___awtoft               (abs)        000000
__size_of___ftadd                (abs)        000000
__size_of___ftdiv                (abs)        000000
__size_of___ftmul                (abs)        000000
__size_of___ftneg                (abs)        000000
__size_of___ftpack               (abs)        000000
__size_of___fttol                (abs)        000000
__size_of___lldiv                (abs)        000000
__size_of___lmul                 (abs)        000000
__size_of___lwdiv                (abs)        000000
__size_of___lwmod                (abs)        000000
__size_of___lwtoft               (abs)        000000
__size_of___wmul                 (abs)        000000
__size_of_clavier_read           (abs)        000000
__size_of_frexp                  (abs)        000000
__size_of_interruption           (abs)        000000
__size_of_isdigit                (abs)        000000
__size_of_itoa                   (abs)        000000
__size_of_loop                   (abs)        000000
__size_of_main                   (abs)        000000
__size_of_round                  (abs)        000000
__size_of_setup                  (abs)        000000
__size_of_sprintf                (abs)        000000
__size_of_time_display           (abs)        000000
__size_of_trunc                  (abs)        000000
__size_of_utoa                   (abs)        000000
__size_ofi2_DelayLCDShort        (abs)        000000
__size_ofi2_DisplayOnLcdPosition (abs)        000000
__size_ofi2_LCD_Puts             (abs)        000000
__size_ofi2_PWM_Duty             (abs)        000000
__size_ofi2___aldiv              (abs)        000000
__size_ofi2___altoft             (abs)        000000
__size_ofi2___ftdiv              (abs)        000000
__size_ofi2___ftmul              (abs)        000000
__size_ofi2___ftpack             (abs)        000000
__size_ofi2___fttol              (abs)        000000
__size_ofi2___lwtoft             (abs)        000000
__smallconst                     smallconst   001000
__stringdata                     smallconst   001016
__val                            bssBANK0     0000E6
_a                               bssBANK0     0000D3
_adc_value                       bssBANK0     0000D5
_chaine_adc                      bssBANK1     00011B
_chaine_asser                    bssBANK1     000101
_chaine_clav                     dataBANK0    0000F4
_clav_pwm                        dataBANK0    0000FD
_clavier_read                    text43       0044A8
_code_OK                         bssBANK0     0000D7
_code_U1                         dataBANK1    0001C8
_code_U2                         dataBANK1    0001CC
_code_U3                         dataBANK1    0001D0
_code_clav                       dataBANK0    0000E8
_code_malette                    dataBANK0    0000EC
_count                           bssBANK0     0000D9
_cpt1TCY                         bssBANK0     0000E7
_currentTime                     bssBANK1     00019A
_dpowers                         smallconst   00100C
_errno                           bssBANK0     0000DB
_flag_change                     bitbssCOMRAM 0002F8
_frexp                           text34       003BB8
_iREAD                           bssBANK0     0000DD
_iREAD1                          bssBANK0     0000DF
_interruption                    intcode      000008
_isdigit                         text22       0045AC
_isdigit$1943                    cstackBANK0  000062
_itoa                            text20       004506
_loop                            text1        0010A4
_loop$2479                       cstackBANK0  0000C7
_main                            text0        00467A
_menu                            bssBANK0     0000E1
_mot_de_passe                    dataBANK0    0000F0
_round                           text18       003EFA
_rtccTimeInitialized             bssCOMRAM    00005E
_setup                           text2        004022
_sprintf                         text11       00170A
_time_display                    text13       002100
_time_zone                       bssBANK0     0000E3
_timezone                        bssBANK1     000117
_trunc                           text33       003B04
_usrTab                          bssBANK1     000111
_utoa                            text30       0037A4
end_of_initialization            cinit        0043DC
frexp@eptr                       cstackBANK0  000063
frexp@value                      cstackBANK0  000060
i2DisplayOnLcdPosition@data      cstackCOMRAM 000009
i2DisplayOnLcdPosition@line      cstackCOMRAM 000007
i2DisplayOnLcdPosition@row       cstackCOMRAM 000008
i2LCD_Puts@chaine                cstackCOMRAM 000001
i2LCD_Puts@i                     cstackCOMRAM 000006
i2PWM_Duty@duty                  cstackCOMRAM 000046
i2_DelayLCDShort                 text52       004760
i2_DisplayOnLcdPosition          text50       0043E2
i2_LCD_Puts                      text51       003E5E
i2_PWM_Duty                      text46       0035C0
i2___aldiv                       text49       0034BC
i2___aldiv@counter               cstackCOMRAM 00000A
i2___aldiv@dividend              cstackCOMRAM 000001
i2___aldiv@divisor               cstackCOMRAM 000005
i2___aldiv@quotient              cstackCOMRAM 00000C
i2___aldiv@sign                  cstackCOMRAM 00000B
i2___altoft                      text47       003F8E
i2___altoft@c                    cstackCOMRAM 00001F
i2___altoft@exp                  cstackCOMRAM 000027
i2___altoft@sign                 cstackCOMRAM 000028
i2___ftdiv                       text48       00339E
i2___ftdiv@cntr                  cstackCOMRAM 00002F
i2___ftdiv@exp                   cstackCOMRAM 000033
i2___ftdiv@f1                    cstackCOMRAM 000024
i2___ftdiv@f2                    cstackCOMRAM 000027
i2___ftdiv@f3                    cstackCOMRAM 000030
i2___ftdiv@sign                  cstackCOMRAM 000034
i2___ftmul                       text53       002EDE
i2___ftmul@cntr                  cstackCOMRAM 000044
i2___ftmul@exp                   cstackCOMRAM 000040
i2___ftmul@f1                    cstackCOMRAM 000035
i2___ftmul@f2                    cstackCOMRAM 000038
i2___ftmul@f3_as_product         cstackCOMRAM 000041
i2___ftmul@sign                  cstackCOMRAM 000045
i2___ftpack                      text56       0036B6
i2___ftpack@arg                  cstackCOMRAM 000001
i2___ftpack@exp                  cstackCOMRAM 000004
i2___ftpack@sign                 cstackCOMRAM 000005
i2___fttol                       text54       00314E
i2___fttol@exp1                  cstackCOMRAM 00001E
i2___fttol@f1                    cstackCOMRAM 000010
i2___fttol@lval                  cstackCOMRAM 00001A
i2___fttol@sign1                 cstackCOMRAM 000019
i2___lwtoft                      text55       0046B0
i2___lwtoft@c                    cstackCOMRAM 00001F
intlevel0                        text         000000
intlevel1                        text         000000
intlevel2                        text         000000
intlevel3                        text         000000
isdigit@c                        cstackBANK0  000060
itoa@base                        cstackBANK0  00007B
itoa@buf                         cstackBANK0  000077
itoa@cp                          cstackBANK0  00007D
itoa@val                         cstackBANK0  000079
loop@i                           cstackBANK0  0000CA
loop@temp                        cstackBANK0  0000C4
round@f                          cstackBANK0  0000BF
round@x                          cstackBANK0  0000BC
setup@i                          cstackBANK0  000074
sprintf@_val                     cstackBANK0  000089
sprintf@ap                       cstackBANK0  000085
sprintf@c                        cstackBANK0  000090
sprintf@f                        cstackBANK0  00007C
sprintf@flag                     cstackBANK0  000088
sprintf@prec                     cstackBANK0  000087
sprintf@sp                       cstackBANK0  00007A
sprintf@width                    cstackBANK0  00008E
start                            init         00023A
start_initialization             cinit        00437C
time_display@buff                cstackBANK0  000082
time_display@line                cstackBANK0  00007F
trunc@expon                      cstackBANK0  0000A4
trunc@i                          cstackBANK0  0000A1
trunc@x                          cstackBANK0  00009E
utoa@base                        cstackBANK0  000072
utoa@buf                         cstackBANK0  00006E
utoa@c                           cstackBANK0  000076
utoa@v                           cstackBANK0  000074
utoa@val                         cstackBANK0  000070


FUNCTION INFORMATION:

 *************** function _main *****************
 Defined at:
		line 19 in file "main.c"
 Parameters:    Size  Location     Type
		None
 Auto vars:     Size  Location     Type
		None
 Return value:  Size  Location     Type
		None               void
 Registers used:
		wreg, fsr0l, fsr0h, fsr1l, fsr1h, fsr2l, fsr2h, status,2, status,0, pclat, tosl, structret, tblptrl, tblptrh, tblptru, prodl, prodh, bsr, cstack
 Tracked objects:
		On entry : 
		On exit  : 
		Unchanged: 
 Data sizes:     COMRAM   BANK0   BANK1   BANK2   BANK3   BANK4   BANK5   BANK6   BANK7   BANK8   BANK9  BANK10  BANK11  BANK12  BANK13  BANK14  BANK15
      Params:         0       0       0       0       0       0       0       0       0       0       0       0       0       0       0       0       0
      Locals:         0       0       0       0       0       0       0       0       0       0       0       0       0       0       0       0       0
      Temps:          0       0       0       0       0       0       0       0       0       0       0       0       0       0       0       0       0
      Totals:         0       0       0       0       0       0       0       0       0       0       0       0       0       0       0       0       0
Total ram usage:        0 bytes
 Hardware stack levels required when called:    9
 This function calls:
		_setup
		_LCD_Puts
		_loop
 This function is called by:
		Startup code after reset
 This function uses a non-reentrant model


 *************** function _loop *****************
 Defined at:
		line 49 in file "main.c"
 Parameters:    Size  Location     Type
		None
 Auto vars:     Size  Location     Type
  i               1  106[BANK0 ] unsigned char 
  temp            3  100[BANK0 ] float 
 Return value:  Size  Location     Type
		None               void
 Registers used:
		wreg, fsr0l, fsr0h, fsr1l, fsr1h, fsr2l, fsr2h, status,2, status,0, pclat, tosl, structret, tblptrl, tblptrh, tblptru, prodl, prodh, bsr, cstack
 Tracked objects:
		On entry : 
		On exit  : 
		Unchanged: 
 Data sizes:     COMRAM   BANK0   BANK1   BANK2   BANK3   BANK4   BANK5   BANK6   BANK7   BANK8   BANK9  BANK10  BANK11  BANK12  BANK13  BANK14  BANK15
      Params:         0       0       0       0       0       0       0       0       0       0       0       0       0       0       0       0       0
      Locals:         0       7       0       0       0       0       0       0       0       0       0       0       0       0       0       0       0
      Temps:          0       2       0       0       0       0       0       0       0       0       0       0       0       0       0       0       0
      Totals:         0       9       0       0       0       0       0       0       0       0       0       0       0       0       0       0       0
Total ram usage:        9 bytes
 Hardware stack levels used:    1
 Hardware stack levels required when called:    8
 This function calls:
		_sprintf
		_DisplayOnLcdPosition
		_time_display
		_PWM_Duty
		_ADC_Read
		___wmul
		___awtoft
		___ftmul
		_round
		___fttol
 This function is called by:
		_main
 This function uses a non-reentrant model


 *************** function _setup *****************
 Defined at:
		line 30 in file "main.c"
 Parameters:    Size  Location     Type
		None
 Auto vars:     Size  Location     Type
  i               1   20[BANK0 ] unsigned char 
 Return value:  Size  Location     Type
		None               void
 Registers used:
		wreg, fsr0l, fsr0h, fsr1l, fsr1h, fsr2l, fsr2h, status,2, status,0, pclat, tosl, structret, tblptrl, tblptrh, tblptru, prodl, prodh, bsr, cstack
 Tracked objects:
		On entry : 
		On exit  : 
		Unchanged: 
 Data sizes:     COMRAM   BANK0   BANK1   BANK2   BANK3   BANK4   BANK5   BANK6   BANK7   BANK8   BANK9  BANK10  BANK11  BANK12  BANK13  BANK14  BANK15
      Params:         0       0       0       0       0       0       0       0       0       0       0       0       0       0       0       0       0
      Locals:         0       1       0       0       0       0       0       0       0       0       0       0       0       0       0       0       0
      Temps:          0       1       0       0       0       0       0       0       0       0       0       0       0       0       0       0       0
      Totals:         0       2       0       0       0       0       0       0       0       0       0       0       0       0       0       0       0
Total ram usage:        2 bytes
 Hardware stack levels used:    1
 Hardware stack levels required when called:    6
 This function calls:
		_Ports_Init
		_PWM_Init
		_Timer_Init
		_Interrupt_Init
		_RTCC_Initialize
		_LCD_Init
		_LCD_Puts
 This function is called by:
		_main
 This function uses a non-reentrant model


 *************** function _RTCC_Initialize *****************
 Defined at:
		line 65 in file "mcc_generated_files/rtcc.c"
 Parameters:    Size  Location     Type
		None
 Auto vars:     Size  Location     Type
		None
 Return value:  Size  Location     Type
		None               void
 Registers used:
		wreg, status,2, status,0, cstack
 Tracked objects:
		On entry : 
		On exit  : 
		Unchanged: 
 Data sizes:     COMRAM   BANK0   BANK1   BANK2   BANK3   BANK4   BANK5   BANK6   BANK7   BANK8   BANK9  BANK10  BANK11  BANK12  BANK13  BANK14  BANK15
      Params:         0       0       0       0       0       0       0       0       0       0       0       0       0       0       0       0       0
      Locals:         0       0       0       0       0       0       0       0       0       0       0       0       0       0       0       0       0
      Temps:          0       1       0       0       0       0       0       0       0       0       0       0       0       0       0       0       0
      Totals:         0       1       0       0       0       0       0       0       0       0       0       0       0       0       0       0       0
Total ram usage:        1 bytes
 Hardware stack levels used:    1
 Hardware stack levels required when called:    5
 This function calls:
		_RTCCTimeInitialized
 This function is called by:
		_setup
		_SYSTEM_Initialize
 This function uses a non-reentrant model


 *************** function _RTCCTimeInitialized *****************
 Defined at:
		line 120 in file "mcc_generated_files/rtcc.c"
 Parameters:    Size  Location     Type
		None
 Auto vars:     Size  Location     Type
		None
 Return value:  Size  Location     Type
                  1    wreg      unsigned char 
 Registers used:
		wreg, status,2
 Tracked objects:
		On entry : 
		On exit  : 
		Unchanged: 
 Data sizes:     COMRAM   BANK0   BANK1   BANK2   BANK3   BANK4   BANK5   BANK6   BANK7   BANK8   BANK9  BANK10  BANK11  BANK12  BANK13  BANK14  BANK15
      Params:         0       0       0       0       0       0       0       0       0       0       0       0       0       0       0       0       0
      Locals:         0       0       0       0       0       0       0       0       0       0       0       0       0       0       0       0       0
      Temps:          0       0       0       0       0       0       0       0       0       0       0       0       0       0       0       0       0
      Totals:         0       0       0       0       0       0       0       0       0       0       0       0       0       0       0       0       0
Total ram usage:        0 bytes
 Hardware stack levels used:    1
 Hardware stack levels required when called:    4
 This function calls:
		Nothing
 This function is called by:
		_RTCC_Initialize
 This function uses a non-reentrant model


 *************** function _PWM_Init *****************
 Defined at:
		line 69 in file "utils.c"
 Parameters:    Size  Location     Type
		None
 Auto vars:     Size  Location     Type
		None
 Return value:  Size  Location     Type
		None               void
 Registers used:
		wreg, status,2, status,0, cstack
 Tracked objects:
		On entry : 
		On exit  : 
		Unchanged: 
 Data sizes:     COMRAM   BANK0   BANK1   BANK2   BANK3   BANK4   BANK5   BANK6   BANK7   BANK8   BANK9  BANK10  BANK11  BANK12  BANK13  BANK14  BANK15
      Params:         0       0       0       0       0       0       0       0       0       0       0       0       0       0       0       0       0
      Locals:         0       0       0       0       0       0       0       0       0       0       0       0       0       0       0       0       0
      Temps:          0       4       0       0       0       0       0       0       0       0       0       0       0       0       0       0       0
      Totals:         0       4       0       0       0       0       0       0       0       0       0       0       0       0       0       0       0
Total ram usage:        4 bytes
 Hardware stack levels used:    1
 Hardware stack levels required when called:    5
 This function calls:
		___aldiv
 This function is called by:
		_setup
 This function uses a non-reentrant model


 *************** function _Interrupt_Init *****************
 Defined at:
		line 235 in file "utils.c"
 Parameters:    Size  Location     Type
		None
 Auto vars:     Size  Location     Type
		None
 Return value:  Size  Location     Type
		None               void
 Registers used:
		wreg, status,2
 Tracked objects:
		On entry : 
		On exit  : 
		Unchanged: 
 Data sizes:     COMRAM   BANK0   BANK1   BANK2   BANK3   BANK4   BANK5   BANK6   BANK7   BANK8   BANK9  BANK10  BANK11  BANK12  BANK13  BANK14  BANK15
      Params:         0       0       0       0       0       0       0       0       0       0       0       0       0       0       0       0       0
      Locals:         0       0       0       0       0       0       0       0       0       0       0       0       0       0       0       0       0
      Temps:          0       0       0       0       0       0       0       0       0       0       0       0       0       0       0       0       0
      Totals:         0       0       0       0       0       0       0       0       0       0       0       0       0       0       0       0       0
Total ram usage:        0 bytes
 Hardware stack levels used:    1
 Hardware stack levels required when called:    4
 This function calls:
		Nothing
 This function is called by:
		_setup
 This function uses a non-reentrant model


 *************** function _Ports_Init *****************
 Defined at:
		line 21 in file "utils.c"
 Parameters:    Size  Location     Type
		None
 Auto vars:     Size  Location     Type
		None
 Return value:  Size  Location     Type
		None               void
 Registers used:
		wreg, status,2
 Tracked objects:
		On entry : 
		On exit  : 
		Unchanged: 
 Data sizes:     COMRAM   BANK0   BANK1   BANK2   BANK3   BANK4   BANK5   BANK6   BANK7   BANK8   BANK9  BANK10  BANK11  BANK12  BANK13  BANK14  BANK15
      Params:         0       0       0       0       0       0       0       0       0       0       0       0       0       0       0       0       0
      Locals:         0       0       0       0       0       0       0       0       0       0       0       0       0       0       0       0       0
      Temps:          0       1       0       0       0       0       0       0       0       0       0       0       0       0       0       0       0
      Totals:         0       1       0       0       0       0       0       0       0       0       0       0       0       0       0       0       0
Total ram usage:        1 bytes
 Hardware stack levels used:    1
 Hardware stack levels required when called:    4
 This function calls:
		Nothing
 This function is called by:
		_setup
 This function uses a non-reentrant model


 *************** function _LCD_Init *****************
 Defined at:
		line 133 in file "utils.c"
 Parameters:    Size  Location     Type
		None
 Auto vars:     Size  Location     Type
		None
 Return value:  Size  Location     Type
		None               void
 Registers used:
		wreg, status,2, tblptrl, tblptrh, tblptru
 Tracked objects:
		On entry : 
		On exit  : 
		Unchanged: 
 Data sizes:     COMRAM   BANK0   BANK1   BANK2   BANK3   BANK4   BANK5   BANK6   BANK7   BANK8   BANK9  BANK10  BANK11  BANK12  BANK13  BANK14  BANK15
      Params:         0       0       0       0       0       0       0       0       0       0       0       0       0       0       0       0       0
      Locals:         0       0       0       0       0       0       0       0       0       0       0       0       0       0       0       0       0
      Temps:          0       1       0       0       0       0       0       0       0       0       0       0       0       0       0       0       0
      Totals:         0       1       0       0       0       0       0       0       0       0       0       0       0       0       0       0       0
Total ram usage:        1 bytes
 Hardware stack levels used:    1
 Hardware stack levels required when called:    4
 This function calls:
		Nothing
 This function is called by:
		_setup
 This function uses a non-reentrant model


 *************** function _Timer_Init *****************
 Defined at:
		line 90 in file "utils.c"
 Parameters:    Size  Location     Type
		None
 Auto vars:     Size  Location     Type
		None
 Return value:  Size  Location     Type
		None               void
 Registers used:
		wreg, status,2
 Tracked objects:
		On entry : 
		On exit  : 
		Unchanged: 
 Data sizes:     COMRAM   BANK0   BANK1   BANK2   BANK3   BANK4   BANK5   BANK6   BANK7   BANK8   BANK9  BANK10  BANK11  BANK12  BANK13  BANK14  BANK15
      Params:         0       0       0       0       0       0       0       0       0       0       0       0       0       0       0       0       0
[...]
      Temps:          5       0       0       0       0       0       0       0       0       0       0       0       0       0       0       0       0
      Totals:        17       0       0       0       0       0       0       0       0       0       0       0       0       0       0       0       0
Total ram usage:       17 bytes
 Hardware stack levels used:    1
 Hardware stack levels required when called:    1
 This function calls:
		i2___ftpack
 This function is called by:
		i2_PWM_Duty
 This function uses a non-reentrant model


 *************** function i2___aldiv *****************
 Defined at:
		line 10 in file "C:\Program Files (x86)\Microchip\xc8\v1.12\sources\aldiv.c"
 Parameters:    Size  Location     Type
  __aldiv         4    0[COMRAM] long 
  __aldiv         4    4[COMRAM] long 
 Auto vars:     Size  Location     Type
  __aldiv         4   11[COMRAM] long 
  __aldiv         1   10[COMRAM] unsigned char 
  __aldiv         1    9[COMRAM] unsigned char 
 Return value:  Size  Location     Type
                  4    0[COMRAM] long 
 Registers used:
		wreg, status,2, status,0
 Tracked objects:
		On entry : 
		On exit  : 
		Unchanged: 
 Data sizes:     COMRAM   BANK0   BANK1   BANK2   BANK3   BANK4   BANK5   BANK6   BANK7   BANK8   BANK9  BANK10  BANK11  BANK12  BANK13  BANK14  BANK15
      Params:         8       0       0       0       0       0       0       0       0       0       0       0       0       0       0       0       0
      Locals:         6       0       0       0       0       0       0       0       0       0       0       0       0       0       0       0       0
      Temps:          1       0       0       0       0       0       0       0       0       0       0       0       0       0       0       0       0
      Totals:        15       0       0       0       0       0       0       0       0       0       0       0       0       0       0       0       0
Total ram usage:       15 bytes
 Hardware stack levels used:    1
 This function calls:
		Nothing
 This function is called by:
		i2_PWM_Duty
 This function uses a non-reentrant model


 *************** function i2_DisplayOnLcdPosition *****************
 Defined at:
		line 224 in file "utils.c"
 Parameters:    Size  Location     Type
  DisplayOnLcd    1    6[COMRAM] unsigned char 
  DisplayOnLcd    1    7[COMRAM] unsigned char 
  DisplayOnLcd    2    8[COMRAM] PTR unsigned char 
		 -> STR_16(2), STR_15(2), STR_14(2), time_display@buff(8), 
		 -> STR_10(4), STR_9(6), STR_8(6), clav_pwm(2), 
		 -> STR_7(2), chaine_adc(100), STR_6(7), STR_5(8), 
		 -> STR_4(16), chaine_clav(5), S_vent_string(10), 
 Auto vars:     Size  Location     Type
		None
 Return value:  Size  Location     Type
		None               void
 Registers used:
		wreg, fsr0l, fsr0h, status,2, status,0, tblptrl, tblptrh, tblptru, prodl, prodh, cstack
 Tracked objects:
		On entry : 
		On exit  : 
		Unchanged: 
 Data sizes:     COMRAM   BANK0   BANK1   BANK2   BANK3   BANK4   BANK5   BANK6   BANK7   BANK8   BANK9  BANK10  BANK11  BANK12  BANK13  BANK14  BANK15
      Params:         4       0       0       0       0       0       0       0       0       0       0       0       0       0       0       0       0
      Locals:         0       0       0       0       0       0       0       0       0       0       0       0       0       0       0       0       0
      Temps:          1       0       0       0       0       0       0       0       0       0       0       0       0       0       0       0       0
      Totals:         5       0       0       0       0       0       0       0       0       0       0       0       0       0       0       0       0
Total ram usage:        5 bytes
 Hardware stack levels used:    1
 Hardware stack levels required when called:    2
 This function calls:
		i2_LCD_Puts
 This function is called by:
		_interruption
 This function uses a non-reentrant model


 *************** function i2_LCD_Puts *****************
 Defined at:
		line 180 in file "utils.c"
 Parameters:    Size  Location     Type
  LCD_Puts        2    0[COMRAM] PTR unsigned char 
		 -> STR_16(2), STR_15(2), STR_14(2), time_display@buff(8), 
		 -> STR_10(4), STR_9(6), STR_8(6), clav_pwm(2), 
		 -> STR_7(2), chaine_adc(100), STR_6(7), STR_5(8), 
		 -> STR_4(16), chaine_clav(5), S_vent_string(10), STR_2(8), 
		 -> STR_1(8), 
 Auto vars:     Size  Location     Type
  LCD_Puts        1    5[COMRAM] unsigned char 
 Return value:  Size  Location     Type
		None               void
 Registers used:
		wreg, fsr0l, fsr0h, status,2, status,0, tblptrl, tblptrh, tblptru, prodl, prodh, cstack
 Tracked objects:
		On entry : 
		On exit  : 
		Unchanged: 
 Data sizes:     COMRAM   BANK0   BANK1   BANK2   BANK3   BANK4   BANK5   BANK6   BANK7   BANK8   BANK9  BANK10  BANK11  BANK12  BANK13  BANK14  BANK15
      Params:         2       0       0       0       0       0       0       0       0       0       0       0       0       0       0       0       0
      Locals:         1       0       0       0       0       0       0       0       0       0       0       0       0       0       0       0       0
      Temps:          3       0       0       0       0       0       0       0       0       0       0       0       0       0       0       0       0
      Totals:         6       0       0       0       0       0       0       0       0       0       0       0       0       0       0       0       0
Total ram usage:        6 bytes
 Hardware stack levels used:    1
 Hardware stack levels required when called:    1
 This function calls:
		i2_DelayLCDShort
 This function is called by:
		i2_DisplayOnLcdPosition
 This function uses a non-reentrant model


 *************** function i2_DelayLCDShort *****************
 Defined at:
		line 17 in file "utils.c"
 Parameters:    Size  Location     Type
		None
 Auto vars:     Size  Location     Type
		None
 Return value:  Size  Location     Type
		None               void
 Registers used:
		wreg
 Tracked objects:
		On entry : 
		On exit  : 
		Unchanged: 
 Data sizes:     COMRAM   BANK0   BANK1   BANK2   BANK3   BANK4   BANK5   BANK6   BANK7   BANK8   BANK9  BANK10  BANK11  BANK12  BANK13  BANK14  BANK15
      Params:         0       0       0       0       0       0       0       0       0       0       0       0       0       0       0       0       0
      Locals:         0       0       0       0       0       0       0       0       0       0       0       0       0       0       0       0       0
      Temps:          0       0       0       0       0       0       0       0       0       0       0       0       0       0       0       0       0
      Totals:         0       0       0       0       0       0       0       0       0       0       0       0       0       0       0       0       0
Total ram usage:        0 bytes
 Hardware stack levels used:    1
 This function calls:
		Nothing
 This function is called by:
		i2_LCD_Puts
 This function uses a non-reentrant model


 *************** function i2___ftmul *****************
 Defined at:
		line 52 in file "C:\Program Files (x86)\Microchip\xc8\v1.12\sources\ftmul.c"
 Parameters:    Size  Location     Type
  __ftmul         3   52[COMRAM] float 
  __ftmul         3   55[COMRAM] float 
 Auto vars:     Size  Location     Type
  __ftmul         3   64[COMRAM] unsigned um
  __ftmul         1   68[COMRAM] unsigned char 
  __ftmul         1   67[COMRAM] unsigned char 
  __ftmul         1   63[COMRAM] unsigned char 
 Return value:  Size  Location     Type
                  3   52[COMRAM] float 
 Registers used:
		wreg, status,2, status,0, cstack
 Tracked objects:
		On entry : 
		On exit  : 
		Unchanged: 
 Data sizes:     COMRAM   BANK0   BANK1   BANK2   BANK3   BANK4   BANK5   BANK6   BANK7   BANK8   BANK9  BANK10  BANK11  BANK12  BANK13  BANK14  BANK15
      Params:         6       0       0       0       0       0       0       0       0       0       0       0       0       0       0       0       0
      Locals:         6       0       0       0       0       0       0       0       0       0       0       0       0       0       0       0       0
      Temps:          5       0       0       0       0       0       0       0       0       0       0       0       0       0       0       0       0
      Totals:        17       0       0       0       0       0       0       0       0       0       0       0       0       0       0       0       0
Total ram usage:       17 bytes
 Hardware stack levels used:    1
 Hardware stack levels required when called:    1
 This function calls:
		i2___ftpack
 This function is called by:
		i2_PWM_Duty
 This function uses a non-reentrant model


 *************** function i2___fttol *****************
 Defined at:
		line 45 in file "C:\Program Files (x86)\Microchip\xc8\v1.12\sources\fttol.c"
 Parameters:    Size  Location     Type
  __fttol         3   15[COMRAM] float 
 Auto vars:     Size  Location     Type
  __fttol         4   25[COMRAM] unsigned long 
  __fttol         1   29[COMRAM] unsigned char 
  __fttol         1   24[COMRAM] unsigned char 
 Return value:  Size  Location     Type
                  4   15[COMRAM] long 
 Registers used:
		wreg, status,2, status,0
 Tracked objects:
		On entry : 
		On exit  : 
		Unchanged: 
 Data sizes:     COMRAM   BANK0   BANK1   BANK2   BANK3   BANK4   BANK5   BANK6   BANK7   BANK8   BANK9  BANK10  BANK11  BANK12  BANK13  BANK14  BANK15
      Params:         4       0       0       0       0       0       0       0       0       0       0       0       0       0       0       0       0
      Locals:         6       0       0       0       0       0       0       0       0       0       0       0       0       0       0       0       0
      Temps:          5       0       0       0       0       0       0       0       0       0       0       0       0       0       0       0       0
      Totals:        15       0       0       0       0       0       0       0       0       0       0       0       0       0       0       0       0
Total ram usage:       15 bytes
 Hardware stack levels used:    1
 This function calls:
		Nothing
 This function is called by:
		i2_PWM_Duty
 This function uses a non-reentrant model


 *************** function i2___lwtoft *****************
 Defined at:
		line 29 in file "C:\Program Files (x86)\Microchip\xc8\v1.12\sources\lwtoft.c"
 Parameters:    Size  Location     Type
  __lwtoft        2   30[COMRAM] unsigned int 
 Auto vars:     Size  Location     Type
		None
 Return value:  Size  Location     Type
                  3   30[COMRAM] float 
 Registers used:
		wreg, status,2, status,0, cstack
 Tracked objects:
		On entry : 
		On exit  : 
		Unchanged: 
 Data sizes:     COMRAM   BANK0   BANK1   BANK2   BANK3   BANK4   BANK5   BANK6   BANK7   BANK8   BANK9  BANK10  BANK11  BANK12  BANK13  BANK14  BANK15
      Params:         3       0       0       0       0       0       0       0       0       0       0       0       0       0       0       0       0
      Locals:         0       0       0       0       0       0       0       0       0       0       0       0       0       0       0       0       0
      Temps:          2       0       0       0       0       0       0       0       0       0       0       0       0       0       0       0       0
      Totals:         5       0       0       0       0       0       0       0       0       0       0       0       0       0       0       0       0
Total ram usage:        5 bytes
 Hardware stack levels used:    1
 Hardware stack levels required when called:    1
 This function calls:
		i2___ftpack
 This function is called by:
		i2_PWM_Duty
 This function uses a non-reentrant model


 *************** function i2___ftpack *****************
 Defined at:
		line 63 in file "C:\Program Files (x86)\Microchip\xc8\v1.12\sources\float.c"
 Parameters:    Size  Location     Type
  __ftpack        3    0[COMRAM] unsigned um
  __ftpack        1    3[COMRAM] unsigned char 
  __ftpack        1    4[COMRAM] unsigned char 
 Auto vars:     Size  Location     Type
		None
 Return value:  Size  Location     Type
                  3    0[COMRAM] float 
 Registers used:
		wreg, status,2, status,0
 Tracked objects:
		On entry : 
		On exit  : 
		Unchanged: 
 Data sizes:     COMRAM   BANK0   BANK1   BANK2   BANK3   BANK4   BANK5   BANK6   BANK7   BANK8   BANK9  BANK10  BANK11  BANK12  BANK13  BANK14  BANK15
      Params:         5       0       0       0       0       0       0       0       0       0       0       0       0       0       0       0       0
      Locals:         0       0       0       0       0       0       0       0       0       0       0       0       0       0       0       0       0
      Temps:          3       0       0       0       0       0       0       0       0       0       0       0       0       0       0       0       0
      Totals:         8       0       0       0       0       0       0       0       0       0       0       0       0       0       0       0       0
Total ram usage:        8 bytes
 Hardware stack levels used:    1
 This function calls:
		Nothing
 This function is called by:
		i2___altoft
		i2___ftdiv
		i2___ftmul
		i2___lwtoft
 This function uses a non-reentrant model



MODULE INFORMATION

Module		Function		Class		Link	Load	Size
C:\Program Files (x86)\Microchip\xc8\v1.12\sources\lmul.c
		___lmul        		CODE           	3D16	0000	168

C:\Program Files (x86)\Microchip\xc8\v1.12\sources\lmul.c estimated size: 168

C:\Program Files (x86)\Microchip\xc8\v1.12\sources\frexp.c
		_frexp         		CODE           	3BB8	0000	176

C:\Program Files (x86)\Microchip\xc8\v1.12\sources\frexp.c estimated size: 176

C:\Program Files (x86)\Microchip\xc8\v1.12\sources\doprnt.c
		_sprintf       		CODE           	170A	0000	1044

C:\Program Files (x86)\Microchip\xc8\v1.12\sources\doprnt.c estimated size: 1044

C:\Program Files (x86)\Microchip\xc8\v1.12\sources\trunc.c
		_trunc         		CODE           	3B04	0000	180

C:\Program Files (x86)\Microchip\xc8\v1.12\sources\trunc.c estimated size: 180

C:\Program Files (x86)\Microchip\xc8\v1.12\sources\aldiv.c
		___aldiv       		CODE           	26E0	0000	472

C:\Program Files (x86)\Microchip\xc8\v1.12\sources\aldiv.c estimated size: 472

C:\Program Files (x86)\Microchip\xc8\v1.12\sources\altoft.c
		___altoft      		CODE           	3890	0000	234

C:\Program Files (x86)\Microchip\xc8\v1.12\sources\altoft.c estimated size: 234

C:\Program Files (x86)\Microchip\xc8\v1.12\sources\ftdiv.c
		___ftdiv       		CODE           	2306	0000	502

C:\Program Files (x86)\Microchip\xc8\v1.12\sources\ftdiv.c estimated size: 502

../common/asftadd.c
		___asftadd     		CODE           	45F6	0000	70

../common/asftadd.c estimated size: 70

C:\Program Files (x86)\Microchip\xc8\v1.12\sources\lldiv.c
		___lldiv       		CODE           	327E	0000	288

C:\Program Files (x86)\Microchip\xc8\v1.12\sources\lldiv.c estimated size: 288

C:\Program Files (x86)\Microchip\xc8\v1.12\sources\awtoft.c
		___awtoft      		CODE           	41B4	0000	124

C:\Program Files (x86)\Microchip\xc8\v1.12\sources\awtoft.c estimated size: 124

C:\Program Files (x86)\Microchip\xc8\v1.12\sources\ftneg.c
		___ftneg       		CODE           	463C	0000	62

C:\Program Files (x86)\Microchip\xc8\v1.12\sources\ftneg.c estimated size: 62

shared
		i2_DelayLCDShor		CODE           	4760	0000	8
		__stringdata   		SMALLCONST     	1016	0000	141
		i2_LCD_Puts    		CODE           	3E5E	0000	156
		i2___ftdiv     		CODE           	339E	0000	286
		i2___fttol     		CODE           	314E	0000	304
		_moninit       		SMALLCONST     	0000	0000	4108
		_dpowers       		SMALLCONST     	100C	0000	10
		i2___lwtoft    		CODE           	46B0	0000	46
		i2_PWM_Duty    		CODE           	35C0	0000	246
		i2___ftmul     		CODE           	2EDE	0000	318
		i2___ftpack    		CODE           	36B6	0000	238
		__initializatio		CODE           	437C	0000	96
		i2___aldiv     		CODE           	34BC	0000	260
		i2___altoft    		CODE           	3F8E	0000	148
		i2_DisplayOnLcd		CODE           	43E2	0000	100

shared estimated size: 6465

C:\Program Files (x86)\Microchip\xc8\v1.12\sources\ftmul.c
		___ftmul       		CODE           	1ED6	0000	554

C:\Program Files (x86)\Microchip\xc8\v1.12\sources\ftmul.c estimated size: 554

C:\Program Files (x86)\Microchip\xc8\v1.12\sources\fttol.c
		___fttol       		CODE           	24FC	0000	484

C:\Program Files (x86)\Microchip\xc8\v1.12\sources\fttol.c estimated size: 484

C:\Program Files (x86)\Microchip\xc8\v1.12\sources\lwtoft.c
		___lwtoft      		CODE           	4560	0000	76

C:\Program Files (x86)\Microchip\xc8\v1.12\sources\lwtoft.c estimated size: 76

main.c
		_loop          		CODE           	10A4	0000	1638
		_main          		CODE           	467A	0000	54
		_setup         		CODE           	4022	0000	144

main.c estimated size: 1836

C:\Program Files (x86)\Microchip\xc8\v1.12\sources\wmul.c
		___wmul        		CODE           	4314	0000	104

C:\Program Files (x86)\Microchip\xc8\v1.12\sources\wmul.c estimated size: 104

C:\Program Files (x86)\Microchip\xc8\v1.12\sources\round.c
		_round         		CODE           	3EFA	0000	148

C:\Program Files (x86)\Microchip\xc8\v1.12\sources\round.c estimated size: 148

C:\Program Files (x86)\Microchip\xc8\v1.12\sources\isdigit.c
		_isdigit       		CODE           	45AC	0000	74

C:\Program Files (x86)\Microchip\xc8\v1.12\sources\isdigit.c estimated size: 74

utils.c
		_PWM_Duty      		CODE           	301C	0000	306
		_LCD_Init      		CODE           	2D76	0000	360
		_clavier_read  		CODE           	44A8	0000	94
		_Timer_Init    		CODE           	474E	0000	10
		_DelayLCDShort 		CODE           	4758	0000	8
		_LCD_Puts      		CODE           	397A	0000	202
		_CLAVIER_GetPre		CODE           	4446	0000	98
		_UART_Putc     		CODE           	4732	0000	16
		_UART_Puts     		CODE           	4134	0000	128
		_Interrupt_Init		CODE           	4722	0000	16
		_interruption  		CODE           	0008	0000	562
		_DisplayOnLcdPo		CODE           	4230	0000	118
		_ADC_Read      		CODE           	28B8	0000	442
		_Ports_Init    		CODE           	42A6	0000	110
		_PWM_Init      		CODE           	40B2	0000	130
		_time_display  		CODE           	2100	0000	518

utils.c estimated size: 3118

C:\Program Files (x86)\Microchip\xc8\v1.12\sources\lwmod.c
		___lwmod       		CODE           	3DBE	0000	160

C:\Program Files (x86)\Microchip\xc8\v1.12\sources\lwmod.c estimated size: 160

C:\Program Files (x86)\Microchip\xc8\v1.12\sources\ftadd.c
		___ftadd       		CODE           	1B1E	0000	952

C:\Program Files (x86)\Microchip\xc8\v1.12\sources\ftadd.c estimated size: 952

C:\Program Files (x86)\Microchip\xc8\v1.12\sources\itoa.c
		_itoa          		CODE           	4506	0000	90
		_utoa          		CODE           	37A4	0000	236

C:\Program Files (x86)\Microchip\xc8\v1.12\sources\itoa.c estimated size: 326

C:\Program Files (x86)\Microchip\xc8\v1.12\sources\lwdiv.c
		___lwdiv       		CODE           	3A44	0000	192

C:\Program Files (x86)\Microchip\xc8\v1.12\sources\lwdiv.c estimated size: 192

C:\Program Files (x86)\Microchip\xc8\v1.12\sources\float.c
		___ftpack      		CODE           	2A72	0000	396

C:\Program Files (x86)\Microchip\xc8\v1.12\sources\float.c estimated size: 396

mcc_generated_files/rtcc.c
		_ConvertBCDToHe		CODE           	46DE	0000	44
		_RTCC_Initializ		CODE           	3C68	0000	174
		_RTCCTimeInitia		CODE           	4768	0000	6
		_RTCC_TimeGet  		CODE           	2BFE	0000	376

mcc_generated_files/rtcc.c estimated size: 600

